ASxxxx Linker V03.00 + NoICE + sdld,  page 1.
Hexadecimal  [32-Bits]

Area                                    Addr        Size        Decimal Bytes (Attributes)
--------------------------------        ----        ----        ------- ----- ------------
.  .ABS.                            00000000    00000000 =           0. bytes (ABS,CON)

      Value  Global                              Global Defined In Module
      -----  --------------------------------   ------------------------
     FFFFFFFF  s_SSEG                          
     00000000  .__.ABS.                           timer16
     00000000  __flag                             timer16
     00000000  l_CABS                          
     00000000  l_CONST                         
     00000000  l_DABS                          
     00000000  l_HEADER                        
     00000000  l_OSEG                          
     00000000  l_PREG                          
     00000000  l_RSEG                          
     00000000  l__CODE                         
     00000000  s_CABS                          
     00000000  s_DABS                          
     00000000  s_HEADER                        
     00000000  s_HEADER1                       
     00000000  s_HEADER3                       
     00000000  s_PREG                          
     00000000  s_PREG2                         
     00000000  s_RSEG                          
     00000000  s_RSEG0                         
     00000000  s__CODE                         
     00000001  l_SSEG                          
     00000002  __sp                               timer16
     00000002  l_GSFINAL                       
     00000002  l_HEADER1                       
     00000002  l_HOME                          
     00000002  l_PREG2                         
     00000002  l_RSEG0                         
     00000002  s_DATA                          
     00000003  __clkmd                            timer16
     00000004  __inten                            timer16
     00000005  __intrq                            timer16
     00000006  __t16m                             timer16
     00000007  l_DATA                          
     00000009  s_OSEG                          
     0000000A  __eoscr                            timer16
     0000000B  __ihrcr                            timer16
     0000000C  __integs                           timer16
     0000000D  __padier                           timer16
     0000000E  __pbdier                           timer16
     0000000F  __pcdier                           timer16
     00000010  __pa                               timer16
     00000010  l_HEADER3                       
     00000011  __pac                              timer16
     00000012  __paph                             timer16
     00000013  __pb                               timer16
     00000014  __pbc                              timer16
     00000014  l_GSINIT                        
     00000015  __pbph                             timer16
     00000016  __pc                               timer16
ASxxxx Linker V03.00 + NoICE + sdld,  page 2.
Hexadecimal  [32-Bits]

Area                                    Addr        Size        Decimal Bytes (Attributes)
--------------------------------        ----        ----        ------- ----- ------------
.  .ABS.                            00000000    00000000 =           0. bytes (ABS,CON)

      Value  Global                              Global Defined In Module
      -----  --------------------------------   ------------------------
     00000017  __pcc                              timer16
     00000018  __pcph                             timer16
     00000019  __pbpl                             timer16
     0000001A  __pcpl                             timer16
     00000020  __adcc                             timer16
     00000021  __adcm                             timer16
     00000022  __adcr                             timer16
     00000022  s_HOME                          
     00000024  __adcrgc                           timer16
     00000024  s_GSINIT                        
     00000026  __misc                             timer16
     00000027  __misc2                            timer16
     00000028  __misclvr                          timer16
     0000002B  __gpcc                             timer16
     0000002C  __gpcs                             timer16
     00000030  __tm2c                             timer16
     00000031  __tm2ct                            timer16
     00000032  __tm2s                             timer16
     00000033  __tm2b                             timer16
     00000034  __tm3c                             timer16
     00000035  __tm3ct                            timer16
     00000036  __tm3s                             timer16
     00000037  __tm3b                             timer16
     00000038  s_GSFINAL                       
     0000003A  s_CODE                          
     00000040  __pwmg0c                           timer16
     00000041  __pwmgclk                          timer16
     00000042  __pwmg0dth                         timer16
     00000043  __pwmg0dtl                         timer16
     00000044  __pwmgcubh                         timer16
     00000045  __pwmgcubl                         timer16
     00000046  __pwmg1c                           timer16
     00000048  __pwmg1dth                         timer16
     00000049  __pwmg1dtl                         timer16
     0000004C  __pwmg2c                           timer16
     0000004E  __pwmg2dth                         timer16
     0000004F  __pwmg2dtl                         timer16
     00000062  __ilrcr                            timer16
     00000063  __bgtr                             timer16
     00000067  __rop                              timer16
     00000072  l_CODE                          
     000000AC  s_CONST                         

ASxxxx Linker V03.00 + NoICE + sdld,  page 3.
Hexadecimal  [32-Bits]

Area                                    Addr        Size        Decimal Bytes (Attributes)
--------------------------------        ----        ----        ------- ----- ------------
DATA                                00000002    00000007 =           7. bytes (REL,CON)

      Value  Global                              Global Defined In Module
      -----  --------------------------------   ------------------------
     00000002  __delay_loop_8_PARM_1              timer16
     00000003  __delay_loop_16_PARM_1             timer16
     00000005  __delay_loop_32_PARM_1             timer16
ASxxxx Linker V03.00 + NoICE + sdld,  page 4.
Hexadecimal  [32-Bits]

Area                                    Addr        Size        Decimal Bytes (Attributes)
--------------------------------        ----        ----        ------- ----- ------------
RSEG0                               00000000    00000002 =           2. bytes (ABS,CON)

      Value  Global                              Global Defined In Module
      -----  --------------------------------   ------------------------
     00000000  __t16c                             timer16

ASxxxx Linker V03.00 + NoICE + sdld,  page 5.
Hexadecimal  [32-Bits]

Area                                    Addr        Size        Decimal Bytes (Attributes)
--------------------------------        ----        ----        ------- ----- ------------
SSEG                                FFFFFFFF    00000001 =           1. bytes (REL,CON)

      Value  Global                              Global Defined In Module
      -----  --------------------------------   ------------------------
ASxxxx Linker V03.00 + NoICE + sdld,  page 6.
Hexadecimal  [32-Bits]

Area                                    Addr        Size        Decimal Bytes (Attributes)
--------------------------------        ----        ----        ------- ----- ------------
HOME                                00000022    00000002 =           2. bytes (REL,CON)

      Value  Global                              Global Defined In Module
      -----  --------------------------------   ------------------------
ASxxxx Linker V03.00 + NoICE + sdld,  page 7.
Hexadecimal  [32-Bits]

Area                                    Addr        Size        Decimal Bytes (Attributes)
--------------------------------        ----        ----        ------- ----- ------------
HEADER1                             00000000    00000002 =           2. bytes (ABS,CON)

      Value  Global                              Global Defined In Module
      -----  --------------------------------   ------------------------
ASxxxx Linker V03.00 + NoICE + sdld,  page 8.
Hexadecimal  [32-Bits]

Area                                    Addr        Size        Decimal Bytes (Attributes)
--------------------------------        ----        ----        ------- ----- ------------
GSINIT                              00000024    00000014 =          20. bytes (REL,CON)

      Value  Global                              Global Defined In Module
      -----  --------------------------------   ------------------------
ASxxxx Linker V03.00 + NoICE + sdld,  page 9.
Hexadecimal  [32-Bits]

Area                                    Addr        Size        Decimal Bytes (Attributes)
--------------------------------        ----        ----        ------- ----- ------------
GSFINAL                             00000038    00000002 =           2. bytes (REL,CON)

      Value  Global                              Global Defined In Module
      -----  --------------------------------   ------------------------
ASxxxx Linker V03.00 + NoICE + sdld,  page 10.
Hexadecimal  [32-Bits]

Area                                    Addr        Size        Decimal Bytes (Attributes)
--------------------------------        ----        ----        ------- ----- ------------
PREG2                               00000000    00000002 =           2. bytes (ABS,CON)

      Value  Global                              Global Defined In Module
      -----  --------------------------------   ------------------------
     00000000  p                                  timer16

ASxxxx Linker V03.00 + NoICE + sdld,  page 11.
Hexadecimal  [32-Bits]

Area                                    Addr        Size        Decimal Bytes (Attributes)
--------------------------------        ----        ----        ------- ----- ------------
HEADER3                             00000000    00000010 =          16. bytes (ABS,CON)

      Value  Global                              Global Defined In Module
      -----  --------------------------------   ------------------------
ASxxxx Linker V03.00 + NoICE + sdld,  page 12.
Hexadecimal  [32-Bits]

Area                                    Addr        Size        Decimal Bytes (Attributes)
--------------------------------        ----        ----        ------- ----- ------------
CODE                                0000003A    00000072 =         114. bytes (REL,CON)

      Value  Global                              Global Defined In Module
      -----  --------------------------------   ------------------------
     0000003A  __delay_loop_8                     timer16
     00000040  __delay_loop_16                    timer16
     00000050  __delay_loop_32                    timer16
     00000068  __sdcc_external_startup            timer16
     00000082  _main                              timer16

ASxxxx Linker V03.00 + NoICE + sdld,  page 13.

Files Linked                              [ module(s) ]

timer16.rel                               [ timer16 ]

ASxxxx Linker V03.00 + NoICE + sdld,  page 14.

User Base Address Definitions

HOME = 0x0022
DATA = 0x0002
SSEG = 0xffffffff

