ASxxxx Linker V03.00 + NoICE + sdld,  page 1.
Hexadecimal  [32-Bits]

Area                                    Addr        Size        Decimal Bytes (Attributes)
--------------------------------        ----        ----        ------- ----- ------------
.  .ABS.                            00000000    00000000 =           0. bytes (ABS,CON)

      Value  Global                              Global Defined In Module
      -----  --------------------------------   ------------------------
     00000000  .__.ABS.                           __gptrget
     00000000  __flag                             pfs173_uart_TIM
     00000000  l_CABS                          
     00000000  l_DABS                          
     00000000  l_HEADER                        
     00000000  l_OSEG                          
     00000000  l_PREG                          
     00000000  l_RSEG                          
     00000000  l__CODE                         
     00000000  s_CABS                          
     00000000  s_DABS                          
     00000000  s_HEADER                        
     00000000  s_HEADER1                       
     00000000  s_HEADER3                       
     00000000  s_PREG                          
     00000000  s_PREG2                         
     00000000  s_RSEG                          
     00000000  s_RSEG0                         
     00000000  s__CODE                         
     00000001  l_SSEG                          
     00000002  __sp                               pfs173_uart_TIM
     00000002  l_GSFINAL                       
     00000002  l_HEADER1                       
     00000002  l_HOME                          
     00000002  l_PREG2                         
     00000002  l_RSEG0                         
     00000002  s_DATA                          
     00000003  __clkmd                            pfs173_uart_TIM
     00000004  __inten                            pfs173_uart_TIM
     00000005  __intrq                            pfs173_uart_TIM
     00000006  __t16m                             pfs173_uart_TIM
     0000000A  __eoscr                            pfs173_uart_TIM
     0000000B  __ihrcr                            pfs173_uart_TIM
     0000000C  __integs                           pfs173_uart_TIM
     0000000D  __padier                           pfs173_uart_TIM
     0000000E  __pbdier                           pfs173_uart_TIM
     0000000F  __pcdier                           pfs173_uart_TIM
     00000010  __pa                               pfs173_uart_TIM
     00000010  l_HEADER3                       
     00000011  __pac                              pfs173_uart_TIM
     00000012  __paph                             pfs173_uart_TIM
     00000013  __pb                               pfs173_uart_TIM
     00000014  __pbc                              pfs173_uart_TIM
     00000015  __pbph                             pfs173_uart_TIM
     00000016  __pc                               pfs173_uart_TIM
     00000017  __pcc                              pfs173_uart_TIM
     00000018  __pcph                             pfs173_uart_TIM
     00000018  l_DATA                          
     00000019  __pbpl                             pfs173_uart_TIM
     0000001A  __pcpl                             pfs173_uart_TIM
ASxxxx Linker V03.00 + NoICE + sdld,  page 2.
Hexadecimal  [32-Bits]

Area                                    Addr        Size        Decimal Bytes (Attributes)
--------------------------------        ----        ----        ------- ----- ------------
.  .ABS.                            00000000    00000000 =           0. bytes (ABS,CON)

      Value  Global                              Global Defined In Module
      -----  --------------------------------   ------------------------
     0000001A  s_OSEG                          
     0000001A  s_SSEG                          
     00000020  __adcc                             pfs173_uart_TIM
     00000021  __adcm                             pfs173_uart_TIM
     00000022  __adcr                             pfs173_uart_TIM
     00000022  l_GSINIT                        
     00000022  s_HOME                          
     00000024  __adcrgc                           pfs173_uart_TIM
     00000024  s_GSINIT                        
     00000026  __misc                             pfs173_uart_TIM
     00000027  __misc2                            pfs173_uart_TIM
     00000028  __misclvr                          pfs173_uart_TIM
     0000002B  __gpcc                             pfs173_uart_TIM
     0000002C  __gpcs                             pfs173_uart_TIM
     00000030  __tm2c                             pfs173_uart_TIM
     00000031  __tm2ct                            pfs173_uart_TIM
     00000032  __tm2s                             pfs173_uart_TIM
     00000033  __tm2b                             pfs173_uart_TIM
     00000034  __tm3c                             pfs173_uart_TIM
     00000035  __tm3ct                            pfs173_uart_TIM
     00000036  __tm3s                             pfs173_uart_TIM
     00000037  __tm3b                             pfs173_uart_TIM
     00000040  __pwmg0c                           pfs173_uart_TIM
     00000041  __pwmgclk                          pfs173_uart_TIM
     00000042  __pwmg0dth                         pfs173_uart_TIM
     00000043  __pwmg0dtl                         pfs173_uart_TIM
     00000044  __pwmgcubh                         pfs173_uart_TIM
     00000045  __pwmgcubl                         pfs173_uart_TIM
     00000046  __pwmg1c                           pfs173_uart_TIM
     00000046  s_GSFINAL                       
     00000048  __pwmg1dth                         pfs173_uart_TIM
     00000048  s_CODE                          
     00000049  __pwmg1dtl                         pfs173_uart_TIM
     0000004C  __pwmg2c                           pfs173_uart_TIM
     0000004E  __pwmg2dth                         pfs173_uart_TIM
     0000004E  l_CONST                         
     0000004F  __pwmg2dtl                         pfs173_uart_TIM
     00000062  __ilrcr                            pfs173_uart_TIM
     00000063  __bgtr                             pfs173_uart_TIM
     00000067  __rop                              pfs173_uart_TIM
     000001D4  l_CODE                          
     0000021C  s_CONST                         

ASxxxx Linker V03.00 + NoICE + sdld,  page 3.
Hexadecimal  [32-Bits]

Area                                    Addr        Size        Decimal Bytes (Attributes)
--------------------------------        ----        ----        ------- ----- ------------
DATA                                00000002    00000018 =          24. bytes (REL,CON)

      Value  Global                              Global Defined In Module
      -----  --------------------------------   ------------------------
     00000002  __delay_loop_8_PARM_1              pfs173_uart_TIM
     00000003  __delay_loop_16_PARM_1             pfs173_uart_TIM
     00000005  __delay_loop_32_PARM_1             pfs173_uart_TIM
     00000009  _counter                           pfs173_uart_TIM
     0000000A  _counter2                          pfs173_uart_TIM
     0000000B  _bit_out                           pfs173_uart_TIM
     0000000C  _state                             pfs173_uart_TIM
     0000000D  _last_bit_sent                     pfs173_uart_TIM
     0000000E  _TX_data                           pfs173_uart_TIM
     0000000F  _RX_data                           pfs173_uart_TIM
     00000010  _SW_UART_TX_BUFFER_FULL            pfs173_uart_TIM
     00000011  _SW_UART_RX_BUFFER_FULL            pfs173_uart_TIM
     00000012  _SW_UART_RX_BUFFER_OVERFLOW        pfs173_uart_TIM
     00000013  _SW_UART_FRAME_ERROR               pfs173_uart_TIM
     00000014  _SW_UART_status                    pfs173_uart_TIM
     00000015  _SW_UART_Transmit_PARM_1           pfs173_uart_TIM
     00000016  _print_string_PARM_1               pfs173_uart_TIM

ASxxxx Linker V03.00 + NoICE + sdld,  page 4.
Hexadecimal  [32-Bits]

Area                                    Addr        Size        Decimal Bytes (Attributes)
--------------------------------        ----        ----        ------- ----- ------------
RSEG0                               00000000    00000002 =           2. bytes (ABS,CON)

      Value  Global                              Global Defined In Module
      -----  --------------------------------   ------------------------
     00000000  __t16c                             pfs173_uart_TIM

ASxxxx Linker V03.00 + NoICE + sdld,  page 5.
Hexadecimal  [32-Bits]

Area                                    Addr        Size        Decimal Bytes (Attributes)
--------------------------------        ----        ----        ------- ----- ------------
SSEG                                0000001A    00000001 =           1. bytes (REL,CON)

      Value  Global                              Global Defined In Module
      -----  --------------------------------   ------------------------
ASxxxx Linker V03.00 + NoICE + sdld,  page 6.
Hexadecimal  [32-Bits]

Area                                    Addr        Size        Decimal Bytes (Attributes)
--------------------------------        ----        ----        ------- ----- ------------
HOME                                00000022    00000002 =           2. bytes (REL,CON)

      Value  Global                              Global Defined In Module
      -----  --------------------------------   ------------------------
ASxxxx Linker V03.00 + NoICE + sdld,  page 7.
Hexadecimal  [32-Bits]

Area                                    Addr        Size        Decimal Bytes (Attributes)
--------------------------------        ----        ----        ------- ----- ------------
HEADER1                             00000000    00000002 =           2. bytes (ABS,CON)

      Value  Global                              Global Defined In Module
      -----  --------------------------------   ------------------------
ASxxxx Linker V03.00 + NoICE + sdld,  page 8.
Hexadecimal  [32-Bits]

Area                                    Addr        Size        Decimal Bytes (Attributes)
--------------------------------        ----        ----        ------- ----- ------------
GSINIT                              00000024    00000022 =          34. bytes (REL,CON)

      Value  Global                              Global Defined In Module
      -----  --------------------------------   ------------------------
ASxxxx Linker V03.00 + NoICE + sdld,  page 9.
Hexadecimal  [32-Bits]

Area                                    Addr        Size        Decimal Bytes (Attributes)
--------------------------------        ----        ----        ------- ----- ------------
GSFINAL                             00000046    00000002 =           2. bytes (REL,CON)

      Value  Global                              Global Defined In Module
      -----  --------------------------------   ------------------------
ASxxxx Linker V03.00 + NoICE + sdld,  page 10.
Hexadecimal  [32-Bits]

Area                                    Addr        Size        Decimal Bytes (Attributes)
--------------------------------        ----        ----        ------- ----- ------------
PREG2                               00000000    00000002 =           2. bytes (ABS,CON)

      Value  Global                              Global Defined In Module
      -----  --------------------------------   ------------------------
     00000000  p                                  pfs173_uart_TIM

ASxxxx Linker V03.00 + NoICE + sdld,  page 11.
Hexadecimal  [32-Bits]

Area                                    Addr        Size        Decimal Bytes (Attributes)
--------------------------------        ----        ----        ------- ----- ------------
HEADER3                             00000000    00000010 =          16. bytes (ABS,CON)

      Value  Global                              Global Defined In Module
      -----  --------------------------------   ------------------------
ASxxxx Linker V03.00 + NoICE + sdld,  page 12.
Hexadecimal  [32-Bits]

Area                                    Addr        Size        Decimal Bytes (Attributes)
--------------------------------        ----        ----        ------- ----- ------------
CODE                                00000048    000001D4 =         468. bytes (REL,CON)

      Value  Global                              Global Defined In Module
      -----  --------------------------------   ------------------------
     00000048  __delay_loop_8                     pfs173_uart_TIM
     0000004E  __delay_loop_16                    pfs173_uart_TIM
     0000005E  __delay_loop_32                    pfs173_uart_TIM
     00000076  _SW_UART_Enable                    pfs173_uart_TIM
     0000009A  _SW_UART_Transmit                  pfs173_uart_TIM
     000000B6  _print_string                      pfs173_uart_TIM
     000000E2  _main                              pfs173_uart_TIM
     0000013E  _interrupt                         pfs173_uart_TIM
     000001E6  __sdcc_external_startup            pfs173_uart_TIM
     00000204  __gptrget                          __gptrget

ASxxxx Linker V03.00 + NoICE + sdld,  page 13.
Hexadecimal  [32-Bits]

Area                                    Addr        Size        Decimal Bytes (Attributes)
--------------------------------        ----        ----        ------- ----- ------------
CONST                               0000021C    0000004E =          78. bytes (REL,CON)

      Value  Global                              Global Defined In Module
      -----  --------------------------------   ------------------------
ASxxxx Linker V03.00 + NoICE + sdld,  page 14.

Files Linked                              [ module(s) ]

pfs173_uart_TIM.rel                       [ pfs173_uart_TIM ]


Libraries Linked                          [ object file ]

C:\PROGRA~1\SDCC\bin\..\lib\pdk15/pdk15.lib
                                          [ __gptrget.rel ]

ASxxxx Linker V03.00 + NoICE + sdld,  page 15.

User Base Address Definitions

HOME = 0x0022
DATA = 0x0002

