ASxxxx Linker V03.00 + NoICE + sdld,  page 1.
Hexadecimal  [32-Bits]

Area                                    Addr        Size        Decimal Bytes (Attributes)
--------------------------------        ----        ----        ------- ----- ------------
.  .ABS.                            00000000    00000000 =           0. bytes (ABS,CON)

      Value  Global                              Global Defined In Module
      -----  --------------------------------   ------------------------
     FFFFFFFF  s_SSEG                          
     00000000  .__.ABS.                           __gptrget
     00000000  __flag                             pdk_i2c
     00000000  l_CABS                          
     00000000  l_DABS                          
     00000000  l_HEADER                        
     00000000  l_PREG                          
     00000000  l_RSEG                          
     00000000  l__CODE                         
     00000000  s_CABS                          
     00000000  s_DABS                          
     00000000  s_HEADER                        
     00000000  s_HEADER1                       
     00000000  s_HEADER3                       
     00000000  s_PREG                          
     00000000  s_PREG2                         
     00000000  s_RSEG                          
     00000000  s_RSEG0                         
     00000000  s__CODE                         
     00000001  l_SSEG                          
     00000002  __sp                               pdk_i2c
     00000002  l_GSFINAL                       
     00000002  l_HEADER1                       
     00000002  l_HOME                          
     00000002  l_PREG2                         
     00000002  s_DATA                          
     00000003  __clkmd                            pdk_i2c
     00000003  l_OSEG                          
     00000004  __inten                            pdk_i2c
     00000005  __intrq                            pdk_i2c
     00000006  __t16m                             pdk_i2c
     00000006  l_RSEG0                         
     0000000A  __eoscr                            pdk_i2c
     0000000B  __ihrcr                            pdk_i2c
     0000000C  __integs                           pdk_i2c
     0000000D  __padier                           pdk_i2c
     0000000E  __pbdier                           pdk_i2c
     0000000F  __pcdier                           pdk_i2c
     00000010  __pa                               pdk_i2c
     00000010  l_HEADER3                       
     00000011  __pac                              pdk_i2c
     00000012  __paph                             pdk_i2c
     00000012  l_CONST                         
     00000013  __pb                               pdk_i2c
     00000014  __pbc                              pdk_i2c
     00000015  __pbph                             pdk_i2c
     00000016  __pc                               pdk_i2c
     00000017  __pcc                              pdk_i2c
     00000018  __pcph                             pdk_i2c
     00000019  __pbpl                             pdk_i2c
ASxxxx Linker V03.00 + NoICE + sdld,  page 2.
Hexadecimal  [32-Bits]

Area                                    Addr        Size        Decimal Bytes (Attributes)
--------------------------------        ----        ----        ------- ----- ------------
.  .ABS.                            00000000    00000000 =           0. bytes (ABS,CON)

      Value  Global                              Global Defined In Module
      -----  --------------------------------   ------------------------
     0000001A  __pcpl                             pdk_i2c
     0000001E  l_GSINIT                        
     00000020  __adcc                             pdk_i2c
     00000021  __adcm                             pdk_i2c
     00000022  __adcr                             pdk_i2c
     00000022  s_HOME                          
     00000024  __adcrgc                           pdk_i2c
     00000024  s_GSINIT                        
     00000026  __misc                             pdk_i2c
     00000027  __misc2                            pdk_i2c
     00000028  __misclvr                          pdk_i2c
     0000002B  __gpcc                             pdk_i2c
     0000002C  __gpcs                             pdk_i2c
     00000030  __tm2c                             pdk_i2c
     00000031  __tm2ct                            pdk_i2c
     00000032  __tm2s                             pdk_i2c
     00000033  __tm2b                             pdk_i2c
     00000034  __tm3c                             pdk_i2c
     00000035  __tm3ct                            pdk_i2c
     00000036  __tm3s                             pdk_i2c
     00000037  __tm3b                             pdk_i2c
     00000040  __pwmg0c                           pdk_i2c
     00000041  __pwmgclk                          pdk_i2c
     00000042  __pwmg0dth                         pdk_i2c
     00000042  s_GSFINAL                       
     00000043  __pwmg0dtl                         pdk_i2c
     00000044  __pwmgcubh                         pdk_i2c
     00000044  s_CODE                          
     00000045  __pwmgcubl                         pdk_i2c
     00000046  __pwmg1c                           pdk_i2c
     00000048  __pwmg1dth                         pdk_i2c
     00000049  __pwmg1dtl                         pdk_i2c
     0000004C  __pwmg2c                           pdk_i2c
     0000004E  __pwmg2dth                         pdk_i2c
     0000004F  __pwmg2dtl                         pdk_i2c
     00000062  __ilrcr                            pdk_i2c
     00000063  __bgtr                             pdk_i2c
     00000067  __rop                              pdk_i2c
     000000AA  l_DATA                          
     000000AC  s_OSEG                          
     000008C6  l_CODE                          
     0000090A  s_CONST                         

ASxxxx Linker V03.00 + NoICE + sdld,  page 3.
Hexadecimal  [32-Bits]

Area                                    Addr        Size        Decimal Bytes (Attributes)
--------------------------------        ----        ----        ------- ----- ------------
DATA                                00000002    000000AA =         170. bytes (REL,CON)

      Value  Global                              Global Defined In Module
      -----  --------------------------------   ------------------------
     00000002  _i                                 pfs173_i2c
     00000003  _aaa                               pfs173_i2c
     00000004  _second                            pfs173_i2c
     00000005  _minute                            pfs173_i2c
     00000006  _hour                              pfs173_i2c
     00000007  _day2                              pfs173_i2c
     00000008  _wday                              pfs173_i2c
     00000009  _month                             pfs173_i2c
     0000000A  _year                              pfs173_i2c
     0000000C  _bcd2dec_PARM_1                    pfs173_i2c
     00000010  _dec2bcd_PARM_1                    pfs173_i2c
     00000014  _setTime_PARM_1                    pfs173_i2c
     00000015  _setTime_PARM_2                    pfs173_i2c
     00000016  _setTime_PARM_3                    pfs173_i2c
     00000017  _setTime_PARM_4                    pfs173_i2c
     00000018  _setTime_PARM_5                    pfs173_i2c
     00000019  _setTime_PARM_6                    pfs173_i2c
     0000001A  _setTime_PARM_7                    pfs173_i2c
     0000003B  _qin                               pdk_uart
     0000003C  _start_bit                         pdk_uart
     0000003D  _qout                              pdk_uart
     0000003E  _flag_rx_off                       pdk_uart
     0000003F  _flag_rx_ready                     pdk_uart
     00000040  _flag_tx_busy                      pdk_uart
     00000041  _bits_left_in_tx                   pdk_uart
     00000042  _internal_tx_buffer                pdk_uart
     00000044  _UART_putC_PARM_1                  pdk_uart
     00000045  _UART_print_PARM_1                 pdk_uart
     00000049  _UART_printNum_PARM_1              pdk_uart
     00000054  _rxBufferIndex                     pdk_i2c
     00000055  _rxBufferLength                    pdk_i2c
     00000056  _rxBuffer                          pdk_i2c
     00000066  _txBufferIndex                     pdk_i2c
     00000067  _txBufferLength                    pdk_i2c
     00000068  _txBuffer                          pdk_i2c
     00000078  _I2C_write_t_PARM_1                pdk_i2c
     0000007A  _I2C_read_t_PARM_1                 pdk_i2c
     0000007D  _I2C_beginTransmission_PARM_1      pdk_i2c
     0000007E  _I2C_write2_PARM_1                 pdk_i2c
     0000007F  _I2C_writeBuffer_PARM_1            pdk_i2c
     00000081  _I2C_writeBuffer_PARM_2            pdk_i2c
     00000084  _I2C_requestFrom_PARM_1            pdk_i2c
     00000085  _I2C_requestFrom_PARM_2            pdk_i2c
     0000008A  __delay_loop_8_PARM_1              delay
     0000008B  __delay_loop_16_PARM_1             delay
     0000008D  __delay_loop_32_PARM_1             delay
     00000091  __modsint_PARM_1                   _modsint
     00000093  __modsint_PARM_2                   _modsint
     0000009A  __moduint_PARM_1                   _moduint
     0000009C  __moduint_PARM_2                   _moduint
ASxxxx Linker V03.00 + NoICE + sdld,  page 4.
Hexadecimal  [32-Bits]

Area                                    Addr        Size        Decimal Bytes (Attributes)
--------------------------------        ----        ----        ------- ----- ------------
DATA                                00000002    000000AA =         170. bytes (REL,CON)

      Value  Global                              Global Defined In Module
      -----  --------------------------------   ------------------------
     0000009E  __divsint_PARM_1                   _divsint
     000000A0  __divsint_PARM_2                   _divsint
     000000A8  __divuint_PARM_1                   _divuint
     000000AA  __divuint_PARM_2                   _divuint
ASxxxx Linker V03.00 + NoICE + sdld,  page 5.
Hexadecimal  [32-Bits]

Area                                    Addr        Size        Decimal Bytes (Attributes)
--------------------------------        ----        ----        ------- ----- ------------
OSEG                                000000AC    00000003 =           3. bytes (REL,OVR)

      Value  Global                              Global Defined In Module
      -----  --------------------------------   ------------------------
ASxxxx Linker V03.00 + NoICE + sdld,  page 6.
Hexadecimal  [32-Bits]

Area                                    Addr        Size        Decimal Bytes (Attributes)
--------------------------------        ----        ----        ------- ----- ------------
RSEG0                               00000000    00000006 =           6. bytes (ABS,CON)

      Value  Global                              Global Defined In Module
      -----  --------------------------------   ------------------------
     00000004  __t16c                             pdk_i2c

ASxxxx Linker V03.00 + NoICE + sdld,  page 7.
Hexadecimal  [32-Bits]

Area                                    Addr        Size        Decimal Bytes (Attributes)
--------------------------------        ----        ----        ------- ----- ------------
SSEG                                FFFFFFFF    00000001 =           1. bytes (REL,CON)

      Value  Global                              Global Defined In Module
      -----  --------------------------------   ------------------------
ASxxxx Linker V03.00 + NoICE + sdld,  page 8.
Hexadecimal  [32-Bits]

Area                                    Addr        Size        Decimal Bytes (Attributes)
--------------------------------        ----        ----        ------- ----- ------------
HOME                                00000022    00000002 =           2. bytes (REL,CON)

      Value  Global                              Global Defined In Module
      -----  --------------------------------   ------------------------
ASxxxx Linker V03.00 + NoICE + sdld,  page 9.
Hexadecimal  [32-Bits]

Area                                    Addr        Size        Decimal Bytes (Attributes)
--------------------------------        ----        ----        ------- ----- ------------
HEADER1                             00000000    00000002 =           2. bytes (ABS,CON)

      Value  Global                              Global Defined In Module
      -----  --------------------------------   ------------------------
ASxxxx Linker V03.00 + NoICE + sdld,  page 10.
Hexadecimal  [32-Bits]

Area                                    Addr        Size        Decimal Bytes (Attributes)
--------------------------------        ----        ----        ------- ----- ------------
GSINIT                              00000024    0000001E =          30. bytes (REL,CON)

      Value  Global                              Global Defined In Module
      -----  --------------------------------   ------------------------
ASxxxx Linker V03.00 + NoICE + sdld,  page 11.
Hexadecimal  [32-Bits]

Area                                    Addr        Size        Decimal Bytes (Attributes)
--------------------------------        ----        ----        ------- ----- ------------
GSFINAL                             00000042    00000002 =           2. bytes (REL,CON)

      Value  Global                              Global Defined In Module
      -----  --------------------------------   ------------------------
ASxxxx Linker V03.00 + NoICE + sdld,  page 12.
Hexadecimal  [32-Bits]

Area                                    Addr        Size        Decimal Bytes (Attributes)
--------------------------------        ----        ----        ------- ----- ------------
PREG2                               00000000    00000002 =           2. bytes (ABS,CON)

      Value  Global                              Global Defined In Module
      -----  --------------------------------   ------------------------
     00000000  p                                  pfs173_i2c

ASxxxx Linker V03.00 + NoICE + sdld,  page 13.
Hexadecimal  [32-Bits]

Area                                    Addr        Size        Decimal Bytes (Attributes)
--------------------------------        ----        ----        ------- ----- ------------
HEADER3                             00000000    00000010 =          16. bytes (ABS,CON)

      Value  Global                              Global Defined In Module
      -----  --------------------------------   ------------------------
ASxxxx Linker V03.00 + NoICE + sdld,  page 14.
Hexadecimal  [32-Bits]

Area                                    Addr        Size        Decimal Bytes (Attributes)
--------------------------------        ----        ----        ------- ----- ------------
CODE                                00000044    000008C6 =        2246. bytes (REL,CON)

      Value  Global                              Global Defined In Module
      -----  --------------------------------   ------------------------
     00000044  __sdcc_external_startup            pfs173_i2c
     0000005E  _bcd2dec                           pfs173_i2c
     00000088  _dec2bcd                           pfs173_i2c
     000000BC  _readDS1307                        pfs173_i2c
     00000124  _digitalClockDisplay               pfs173_i2c
     00000194  _setTime                           pfs173_i2c
     000001E8  _main                              pfs173_i2c
     00000258  _interrupt                         pfs173_i2c
     0000027E  _UART_IO_config                    pdk_uart
     000002A2  _UART_begin                        pdk_uart
     000002B4  _UART_rx_on                        pdk_uart
     000002B8  _UART_rx_off                       pdk_uart
     000002BE  _UART_getchar                      pdk_uart
     000002DE  _UART_kbhit                        pdk_uart
     000002EE  _UART_flush_input_buffer           pdk_uart
     000002F4  _UART_transmit_busy                pdk_uart
     00000304  _UART_putC                         pdk_uart
     00000332  _UART_print                        pdk_uart
     0000035E  _UART_printNum                     pdk_uart
     00000492  _TIM2_interrupt                    pdk_uart
     0000052C  _PB5_interrupt                     pdk_uart
     00000540  _I2C_Ack                           pdk_i2c
     00000560  _I2C_NoAck                         pdk_i2c
     00000580  _I2C_start                         pdk_i2c
     0000059C  _I2C_stop                          pdk_i2c
     000005B8  _I2C_write_t                       pdk_i2c
     00000602  _I2C_read_t                        pdk_i2c
     00000650  _I2C_beginTransmission             pdk_i2c
     00000660  _I2C_write2                        pdk_i2c
     00000672  _I2C_writeBuffer                   pdk_i2c
     00000692  _I2C_endTransmission               pdk_i2c
     000006B0  _I2C_requestFrom                   pdk_i2c
     00000714  _I2C_read                          pdk_i2c
     00000730  __delay_loop_8                     delay
     00000736  __delay_loop_16                    delay
     00000746  __delay_loop_32                    delay
     0000075E  __modsint                          _modsint
     000007D0  __moduint                          _moduint
     0000082C  __divsint                          _divsint
     000008A6  __divuint                          _divuint
     000008F2  __gptrget                          __gptrget

ASxxxx Linker V03.00 + NoICE + sdld,  page 15.
Hexadecimal  [32-Bits]

Area                                    Addr        Size        Decimal Bytes (Attributes)
--------------------------------        ----        ----        ------- ----- ------------
CONST                               0000090A    00000012 =          18. bytes (REL,CON)

      Value  Global                              Global Defined In Module
      -----  --------------------------------   ------------------------
ASxxxx Linker V03.00 + NoICE + sdld,  page 16.

Files Linked                              [ module(s) ]

pfs173_i2c.rel                            [ pfs173_i2c ]
pdk_uart.rel                              [ pdk_uart ]
pdk_i2c.rel                               [ pdk_i2c ]
delay.rel                                 [ delay ]


Libraries Linked                          [ object file ]

c:\Program Files\SDCC\bin\..\lib\pdk15/pdk15.lib
                                          [ _modsint.rel ]
c:\Program Files\SDCC\bin\..\lib\pdk15/pdk15.lib
                                          [ _moduint.rel ]
c:\Program Files\SDCC\bin\..\lib\pdk15/pdk15.lib
                                          [ _divsint.rel ]
c:\Program Files\SDCC\bin\..\lib\pdk15/pdk15.lib
                                          [ _divuint.rel ]
c:\Program Files\SDCC\bin\..\lib\pdk15/pdk15.lib
                                          [ __gptrget.rel ]

ASxxxx Linker V03.00 + NoICE + sdld,  page 17.

User Base Address Definitions

HOME = 0x0022
DATA = 0x0002
SSEG = 0xffffffff

