                                      1 ;--------------------------------------------------------
                                      2 ; File Created by SDCC : free open source ANSI-C Compiler
                                      3 ; Version 4.0.0 #11528 (MINGW64)
                                      4 ;--------------------------------------------------------
                                      5 	.module pdk_i2c
                                      6 	.optsdcc -mpdk15
                                      7 	
                                      8 
                                      9 ; default segment ordering in RAM for linker
                                     10 	.area DATA
                                     11 	.area OSEG (OVR,DATA)
                                     12 
                                     13 ;--------------------------------------------------------
                                     14 ; Public variables in this module
                                     15 ;--------------------------------------------------------
                                     16 	.globl __delay_loop_8
                                     17 	.globl __t16c
                                     18 	.globl __rop
                                     19 	.globl __bgtr
                                     20 	.globl __ilrcr
                                     21 	.globl __pwmg2dtl
                                     22 	.globl __pwmg2dth
                                     23 	.globl __pwmg2c
                                     24 	.globl __pwmg1dtl
                                     25 	.globl __pwmg1dth
                                     26 	.globl __pwmg1c
                                     27 	.globl __pwmgcubl
                                     28 	.globl __pwmgcubh
                                     29 	.globl __pwmg0dtl
                                     30 	.globl __pwmg0dth
                                     31 	.globl __pwmgclk
                                     32 	.globl __pwmg0c
                                     33 	.globl __tm3b
                                     34 	.globl __tm3s
                                     35 	.globl __tm3ct
                                     36 	.globl __tm3c
                                     37 	.globl __tm2b
                                     38 	.globl __tm2s
                                     39 	.globl __tm2ct
                                     40 	.globl __tm2c
                                     41 	.globl __gpcs
                                     42 	.globl __gpcc
                                     43 	.globl __misclvr
                                     44 	.globl __misc2
                                     45 	.globl __misc
                                     46 	.globl __adcrgc
                                     47 	.globl __adcr
                                     48 	.globl __adcm
                                     49 	.globl __adcc
                                     50 	.globl __pcpl
                                     51 	.globl __pbpl
                                     52 	.globl __pcph
                                     53 	.globl __pcc
                                     54 	.globl __pc
                                     55 	.globl __pbph
                                     56 	.globl __pbc
                                     57 	.globl __pb
                                     58 	.globl __paph
                                     59 	.globl __pac
                                     60 	.globl __pa
                                     61 	.globl __pcdier
                                     62 	.globl __pbdier
                                     63 	.globl __padier
                                     64 	.globl __integs
                                     65 	.globl __ihrcr
                                     66 	.globl __eoscr
                                     67 	.globl __t16m
                                     68 	.globl __intrq
                                     69 	.globl __inten
                                     70 	.globl __clkmd
                                     71 	.globl __sp
                                     72 	.globl __flag
                                     73 	.globl _I2C_requestFrom_PARM_2
                                     74 	.globl _I2C_requestFrom_PARM_1
                                     75 	.globl _I2C_writeBuf_PARM_2
                                     76 	.globl _I2C_writeBuf_PARM_1
                                     77 	.globl _I2C_write_PARM_1
                                     78 	.globl _I2C_beginTransmission_PARM_1
                                     79 	.globl _I2C_read_t_PARM_1
                                     80 	.globl _I2C_write_t_PARM_1
                                     81 	.globl _txBuffer
                                     82 	.globl _txBufferLength
                                     83 	.globl _txBufferIndex
                                     84 	.globl _rxBuffer
                                     85 	.globl _rxBufferLength
                                     86 	.globl _rxBufferIndex
                                     87 	.globl _I2C_Ack
                                     88 	.globl _I2C_NoAck
                                     89 	.globl _I2C_start
                                     90 	.globl _I2C_stop
                                     91 	.globl _I2C_write_t
                                     92 	.globl _I2C_read_t
                                     93 	.globl _I2C_beginTransmission
                                     94 	.globl _I2C_write
                                     95 	.globl _I2C_writeBuf
                                     96 	.globl _I2C_endTransmission
                                     97 	.globl _I2C_requestFrom
                                     98 	.globl _I2C_read
                                     99 	.globl _I2C_available
                                    100 	.globl _I2C_begin
                                    101 ;--------------------------------------------------------
                                    102 ; special function registers
                                    103 ;--------------------------------------------------------
                                    104 	.area RSEG (ABS)
      000000                        105 	.org 0x0000
                           000000   106 __flag	=	0x0000
                           000002   107 __sp	=	0x0002
                           000003   108 __clkmd	=	0x0003
                           000004   109 __inten	=	0x0004
                           000005   110 __intrq	=	0x0005
                           000006   111 __t16m	=	0x0006
                           00000A   112 __eoscr	=	0x000a
                           00000B   113 __ihrcr	=	0x000b
                           00000C   114 __integs	=	0x000c
                           00000D   115 __padier	=	0x000d
                           00000E   116 __pbdier	=	0x000e
                           00000F   117 __pcdier	=	0x000f
                           000010   118 __pa	=	0x0010
                           000011   119 __pac	=	0x0011
                           000012   120 __paph	=	0x0012
                           000013   121 __pb	=	0x0013
                           000014   122 __pbc	=	0x0014
                           000015   123 __pbph	=	0x0015
                           000016   124 __pc	=	0x0016
                           000017   125 __pcc	=	0x0017
                           000018   126 __pcph	=	0x0018
                           000019   127 __pbpl	=	0x0019
                           00001A   128 __pcpl	=	0x001a
                           000020   129 __adcc	=	0x0020
                           000021   130 __adcm	=	0x0021
                           000022   131 __adcr	=	0x0022
                           000024   132 __adcrgc	=	0x0024
                           000026   133 __misc	=	0x0026
                           000027   134 __misc2	=	0x0027
                           000028   135 __misclvr	=	0x0028
                           00002B   136 __gpcc	=	0x002b
                           00002C   137 __gpcs	=	0x002c
                           000030   138 __tm2c	=	0x0030
                           000031   139 __tm2ct	=	0x0031
                           000032   140 __tm2s	=	0x0032
                           000033   141 __tm2b	=	0x0033
                           000034   142 __tm3c	=	0x0034
                           000035   143 __tm3ct	=	0x0035
                           000036   144 __tm3s	=	0x0036
                           000037   145 __tm3b	=	0x0037
                           000040   146 __pwmg0c	=	0x0040
                           000041   147 __pwmgclk	=	0x0041
                           000042   148 __pwmg0dth	=	0x0042
                           000043   149 __pwmg0dtl	=	0x0043
                           000044   150 __pwmgcubh	=	0x0044
                           000045   151 __pwmgcubl	=	0x0045
                           000046   152 __pwmg1c	=	0x0046
                           000048   153 __pwmg1dth	=	0x0048
                           000049   154 __pwmg1dtl	=	0x0049
                           00004C   155 __pwmg2c	=	0x004c
                           00004E   156 __pwmg2dth	=	0x004e
                           00004F   157 __pwmg2dtl	=	0x004f
                           000062   158 __ilrcr	=	0x0062
                           000063   159 __bgtr	=	0x0063
                           000067   160 __rop	=	0x0067
      000000                        161 __t16c::
      000000                        162 	.ds 2
                                    163 ;--------------------------------------------------------
                                    164 ; ram data
                                    165 ;--------------------------------------------------------
                                    166 	.area DATA
      000000                        167 _rxBufferIndex::
      000000                        168 	.ds 1
      000001                        169 _rxBufferLength::
      000001                        170 	.ds 1
      000002                        171 _rxBuffer::
      000002                        172 	.ds 16
      000012                        173 _txBufferIndex::
      000012                        174 	.ds 1
      000013                        175 _txBufferLength::
      000013                        176 	.ds 1
      000014                        177 _txBuffer::
      000014                        178 	.ds 16
      000024                        179 _I2C_write_t_PARM_1:
      000024                        180 	.ds 1
      000025                        181 _I2C_write_t_sloc0_1_0:
      000025                        182 	.ds 1
      000026                        183 _I2C_read_t_PARM_1:
      000026                        184 	.ds 1
      000027                        185 _I2C_read_t_sloc1_1_0:
      000027                        186 	.ds 1
      000028                        187 _I2C_read_t_sloc2_1_0:
      000028                        188 	.ds 1
      000029                        189 _I2C_beginTransmission_PARM_1:
      000029                        190 	.ds 1
      00002A                        191 _I2C_write_PARM_1:
      00002A                        192 	.ds 1
      00002B                        193 _I2C_writeBuf_PARM_1:
      00002B                        194 	.ds 2
      00002D                        195 _I2C_writeBuf_PARM_2:
      00002D                        196 	.ds 1
      00002E                        197 _I2C_writeBuf_sloc3_1_0:
      00002E                        198 	.ds 1
      00002F                        199 _I2C_endTransmission_sloc4_1_0:
      00002F                        200 	.ds 1
      000030                        201 _I2C_requestFrom_PARM_1:
      000030                        202 	.ds 1
      000031                        203 _I2C_requestFrom_PARM_2:
      000031                        204 	.ds 1
      000032                        205 _I2C_requestFrom_sloc5_1_0:
      000032                        206 	.ds 1
      000033                        207 _I2C_requestFrom_sloc6_1_0:
      000033                        208 	.ds 2
      000035                        209 _I2C_requestFrom_sloc7_1_0:
      000035                        210 	.ds 1
                                    211 ;--------------------------------------------------------
                                    212 ; overlayable items in ram 
                                    213 ;--------------------------------------------------------
                                    214 ;--------------------------------------------------------
                                    215 ; absolute external ram data
                                    216 ;--------------------------------------------------------
                                    217 	.area DABS (ABS)
                                    218 ;--------------------------------------------------------
                                    219 ; global & static initialisations
                                    220 ;--------------------------------------------------------
                                    221 	.area HOME
                                    222 	.area GSINIT
                                    223 	.area GSFINAL
                                    224 	.area GSINIT
                                    225 ;--------------------------------------------------------
                                    226 ; Home
                                    227 ;--------------------------------------------------------
                                    228 	.area HOME
                                    229 	.area HOME
                                    230 ;--------------------------------------------------------
                                    231 ; code
                                    232 ;--------------------------------------------------------
                                    233 	.area CODE
                                    234 ;	pdk_i2c.c: 19: void I2C_Ack()
                                    235 ;	-----------------------------------------
                                    236 ;	 function I2C_Ack
                                    237 ;	-----------------------------------------
      000000                        238 _I2C_Ack:
                                    239 ;	pdk_i2c.c: 21: _delay_us(4);
      000000 08 57                  240 	mov	a, #0x08
      000002r00r17                  241 	mov	__delay_loop_8_PARM_1+0, a
      000004r00r70                  242 	call	__delay_loop_8
                                    243 ;	pdk_i2c.c: 22: SDA0;
      000006 10 38                  244 	set0	__pa, #0
                                    245 ;	pdk_i2c.c: 23: _delay_us(4);
      000008 08 57                  246 	mov	a, #0x08
      00000Ar00r17                  247 	mov	__delay_loop_8_PARM_1+0, a
      00000Cr00r70                  248 	call	__delay_loop_8
                                    249 ;	pdk_i2c.c: 24: SCL1;
      00000E 90 3F                  250 	set1	__pa, #7
                                    251 ;	pdk_i2c.c: 25: _delay_us(4);
      000010 08 57                  252 	mov	a, #0x08
      000012r00r17                  253 	mov	__delay_loop_8_PARM_1+0, a
      000014r00r70                  254 	call	__delay_loop_8
                                    255 ;	pdk_i2c.c: 26: SCL0;
      000016 90 3B                  256 	set0	__pa, #7
                                    257 ;	pdk_i2c.c: 27: _delay_us(4);
      000018 08 57                  258 	mov	a, #0x08
      00001Ar00r17                  259 	mov	__delay_loop_8_PARM_1+0, a
      00001Cr00r60                  260 	goto	__delay_loop_8
                                    261 ;	pdk_i2c.c: 28: }
      00001E 7A 00                  262 	ret
                                    263 ;	pdk_i2c.c: 30: void I2C_NoAck()
                                    264 ;	-----------------------------------------
                                    265 ;	 function I2C_NoAck
                                    266 ;	-----------------------------------------
      000020                        267 _I2C_NoAck:
                                    268 ;	pdk_i2c.c: 32: _delay_us(4);
      000020 08 57                  269 	mov	a, #0x08
      000022r00r17                  270 	mov	__delay_loop_8_PARM_1+0, a
      000024r00r70                  271 	call	__delay_loop_8
                                    272 ;	pdk_i2c.c: 33: SDA1;
      000026 10 3C                  273 	set1	__pa, #0
                                    274 ;	pdk_i2c.c: 34: _delay_us(4);
      000028 08 57                  275 	mov	a, #0x08
      00002Ar00r17                  276 	mov	__delay_loop_8_PARM_1+0, a
      00002Cr00r70                  277 	call	__delay_loop_8
                                    278 ;	pdk_i2c.c: 35: SCL1;
      00002E 90 3F                  279 	set1	__pa, #7
                                    280 ;	pdk_i2c.c: 36: _delay_us(4);
      000030 08 57                  281 	mov	a, #0x08
      000032r00r17                  282 	mov	__delay_loop_8_PARM_1+0, a
      000034r00r70                  283 	call	__delay_loop_8
                                    284 ;	pdk_i2c.c: 37: SCL0;
      000036 90 3B                  285 	set0	__pa, #7
                                    286 ;	pdk_i2c.c: 38: _delay_us(4);
      000038 08 57                  287 	mov	a, #0x08
      00003Ar00r17                  288 	mov	__delay_loop_8_PARM_1+0, a
      00003Cr00r60                  289 	goto	__delay_loop_8
                                    290 ;	pdk_i2c.c: 39: }
      00003E 7A 00                  291 	ret
                                    292 ;	pdk_i2c.c: 41: void I2C_start()
                                    293 ;	-----------------------------------------
                                    294 ;	 function I2C_start
                                    295 ;	-----------------------------------------
      000040                        296 _I2C_start:
                                    297 ;	pdk_i2c.c: 43: SCL1;
      000040 90 3F                  298 	set1	__pa, #7
                                    299 ;	pdk_i2c.c: 44: SDA1;
      000042 10 3C                  300 	set1	__pa, #0
                                    301 ;	pdk_i2c.c: 45: _delay_us(4);
      000044 08 57                  302 	mov	a, #0x08
      000046r00r17                  303 	mov	__delay_loop_8_PARM_1+0, a
      000048r00r70                  304 	call	__delay_loop_8
                                    305 ;	pdk_i2c.c: 46: SDA0;
      00004A 10 38                  306 	set0	__pa, #0
                                    307 ;	pdk_i2c.c: 47: _delay_us(4);
      00004C 08 57                  308 	mov	a, #0x08
      00004Er00r17                  309 	mov	__delay_loop_8_PARM_1+0, a
      000050r00r70                  310 	call	__delay_loop_8
                                    311 ;	pdk_i2c.c: 48: SCL0;
      000052 90 3B                  312 	set0	__pa, #7
                                    313 ;	pdk_i2c.c: 49: _delay_us(4);
      000054 08 57                  314 	mov	a, #0x08
      000056r00r17                  315 	mov	__delay_loop_8_PARM_1+0, a
      000058r00r60                  316 	goto	__delay_loop_8
                                    317 ;	pdk_i2c.c: 50: }
      00005A 7A 00                  318 	ret
                                    319 ;	pdk_i2c.c: 51: void I2C_stop()
                                    320 ;	-----------------------------------------
                                    321 ;	 function I2C_stop
                                    322 ;	-----------------------------------------
      00005C                        323 _I2C_stop:
                                    324 ;	pdk_i2c.c: 53: SCL0;
      00005C 90 3B                  325 	set0	__pa, #7
                                    326 ;	pdk_i2c.c: 54: SDA0;
      00005E 10 38                  327 	set0	__pa, #0
                                    328 ;	pdk_i2c.c: 55: _delay_us(4);
      000060 08 57                  329 	mov	a, #0x08
      000062r00r17                  330 	mov	__delay_loop_8_PARM_1+0, a
      000064r00r70                  331 	call	__delay_loop_8
                                    332 ;	pdk_i2c.c: 56: SCL1;
      000066 90 3F                  333 	set1	__pa, #7
                                    334 ;	pdk_i2c.c: 57: _delay_us(4);
      000068 08 57                  335 	mov	a, #0x08
      00006Ar00r17                  336 	mov	__delay_loop_8_PARM_1+0, a
      00006Cr00r70                  337 	call	__delay_loop_8
                                    338 ;	pdk_i2c.c: 58: SDA1;
      00006E 10 3C                  339 	set1	__pa, #0
                                    340 ;	pdk_i2c.c: 59: _delay_us(4);
      000070 08 57                  341 	mov	a, #0x08
      000072r00r17                  342 	mov	__delay_loop_8_PARM_1+0, a
      000074r00r60                  343 	goto	__delay_loop_8
                                    344 ;	pdk_i2c.c: 60: }
      000076 7A 00                  345 	ret
                                    346 ;	pdk_i2c.c: 61: uint8_t I2C_write_t(uint8_t dat)
                                    347 ;	-----------------------------------------
                                    348 ;	 function I2C_write_t
                                    349 ;	-----------------------------------------
      000078                        350 _I2C_write_t:
                                    351 ;	pdk_i2c.c: 63: for (uint8_t i = 0; i < 8; i++)
      000078r25r26                  352 	clear	_I2C_write_t_sloc0_1_0+0
      00007A                        353 00106$:
      00007Ar25r1F                  354 	mov	a, _I2C_write_t_sloc0_1_0+0
      00007C 08 51                  355 	sub	a, #0x08
      00007E 80 34                  356 	t1sn	f, c
      000080rA6r60                  357 	goto	00104$
                                    358 ;	pdk_i2c.c: 66: if (dat & 0x80)
      000082r24r1F                  359 	mov	a, _I2C_write_t_PARM_1+0
      000084 80 54                  360 	and	a, #0x80
      000086 00 53                  361 	cneqsn	a, #0x00
      000088r8Er60                  362 	goto	00102$
                                    363 ;	pdk_i2c.c: 67: SDA1;
      00008A 10 3C                  364 	set1	__pa, #0
      00008Cr90r60                  365 	goto	00103$
      00008E                        366 00102$:
                                    367 ;	pdk_i2c.c: 69: SDA0;
      00008E 10 38                  368 	set0	__pa, #0
      000090                        369 00103$:
                                    370 ;	pdk_i2c.c: 71: _delay_us(4);
      000090 08 57                  371 	mov	a, #0x08
      000092r00r17                  372 	mov	__delay_loop_8_PARM_1+0, a
      000094r00r70                  373 	call	__delay_loop_8
                                    374 ;	pdk_i2c.c: 72: SCL1;
      000096 90 3F                  375 	set1	__pa, #7
                                    376 ;	pdk_i2c.c: 73: _delay_us(4);
      000098 08 57                  377 	mov	a, #0x08
      00009Ar00r17                  378 	mov	__delay_loop_8_PARM_1+0, a
      00009Cr00r70                  379 	call	__delay_loop_8
                                    380 ;	pdk_i2c.c: 74: SCL0;
      00009E 90 3B                  381 	set0	__pa, #7
                                    382 ;	pdk_i2c.c: 75: dat <<= 1;
      0000A0r24r2B                  383 	sl	_I2C_write_t_PARM_1+0
                                    384 ;	pdk_i2c.c: 63: for (uint8_t i = 0; i < 8; i++)
      0000A2r25r24                  385 	inc	_I2C_write_t_sloc0_1_0+0
      0000A4r7Ar60                  386 	goto	00106$
      0000A6                        387 00104$:
                                    388 ;	pdk_i2c.c: 77: _delay_us(4);
      0000A6 08 57                  389 	mov	a, #0x08
      0000A8r00r17                  390 	mov	__delay_loop_8_PARM_1+0, a
      0000AAr00r70                  391 	call	__delay_loop_8
                                    392 ;	pdk_i2c.c: 78: SCL1;
      0000AC 90 3F                  393 	set1	__pa, #7
                                    394 ;	pdk_i2c.c: 79: _delay_us(4);
      0000AE 08 57                  395 	mov	a, #0x08
      0000B0r00r17                  396 	mov	__delay_loop_8_PARM_1+0, a
      0000B2r00r70                  397 	call	__delay_loop_8
                                    398 ;	pdk_i2c.c: 80: SCL0;
      0000B4 90 3B                  399 	set0	__pa, #7
                                    400 ;	pdk_i2c.c: 81: setb(I2C_PxC, I2C_SDA);
      0000B6 11 3C                  401 	set1	__pac, #0
                                    402 ;	pdk_i2c.c: 82: return dat;
      0000B8r24r1F                  403 	mov	a, _I2C_write_t_PARM_1+0
                                    404 ;	pdk_i2c.c: 83: }
      0000BA 7A 00                  405 	ret
                                    406 ;	pdk_i2c.c: 85: uint8_t I2C_read_t(uint8_t ack)
                                    407 ;	-----------------------------------------
                                    408 ;	 function I2C_read_t
                                    409 ;	-----------------------------------------
      0000BC                        410 _I2C_read_t:
                                    411 ;	pdk_i2c.c: 87: uint8_t dat = 0x00;
      0000BCr27r26                  412 	clear	_I2C_read_t_sloc1_1_0+0
                                    413 ;	pdk_i2c.c: 90: clrb(I2C_PxC, I2C_SDA);
      0000BE 11 38                  414 	set0	__pac, #0
                                    415 ;	pdk_i2c.c: 91: setb(I2C_PxPH, I2C_SDA);
      0000C0 12 3C                  416 	set1	__paph, #0
                                    417 ;	pdk_i2c.c: 92: setb(I2C_PxDIER, I2C_SDA);
      0000C2 0D 3C                  418 	set1	__padier, #0
                                    419 ;	pdk_i2c.c: 94: for (uint8_t i = 0; i < 8; i++) /* For loop read dataa 1 byte */
      0000C4r28r26                  420 	clear	_I2C_read_t_sloc2_1_0+0
      0000C6                        421 00108$:
      0000C6r28r1F                  422 	mov	a, _I2C_read_t_sloc2_1_0+0
      0000C8 08 51                  423 	sub	a, #0x08
      0000CA 80 34                  424 	t1sn	f, c
      0000CCrF0r60                  425 	goto	00103$
                                    426 ;	pdk_i2c.c: 96: _delay_us(4);
      0000CE 08 57                  427 	mov	a, #0x08
      0000D0r00r17                  428 	mov	__delay_loop_8_PARM_1+0, a
      0000D2r00r70                  429 	call	__delay_loop_8
                                    430 ;	pdk_i2c.c: 97: SCL1;
      0000D4 90 3F                  431 	set1	__pa, #7
                                    432 ;	pdk_i2c.c: 98: dat = dat << 1;
      0000D6r27r2B                  433 	sl	_I2C_read_t_sloc1_1_0+0
                                    434 ;	pdk_i2c.c: 99: if (inbit(I2C_Px, I2C_SDA))
      0000D8 90 01                  435 	mov	a, __pa
      0000DA 01 54                  436 	and	a, #0x01
      0000DC 00 53                  437 	cneqsn	a, #0x00
      0000DErE4r60                  438 	goto	00102$
                                    439 ;	pdk_i2c.c: 100: dat = dat | 0x01; /* Keep biit daata in dat */
      0000E0 01 57                  440 	mov	a, #0x01
      0000E2r27r15                  441 	or	_I2C_read_t_sloc1_1_0+0, a
      0000E4                        442 00102$:
                                    443 ;	pdk_i2c.c: 102: _delay_us(4);
      0000E4 08 57                  444 	mov	a, #0x08
      0000E6r00r17                  445 	mov	__delay_loop_8_PARM_1+0, a
      0000E8r00r70                  446 	call	__delay_loop_8
                                    447 ;	pdk_i2c.c: 103: SCL0; /* Clear SCL */
      0000EA 90 3B                  448 	set0	__pa, #7
                                    449 ;	pdk_i2c.c: 94: for (uint8_t i = 0; i < 8; i++) /* For loop read dataa 1 byte */
      0000ECr28r24                  450 	inc	_I2C_read_t_sloc2_1_0+0
      0000EErC6r60                  451 	goto	00108$
      0000F0                        452 00103$:
                                    453 ;	pdk_i2c.c: 105: setb(I2C_PxC, I2C_SDA);
      0000F0 11 3C                  454 	set1	__pac, #0
                                    455 ;	pdk_i2c.c: 106: if (ack == 0)
      0000F2r26r1F                  456 	mov	a, _I2C_read_t_PARM_1+0
      0000F4 00 52                  457 	ceqsn	a, #0x00
      0000F6rFCr60                  458 	goto	00105$
                                    459 ;	pdk_i2c.c: 107: I2C_NoAck();
      0000F8r20r70                  460 	call	_I2C_NoAck
      0000FArFEr60                  461 	goto	00106$
      0000FC                        462 00105$:
                                    463 ;	pdk_i2c.c: 109: I2C_Ack();
      0000FCr00r70                  464 	call	_I2C_Ack
      0000FE                        465 00106$:
                                    466 ;	pdk_i2c.c: 111: return dat;
      0000FEr27r1F                  467 	mov	a, _I2C_read_t_sloc1_1_0+0
                                    468 ;	pdk_i2c.c: 112: }
      000100 7A 00                  469 	ret
                                    470 ;	pdk_i2c.c: 114: void I2C_beginTransmission(uint8_t addr)
                                    471 ;	-----------------------------------------
                                    472 ;	 function I2C_beginTransmission
                                    473 ;	-----------------------------------------
      000102                        474 _I2C_beginTransmission:
                                    475 ;	pdk_i2c.c: 116: txBufferIndex = 0;
      000102r12r26                  476 	clear	_txBufferIndex+0
                                    477 ;	pdk_i2c.c: 117: txBufferLength = 0;
      000104r13r26                  478 	clear	_txBufferLength+0
                                    479 ;	pdk_i2c.c: 120: I2C_start();
      000106r40r70                  480 	call	_I2C_start
                                    481 ;	pdk_i2c.c: 123: I2C_write_t((addr << 1) | I2C_WRITE);
      000108r29r1F                  482 	mov	a, _I2C_beginTransmission_PARM_1+0
      00010A 6B 00                  483 	sl	a
      00010Cr24r17                  484 	mov	_I2C_write_t_PARM_1+0, a
      00010Er78r60                  485 	goto	_I2C_write_t
                                    486 ;	pdk_i2c.c: 124: }
      000110 7A 00                  487 	ret
                                    488 ;	pdk_i2c.c: 126: void I2C_write(uint8_t data)
                                    489 ;	-----------------------------------------
                                    490 ;	 function I2C_write
                                    491 ;	-----------------------------------------
      000112                        492 _I2C_write:
                                    493 ;	pdk_i2c.c: 128: txBuffer[txBufferIndex++] = data;
      000112r12r1F                  494 	mov	a, _txBufferIndex+0
      000114r12r24                  495 	inc	_txBufferIndex+0
      000116r14r50                  496 	add	a, #(_txBuffer + 0)
      000118r00r17                  497 	mov	p, a
      00011Ar2Ar1F                  498 	mov	a, _I2C_write_PARM_1+0
      00011Cr00r07                  499 	idxm	p, a
                                    500 ;	pdk_i2c.c: 129: txBufferLength = txBufferIndex;
      00011Er12r1F                  501 	mov	a, _txBufferIndex+0
      000120r13r17                  502 	mov	_txBufferLength+0, a
                                    503 ;	pdk_i2c.c: 130: }
      000122 7A 00                  504 	ret
                                    505 ;	pdk_i2c.c: 132: void I2C_writeBuf(uint8_t *data, uint8_t len)
                                    506 ;	-----------------------------------------
                                    507 ;	 function I2C_writeBuf
                                    508 ;	-----------------------------------------
      000124                        509 _I2C_writeBuf:
                                    510 ;	pdk_i2c.c: 134: for (uint8_t i = 0; i < len; ++i)
      000124r2Er26                  511 	clear	_I2C_writeBuf_sloc3_1_0+0
      000126                        512 00103$:
      000126r2Er1F                  513 	mov	a, _I2C_writeBuf_sloc3_1_0+0
      000128r2Dr19                  514 	sub	a, _I2C_writeBuf_PARM_2+0
      00012A 80 34                  515 	t1sn	f, c
      00012Cr42r61                  516 	goto	00105$
                                    517 ;	pdk_i2c.c: 136: I2C_write(data[i]);
      00012Er2Br1F                  518 	mov	a, _I2C_writeBuf_PARM_1+0
      000130r2Er18                  519 	add	a, _I2C_writeBuf_sloc3_1_0+0
      000132r00r17                  520 	mov	p, a
      000134r2Cr1F                  521 	mov	a, _I2C_writeBuf_PARM_1+1
      000136 60 00                  522 	addc	a
      000138r00r70                  523 	call	__gptrget
      00013Ar2Ar17                  524 	mov	_I2C_write_PARM_1+0, a
      00013Cr12r71                  525 	call	_I2C_write
                                    526 ;	pdk_i2c.c: 134: for (uint8_t i = 0; i < len; ++i)
      00013Er2Er24                  527 	inc	_I2C_writeBuf_sloc3_1_0+0
      000140r26r61                  528 	goto	00103$
      000142                        529 00105$:
                                    530 ;	pdk_i2c.c: 138: }
      000142 7A 00                  531 	ret
                                    532 ;	pdk_i2c.c: 140: void I2C_endTransmission(void)
                                    533 ;	-----------------------------------------
                                    534 ;	 function I2C_endTransmission
                                    535 ;	-----------------------------------------
      000144                        536 _I2C_endTransmission:
                                    537 ;	pdk_i2c.c: 144: for (i = 0; i < txBufferLength; ++i)
      000144r2Fr26                  538 	clear	_I2C_endTransmission_sloc4_1_0+0
      000146                        539 00103$:
      000146r2Fr1F                  540 	mov	a, _I2C_endTransmission_sloc4_1_0+0
      000148r13r19                  541 	sub	a, _txBufferLength+0
      00014A 80 34                  542 	t1sn	f, c
      00014Cr5Er61                  543 	goto	00101$
                                    544 ;	pdk_i2c.c: 147: I2C_write_t(txBuffer[i]);
      00014Er14r57                  545 	mov	a, #(_txBuffer + 0)
      000150r2Fr18                  546 	add	a, _I2C_endTransmission_sloc4_1_0+0
      000152r00r17                  547 	mov	p, a
      000154r01r07                  548 	idxm	a, p
      000156r24r17                  549 	mov	_I2C_write_t_PARM_1+0, a
      000158r78r70                  550 	call	_I2C_write_t
                                    551 ;	pdk_i2c.c: 144: for (i = 0; i < txBufferLength; ++i)
      00015Ar2Fr24                  552 	inc	_I2C_endTransmission_sloc4_1_0+0
      00015Cr46r61                  553 	goto	00103$
      00015E                        554 00101$:
                                    555 ;	pdk_i2c.c: 151: I2C_stop();
      00015Er5Cr60                  556 	goto	_I2C_stop
                                    557 ;	pdk_i2c.c: 152: }
      000160 7A 00                  558 	ret
                                    559 ;	pdk_i2c.c: 154: void I2C_requestFrom(uint8_t addr, uint8_t len)
                                    560 ;	-----------------------------------------
                                    561 ;	 function I2C_requestFrom
                                    562 ;	-----------------------------------------
      000162                        563 _I2C_requestFrom:
                                    564 ;	pdk_i2c.c: 157: rxBufferLength = len;
      000162r31r1F                  565 	mov	a, _I2C_requestFrom_PARM_2+0
      000164r01r17                  566 	mov	_rxBufferLength+0, a
                                    567 ;	pdk_i2c.c: 158: rxBufferIndex = 0;
      000166r00r26                  568 	clear	_rxBufferIndex+0
                                    569 ;	pdk_i2c.c: 161: I2C_start();
      000168r40r70                  570 	call	_I2C_start
                                    571 ;	pdk_i2c.c: 164: I2C_write_t((addr << 1) | I2C_READ);
      00016Ar30r1F                  572 	mov	a, _I2C_requestFrom_PARM_1+0
      00016C 6B 00                  573 	sl	a
      00016E 01 55                  574 	or	a, #0x01
      000170r24r17                  575 	mov	_I2C_write_t_PARM_1+0, a
      000172r78r70                  576 	call	_I2C_write_t
                                    577 ;	pdk_i2c.c: 167: for (i = 0; i < rxBufferLength - 1; i++)
      000174r32r26                  578 	clear	_I2C_requestFrom_sloc5_1_0+0
      000176                        579 00103$:
      000176r01r1F                  580 	mov	a, _rxBufferLength+0
      000178 01 51                  581 	sub	a, #0x01
      00017Ar33r17                  582 	mov	_I2C_requestFrom_sloc6_1_0+0, a
      00017C 00 57                  583 	mov	a, #0x00
      00017E 61 00                  584 	subc	a
      000180r34r17                  585 	mov	_I2C_requestFrom_sloc6_1_0+1, a
      000182r00r26                  586 	clear	p
      000184r32r1F                  587 	mov	a, _I2C_requestFrom_sloc5_1_0+0
      000186r33r19                  588 	sub	a, _I2C_requestFrom_sloc6_1_0+0
      000188r00r1F                  589 	mov	a, p
      00018Ar34r1B                  590 	subc	a, _I2C_requestFrom_sloc6_1_0+1
      00018C 80 31                  591 	t0sn	f, ov
      00018E 80 56                  592 	xor	a, #0x80
      000190 6B 00                  593 	sl	a
      000192 80 34                  594 	t1sn	f, c
      000194rAEr61                  595 	goto	00101$
                                    596 ;	pdk_i2c.c: 169: rxBuffer[i] = I2C_read_t(ACK);
      000196r02r57                  597 	mov	a, #(_rxBuffer + 0)
      000198r32r18                  598 	add	a, _I2C_requestFrom_sloc5_1_0+0
      00019Ar35r17                  599 	mov	_I2C_requestFrom_sloc7_1_0+0, a
      00019C 01 57                  600 	mov	a, #0x01
      00019Er26r17                  601 	mov	_I2C_read_t_PARM_1+0, a
      0001A0rBCr70                  602 	call	_I2C_read_t
      0001A2r00r17                  603 	mov	p, a
      0001A4r35r1F                  604 	mov	a, _I2C_requestFrom_sloc7_1_0+0
      0001A6r00r27                  605 	xch	a, p
      0001A8r00r07                  606 	idxm	p, a
                                    607 ;	pdk_i2c.c: 167: for (i = 0; i < rxBufferLength - 1; i++)
      0001AAr32r24                  608 	inc	_I2C_requestFrom_sloc5_1_0+0
      0001ACr76r61                  609 	goto	00103$
      0001AE                        610 00101$:
                                    611 ;	pdk_i2c.c: 172: rxBuffer[rxBufferLength - 1] = I2C_read_t(NACK);
      0001AEr01r1F                  612 	mov	a, _rxBufferLength+0
      0001B0 01 51                  613 	sub	a, #0x01
      0001B2r02r50                  614 	add	a, #(_rxBuffer + 0)
      0001B4r26r26                  615 	clear	_I2C_read_t_PARM_1+0
      0001B6 72 00                  616 	push	af
      0001B8rBCr70                  617 	call	_I2C_read_t
      0001BAr00r17                  618 	mov	p, a
      0001BC 73 00                  619 	pop	af
      0001BEr00r27                  620 	xch	a, p
      0001C0r00r07                  621 	idxm	p, a
                                    622 ;	pdk_i2c.c: 175: I2C_stop();
      0001C2r5Cr60                  623 	goto	_I2C_stop
                                    624 ;	pdk_i2c.c: 176: }
      0001C4 7A 00                  625 	ret
                                    626 ;	pdk_i2c.c: 178: int8_t I2C_read(void)
                                    627 ;	-----------------------------------------
                                    628 ;	 function I2C_read
                                    629 ;	-----------------------------------------
      0001C6                        630 _I2C_read:
                                    631 ;	pdk_i2c.c: 180: int8_t value = 5;
      0001C6 05 57                  632 	mov	a, #0x05
      0001C8r00r17                  633 	mov	p, a
                                    634 ;	pdk_i2c.c: 182: if (rxBufferIndex < rxBufferLength)
      0001CAr00r1F                  635 	mov	a, _rxBufferIndex+0
      0001CCr01r19                  636 	sub	a, _rxBufferLength+0
      0001CE 80 34                  637 	t1sn	f, c
      0001D0rDEr61                  638 	goto	00102$
                                    639 ;	pdk_i2c.c: 184: value = rxBuffer[rxBufferIndex];
      0001D2r02r57                  640 	mov	a, #(_rxBuffer + 0)
      0001D4r00r18                  641 	add	a, _rxBufferIndex+0
      0001D6r00r17                  642 	mov	p, a
      0001D8r01r07                  643 	idxm	a, p
      0001DAr00r17                  644 	mov	p, a
                                    645 ;	pdk_i2c.c: 185: ++rxBufferIndex;
      0001DCr00r24                  646 	inc	_rxBufferIndex+0
      0001DE                        647 00102$:
                                    648 ;	pdk_i2c.c: 187: return value;
      0001DEr00r1F                  649 	mov	a, p
                                    650 ;	pdk_i2c.c: 188: }
      0001E0 7A 00                  651 	ret
                                    652 ;	pdk_i2c.c: 189: char I2C_available(void)
                                    653 ;	-----------------------------------------
                                    654 ;	 function I2C_available
                                    655 ;	-----------------------------------------
      0001E2                        656 _I2C_available:
                                    657 ;	pdk_i2c.c: 191: return rxBufferLength - rxBufferIndex;
      0001E2r01r1F                  658 	mov	a, _rxBufferLength+0
      0001E4r00r19                  659 	sub	a, _rxBufferIndex+0
                                    660 ;	pdk_i2c.c: 192: }
      0001E6 7A 00                  661 	ret
                                    662 ;	pdk_i2c.c: 193: void I2C_begin(void)
                                    663 ;	-----------------------------------------
                                    664 ;	 function I2C_begin
                                    665 ;	-----------------------------------------
      0001E8                        666 _I2C_begin:
                                    667 ;	pdk_i2c.c: 195: I2C_PxC |= (1 << I2C_SDA);
      0001E8 11 3C                  668 	set1	__pac, #0
                                    669 ;	pdk_i2c.c: 196: I2C_PxC |= (1 << I2C_SCL);
      0001EA 91 3F                  670 	set1	__pac, #7
                                    671 ;	pdk_i2c.c: 197: }
      0001EC 7A 00                  672 	ret
                                    673 	.area CODE
                                    674 	.area CONST
                                    675 	.area CABS (ABS)
