ASxxxx Linker V03.00 + NoICE + sdld,  page 1.
Hexadecimal  [32-Bits]

Area                                    Addr        Size        Decimal Bytes (Attributes)
--------------------------------        ----        ----        ------- ----- ------------
.  .ABS.                            00000000    00000000 =           0. bytes (ABS,CON)

      Value  Global                              Global Defined In Module
      -----  --------------------------------   ------------------------
     FFFFFFFF  s_SSEG                          
     00000000  .__.ABS.                           __gptrget
     00000000  __flag                             pdk_24c
     00000000  l_CABS                          
     00000000  l_DABS                          
     00000000  l_HEADER                        
     00000000  l_PREG                          
     00000000  l_RSEG                          
     00000000  l__CODE                         
     00000000  s_CABS                          
     00000000  s_DABS                          
     00000000  s_HEADER                        
     00000000  s_HEADER1                       
     00000000  s_HEADER3                       
     00000000  s_PREG                          
     00000000  s_PREG2                         
     00000000  s_RSEG                          
     00000000  s_RSEG0                         
     00000000  s__CODE                         
     00000001  l_SSEG                          
     00000002  __sp                               pdk_24c
     00000002  l_GSFINAL                       
     00000002  l_HEADER1                       
     00000002  l_HOME                          
     00000002  l_PREG2                         
     00000002  s_DATA                          
     00000003  __clkmd                            pdk_24c
     00000003  l_OSEG                          
     00000004  __inten                            pdk_24c
     00000005  __intrq                            pdk_24c
     00000006  __t16m                             pdk_24c
     00000008  l_RSEG0                         
     0000000A  __eoscr                            pdk_24c
     0000000B  __ihrcr                            pdk_24c
     0000000C  __integs                           pdk_24c
     0000000D  __padier                           pdk_24c
     0000000E  __pbdier                           pdk_24c
     0000000F  __pcdier                           pdk_24c
     00000010  __pa                               pdk_24c
     00000010  l_HEADER3                       
     00000011  __pac                              pdk_24c
     00000012  __paph                             pdk_24c
     00000013  __pb                               pdk_24c
     00000014  __pbc                              pdk_24c
     00000015  __pbph                             pdk_24c
     00000016  __pc                               pdk_24c
     00000017  __pcc                              pdk_24c
     00000018  __pcph                             pdk_24c
     00000019  __pbpl                             pdk_24c
     0000001A  __pcpl                             pdk_24c
ASxxxx Linker V03.00 + NoICE + sdld,  page 2.
Hexadecimal  [32-Bits]

Area                                    Addr        Size        Decimal Bytes (Attributes)
--------------------------------        ----        ----        ------- ----- ------------
.  .ABS.                            00000000    00000000 =           0. bytes (ABS,CON)

      Value  Global                              Global Defined In Module
      -----  --------------------------------   ------------------------
     00000020  __adcc                             pdk_24c
     00000021  __adcm                             pdk_24c
     00000022  __adcr                             pdk_24c
     00000022  l_CONST                         
     00000022  s_HOME                          
     00000024  __adcrgc                           pdk_24c
     00000024  s_GSINIT                        
     00000026  __misc                             pdk_24c
     00000027  __misc2                            pdk_24c
     00000028  __misclvr                          pdk_24c
     0000002B  __gpcc                             pdk_24c
     0000002C  __gpcs                             pdk_24c
     00000030  __tm2c                             pdk_24c
     00000031  __tm2ct                            pdk_24c
     00000032  __tm2s                             pdk_24c
     00000033  __tm2b                             pdk_24c
     00000034  __tm3c                             pdk_24c
     00000035  __tm3ct                            pdk_24c
     00000036  __tm3s                             pdk_24c
     00000037  __tm3b                             pdk_24c
     00000040  __pwmg0c                           pdk_24c
     00000041  __pwmgclk                          pdk_24c
     00000042  __pwmg0dth                         pdk_24c
     00000043  __pwmg0dtl                         pdk_24c
     00000044  __pwmgcubh                         pdk_24c
     00000045  __pwmgcubl                         pdk_24c
     00000046  __pwmg1c                           pdk_24c
     00000048  __pwmg1dth                         pdk_24c
     00000049  __pwmg1dtl                         pdk_24c
     0000004A  l_GSINIT                        
     0000004C  __pwmg2c                           pdk_24c
     0000004E  __pwmg2dth                         pdk_24c
     0000004F  __pwmg2dtl                         pdk_24c
     00000062  __ilrcr                            pdk_24c
     00000063  __bgtr                             pdk_24c
     00000067  __rop                              pdk_24c
     0000006E  s_GSFINAL                       
     00000070  s_CODE                          
     000000EA  l_DATA                          
     000000EC  s_OSEG                          
     000009DA  l_CODE                          
     00000A4A  s_CONST                         

ASxxxx Linker V03.00 + NoICE + sdld,  page 3.
Hexadecimal  [32-Bits]

Area                                    Addr        Size        Decimal Bytes (Attributes)
--------------------------------        ----        ----        ------- ----- ------------
DATA                                00000002    000000EA =         234. bytes (REL,CON)

      Value  Global                              Global Defined In Module
      -----  --------------------------------   ------------------------
     00000002  _arr                               pdk_24Cxx_PROG
     0000000C  _arr2                              pdk_24Cxx_PROG
     00000016  _u                                 pdk_24Cxx_PROG
     0000002C  _i                                 pdk_24Cxx_PROG
     0000002E  _aaa                               pdk_24Cxx_PROG
     0000002F  _temp                              pdk_24Cxx_PROG
     00000030  _ret                               pdk_24Cxx_PROG
     00000031  _newline                           pdk_24Cxx_PROG
     00000032  _hex_byteCount                     pdk_24Cxx_PROG
     00000033  _hex_address                       pdk_24Cxx_PROG
     00000058  _qin                               pdk_uart
     00000059  _start_bit                         pdk_uart
     0000005A  _qout                              pdk_uart
     0000005B  _flag_rx_off                       pdk_uart
     0000005C  _flag_rx_ready                     pdk_uart
     0000005D  _flag_tx_busy                      pdk_uart
     0000005E  _bits_left_in_tx                   pdk_uart
     0000005F  _internal_tx_buffer                pdk_uart
     00000061  _UART_putC_PARM_1                  pdk_uart
     00000062  _UART_print_PARM_1                 pdk_uart
     00000066  _UART_printNum_PARM_1              pdk_uart
     00000071  _rxBufferIndex                     pdk_i2c
     00000072  _rxBufferLength                    pdk_i2c
     00000073  _rxBuffer                          pdk_i2c
     00000083  _txBufferIndex                     pdk_i2c
     00000084  _txBufferLength                    pdk_i2c
     00000085  _txBuffer                          pdk_i2c
     00000095  _I2C_write_t_PARM_1                pdk_i2c
     00000097  _I2C_read_t_PARM_1                 pdk_i2c
     0000009A  _I2C_beginTransmission_PARM_1      pdk_i2c
     0000009B  _I2C_write_PARM_1                  pdk_i2c
     0000009C  _I2C_writeBuf_PARM_1               pdk_i2c
     0000009E  _I2C_writeBuf_PARM_2               pdk_i2c
     000000A1  _I2C_requestFrom_PARM_1            pdk_i2c
     000000A2  _I2C_requestFrom_PARM_2            pdk_i2c
     000000A7  __delay_loop_8_PARM_1              delay
     000000A8  __delay_loop_16_PARM_1             delay
     000000AA  __delay_loop_32_PARM_1             delay
     000000AE  _AT24C_write_PARM_1                pdk_24c
     000000B0  _AT24C_write_PARM_2                pdk_24c
     000000B2  _AT24C_read_PARM_1                 pdk_24c
     000000B7  _AT24C_writeBuf_PARM_1             pdk_24c
     000000B9  _AT24C_writeBuf_PARM_2             pdk_24c
     000000BB  _AT24C_writeBuf_PARM_3             pdk_24c
     000000BF  _AT24C_writeBuf2_PARM_1            pdk_24c
     000000C1  _AT24C_writeBuf2_PARM_2            pdk_24c
     000000C3  _AT24C_writeBuf2_PARM_3            pdk_24c
     000000C6  _AT24C_readBuf_PARM_1              pdk_24c
     000000C8  _AT24C_readBuf_PARM_2              pdk_24c
     000000CA  _AT24C_readBuf_PARM_3              pdk_24c
ASxxxx Linker V03.00 + NoICE + sdld,  page 4.
Hexadecimal  [32-Bits]

Area                                    Addr        Size        Decimal Bytes (Attributes)
--------------------------------        ----        ----        ------- ----- ------------
DATA                                00000002    000000EA =         234. bytes (REL,CON)

      Value  Global                              Global Defined In Module
      -----  --------------------------------   ------------------------
     000000D1  __modsint_PARM_1                   _modsint
     000000D3  __modsint_PARM_2                   _modsint
     000000DA  __moduint_PARM_1                   _moduint
     000000DC  __moduint_PARM_2                   _moduint
     000000DE  __divsint_PARM_1                   _divsint
     000000E0  __divsint_PARM_2                   _divsint
     000000E8  __divuint_PARM_1                   _divuint
     000000EA  __divuint_PARM_2                   _divuint

ASxxxx Linker V03.00 + NoICE + sdld,  page 5.
Hexadecimal  [32-Bits]

Area                                    Addr        Size        Decimal Bytes (Attributes)
--------------------------------        ----        ----        ------- ----- ------------
OSEG                                000000EC    00000003 =           3. bytes (REL,OVR)

      Value  Global                              Global Defined In Module
      -----  --------------------------------   ------------------------
ASxxxx Linker V03.00 + NoICE + sdld,  page 6.
Hexadecimal  [32-Bits]

Area                                    Addr        Size        Decimal Bytes (Attributes)
--------------------------------        ----        ----        ------- ----- ------------
RSEG0                               00000000    00000008 =           8. bytes (ABS,CON)

      Value  Global                              Global Defined In Module
      -----  --------------------------------   ------------------------
     00000006  __t16c                             pdk_24c

ASxxxx Linker V03.00 + NoICE + sdld,  page 7.
Hexadecimal  [32-Bits]

Area                                    Addr        Size        Decimal Bytes (Attributes)
--------------------------------        ----        ----        ------- ----- ------------
SSEG                                FFFFFFFF    00000001 =           1. bytes (REL,CON)

      Value  Global                              Global Defined In Module
      -----  --------------------------------   ------------------------
ASxxxx Linker V03.00 + NoICE + sdld,  page 8.
Hexadecimal  [32-Bits]

Area                                    Addr        Size        Decimal Bytes (Attributes)
--------------------------------        ----        ----        ------- ----- ------------
HOME                                00000022    00000002 =           2. bytes (REL,CON)

      Value  Global                              Global Defined In Module
      -----  --------------------------------   ------------------------
ASxxxx Linker V03.00 + NoICE + sdld,  page 9.
Hexadecimal  [32-Bits]

Area                                    Addr        Size        Decimal Bytes (Attributes)
--------------------------------        ----        ----        ------- ----- ------------
HEADER1                             00000000    00000002 =           2. bytes (ABS,CON)

      Value  Global                              Global Defined In Module
      -----  --------------------------------   ------------------------
ASxxxx Linker V03.00 + NoICE + sdld,  page 10.
Hexadecimal  [32-Bits]

Area                                    Addr        Size        Decimal Bytes (Attributes)
--------------------------------        ----        ----        ------- ----- ------------
GSINIT                              00000024    0000004A =          74. bytes (REL,CON)

      Value  Global                              Global Defined In Module
      -----  --------------------------------   ------------------------
ASxxxx Linker V03.00 + NoICE + sdld,  page 11.
Hexadecimal  [32-Bits]

Area                                    Addr        Size        Decimal Bytes (Attributes)
--------------------------------        ----        ----        ------- ----- ------------
GSFINAL                             0000006E    00000002 =           2. bytes (REL,CON)

      Value  Global                              Global Defined In Module
      -----  --------------------------------   ------------------------
ASxxxx Linker V03.00 + NoICE + sdld,  page 12.
Hexadecimal  [32-Bits]

Area                                    Addr        Size        Decimal Bytes (Attributes)
--------------------------------        ----        ----        ------- ----- ------------
PREG2                               00000000    00000002 =           2. bytes (ABS,CON)

      Value  Global                              Global Defined In Module
      -----  --------------------------------   ------------------------
     00000000  p                                  pdk_24Cxx_PROG

ASxxxx Linker V03.00 + NoICE + sdld,  page 13.
Hexadecimal  [32-Bits]

Area                                    Addr        Size        Decimal Bytes (Attributes)
--------------------------------        ----        ----        ------- ----- ------------
HEADER3                             00000000    00000010 =          16. bytes (ABS,CON)

      Value  Global                              Global Defined In Module
      -----  --------------------------------   ------------------------
ASxxxx Linker V03.00 + NoICE + sdld,  page 14.
Hexadecimal  [32-Bits]

Area                                    Addr        Size        Decimal Bytes (Attributes)
--------------------------------        ----        ----        ------- ----- ------------
CODE                                00000070    000009DA =        2522. bytes (REL,CON)

      Value  Global                              Global Defined In Module
      -----  --------------------------------   ------------------------
     00000084  __sdcc_external_startup            pdk_24Cxx_PROG
     0000009E  _readline                          pdk_24Cxx_PROG
     000000DA  _main                              pdk_24Cxx_PROG
     00000192  _TIM3_interrupt                    pdk_24Cxx_PROG
     000001A2  _interrupt                         pdk_24Cxx_PROG
     000001D8  _UART_IO_config                    pdk_uart
     000001FC  _UART_begin                        pdk_uart
     0000020E  _UART_rx_on                        pdk_uart
     00000212  _UART_rx_off                       pdk_uart
     00000218  _UART_getchar                      pdk_uart
     00000238  _UART_kbhit                        pdk_uart
     00000248  _UART_flush_input_buffer           pdk_uart
     0000024E  _UART_transmit_busy                pdk_uart
     0000025E  _UART_putC                         pdk_uart
     0000028C  _UART_print                        pdk_uart
     000002B8  _UART_printNum                     pdk_uart
     000003EC  _TIM2_interrupt                    pdk_uart
     0000048A  _PA4_interrupt                     pdk_uart
     0000049E  _I2C_Ack                           pdk_i2c
     000004BE  _I2C_NoAck                         pdk_i2c
     000004DE  _I2C_start                         pdk_i2c
     000004FA  _I2C_stop                          pdk_i2c
     00000516  _I2C_write_t                       pdk_i2c
     0000055A  _I2C_read_t                        pdk_i2c
     000005A0  _I2C_beginTransmission             pdk_i2c
     000005B0  _I2C_write                         pdk_i2c
     000005C2  _I2C_writeBuf                      pdk_i2c
     000005E2  _I2C_endTransmission               pdk_i2c
     00000600  _I2C_requestFrom                   pdk_i2c
     00000664  _I2C_read                          pdk_i2c
     00000680  _I2C_available                     pdk_i2c
     00000686  _I2C_begin                         pdk_i2c
     0000068C  __delay_loop_8                     delay
     00000692  __delay_loop_16                    delay
     000006A2  __delay_loop_32                    delay
     000006BA  _AT24C_write                       pdk_24c
     0000070E  _AT24C_read                        pdk_24c
     00000746  _AT24C_erase                       pdk_24c
     00000778  _AT24C_writeBuf                    pdk_24c
     000007D4  _AT24C_writeBuf2                   pdk_24c
     0000082E  _AT24C_readBuf                     pdk_24c
     0000089E  __modsint                          _modsint
     00000910  __moduint                          _moduint
     0000096C  __divsint                          _divsint
     000009E6  __divuint                          _divuint
     00000A32  __gptrget                          __gptrget

ASxxxx Linker V03.00 + NoICE + sdld,  page 15.
Hexadecimal  [32-Bits]

Area                                    Addr        Size        Decimal Bytes (Attributes)
--------------------------------        ----        ----        ------- ----- ------------
CONST                               00000A4A    00000022 =          34. bytes (REL,CON)

      Value  Global                              Global Defined In Module
      -----  --------------------------------   ------------------------
ASxxxx Linker V03.00 + NoICE + sdld,  page 16.

Files Linked                              [ module(s) ]

pdk_24Cxx_PROG.rel                        [ pdk_24Cxx_PROG ]
pdk_uart.rel                              [ pdk_uart ]
pdk_i2c.rel                               [ pdk_i2c ]
delay.rel                                 [ delay ]
pdk_24c.rel                               [ pdk_24c ]


Libraries Linked                          [ object file ]

c:\Program Files\SDCC\bin\..\lib\pdk15/pdk15.lib
                                          [ _modsint.rel ]
c:\Program Files\SDCC\bin\..\lib\pdk15/pdk15.lib
                                          [ _moduint.rel ]
c:\Program Files\SDCC\bin\..\lib\pdk15/pdk15.lib
                                          [ _divsint.rel ]
c:\Program Files\SDCC\bin\..\lib\pdk15/pdk15.lib
                                          [ _divuint.rel ]
c:\Program Files\SDCC\bin\..\lib\pdk15/pdk15.lib
                                          [ __gptrget.rel ]

ASxxxx Linker V03.00 + NoICE + sdld,  page 17.

User Base Address Definitions

HOME = 0x0022
DATA = 0x0002
SSEG = 0xffffffff

