ASxxxx Linker V03.00 + NoICE + sdld,  page 1.
Hexadecimal  [32-Bits]

Area                                    Addr        Size        Decimal Bytes (Attributes)
--------------------------------        ----        ----        ------- ----- ------------
.  .ABS.                            00000000    00000000 =           0. bytes (ABS,CON)

      Value  Global                              Global Defined In Module
      -----  --------------------------------   ------------------------
     00000000  .__.ABS.                           __gptrget
     00000000  __flag                             pms150_ws2812
     00000000  l_CABS                          
     00000000  l_DABS                          
     00000000  l_HEADER                        
     00000000  l_PREG                          
     00000000  l_RSEG                          
     00000000  l__CODE                         
     00000000  s_CABS                          
     00000000  s_DABS                          
     00000000  s_HEADER                        
     00000000  s_HEADER1                       
     00000000  s_HEADER3                       
     00000000  s_PREG                          
     00000000  s_PREG2                         
     00000000  s_RSEG                          
     00000000  s_RSEG0                         
     00000000  s__CODE                         
     00000001  l_SSEG                          
     00000002  __sp                               pms150_ws2812
     00000002  l_GSFINAL                       
     00000002  l_HEADER1                       
     00000002  l_HOME                          
     00000002  l_PREG2                         
     00000002  l_RSEG0                         
     00000002  s_DATA                          
     00000003  __clkmd                            pms150_ws2812
     00000004  __inten                            pms150_ws2812
     00000005  __intrq                            pms150_ws2812
     00000006  __t16m                             pms150_ws2812
     00000009  __tm2b                             pms150_ws2812
     00000009  l_OSEG                          
     0000000A  __eoscr                            pms150_ws2812
     0000000B  __ihrcr                            pms150_ws2812
     0000000C  __integs                           pms150_ws2812
     0000000D  __padier                           pms150_ws2812
     00000010  __pa                               pms150_ws2812
     00000010  l_HEADER3                       
     00000011  __pac                              pms150_ws2812
     00000012  __paph                             pms150_ws2812
     00000017  __tm2s                             pms150_ws2812
     00000019  __bgtr                             pms150_ws2812
     0000001A  __gpcc                             pms150_ws2812
     0000001B  __misc                             pms150_ws2812
     0000001C  __tm2c                             pms150_ws2812
     0000001D  __tm2ct                            pms150_ws2812
     0000001E  __gpcs                             pms150_ws2812
     0000001F  __ilrcr                            pms150_ws2812
     00000022  s_HOME                          
     00000024  l_GSINIT                        
ASxxxx Linker V03.00 + NoICE + sdld,  page 2.
Hexadecimal  [32-Bits]

Area                                    Addr        Size        Decimal Bytes (Attributes)
--------------------------------        ----        ----        ------- ----- ------------
.  .ABS.                            00000000    00000000 =           0. bytes (ABS,CON)

      Value  Global                              Global Defined In Module
      -----  --------------------------------   ------------------------
     00000024  s_GSINIT                        
     00000026  l_DATA                          
     00000028  s_OSEG                          
     00000031  s_SSEG                          
     00000048  s_GSFINAL                       
     0000004A  s_CODE                          
     00000076  l_CONST                         
     0000048C  l_CODE                          
     000004D6  s_CONST                         

ASxxxx Linker V03.00 + NoICE + sdld,  page 3.
Hexadecimal  [32-Bits]

Area                                    Addr        Size        Decimal Bytes (Attributes)
--------------------------------        ----        ----        ------- ----- ------------
DATA                                00000002    00000026 =          38. bytes (REL,CON)

      Value  Global                              Global Defined In Module
      -----  --------------------------------   ------------------------
     00000002  _button_value                      pms150_ws2812
     00000003  _button_flag                       pms150_ws2812
     00000004  _button_press                      pms150_ws2812
     00000005  _light_mode                        pms150_ws2812
     00000006  _command                           pms150_ws2812
     00000007  _mode_counter                      pms150_ws2812
     00000008  _hue                               pms150_ws2812
     00000009  _hue1                              pms150_ws2812
     0000000A  _huef                              pms150_ws2812
     0000000B  _lm                                pms150_ws2812
     0000000C  _count_ms                          pms150_ws2812
     0000000E  _count_ms1                         pms150_ws2812
     00000010  _NEO_sendByte_PARM_1               pms150_ws2812
     00000012  _NEO_writeColor_PARM_1             pms150_ws2812
     00000013  _NEO_writeColor_PARM_2             pms150_ws2812
     00000014  _NEO_writeColor_PARM_3             pms150_ws2812
     00000015  _changeColor_PARM_1                pms150_ws2812
     00000017  _changeColor_PARM_2                pms150_ws2812
     00000019  _changeColor_PARM_3                pms150_ws2812
     0000001E  _txdata                            pms150_ws2812
     00000021  __delay_loop_8_PARM_1              delay
     00000022  __delay_loop_16_PARM_1             delay
     00000024  __delay_loop_32_PARM_1             delay

ASxxxx Linker V03.00 + NoICE + sdld,  page 4.
Hexadecimal  [32-Bits]

Area                                    Addr        Size        Decimal Bytes (Attributes)
--------------------------------        ----        ----        ------- ----- ------------
OSEG                                00000028    00000009 =           9. bytes (REL,OVR)

      Value  Global                              Global Defined In Module
      -----  --------------------------------   ------------------------
ASxxxx Linker V03.00 + NoICE + sdld,  page 5.
Hexadecimal  [32-Bits]

Area                                    Addr        Size        Decimal Bytes (Attributes)
--------------------------------        ----        ----        ------- ----- ------------
RSEG0                               00000000    00000002 =           2. bytes (ABS,CON)

      Value  Global                              Global Defined In Module
      -----  --------------------------------   ------------------------
     00000000  __t16c                             pms150_ws2812

ASxxxx Linker V03.00 + NoICE + sdld,  page 6.
Hexadecimal  [32-Bits]

Area                                    Addr        Size        Decimal Bytes (Attributes)
--------------------------------        ----        ----        ------- ----- ------------
SSEG                                00000031    00000001 =           1. bytes (REL,CON)

      Value  Global                              Global Defined In Module
      -----  --------------------------------   ------------------------
ASxxxx Linker V03.00 + NoICE + sdld,  page 7.
Hexadecimal  [32-Bits]

Area                                    Addr        Size        Decimal Bytes (Attributes)
--------------------------------        ----        ----        ------- ----- ------------
HOME                                00000022    00000002 =           2. bytes (REL,CON)

      Value  Global                              Global Defined In Module
      -----  --------------------------------   ------------------------
ASxxxx Linker V03.00 + NoICE + sdld,  page 8.
Hexadecimal  [32-Bits]

Area                                    Addr        Size        Decimal Bytes (Attributes)
--------------------------------        ----        ----        ------- ----- ------------
HEADER1                             00000000    00000002 =           2. bytes (ABS,CON)

      Value  Global                              Global Defined In Module
      -----  --------------------------------   ------------------------
ASxxxx Linker V03.00 + NoICE + sdld,  page 9.
Hexadecimal  [32-Bits]

Area                                    Addr        Size        Decimal Bytes (Attributes)
--------------------------------        ----        ----        ------- ----- ------------
GSINIT                              00000024    00000024 =          36. bytes (REL,CON)

      Value  Global                              Global Defined In Module
      -----  --------------------------------   ------------------------
ASxxxx Linker V03.00 + NoICE + sdld,  page 10.
Hexadecimal  [32-Bits]

Area                                    Addr        Size        Decimal Bytes (Attributes)
--------------------------------        ----        ----        ------- ----- ------------
GSFINAL                             00000048    00000002 =           2. bytes (REL,CON)

      Value  Global                              Global Defined In Module
      -----  --------------------------------   ------------------------
ASxxxx Linker V03.00 + NoICE + sdld,  page 11.
Hexadecimal  [32-Bits]

Area                                    Addr        Size        Decimal Bytes (Attributes)
--------------------------------        ----        ----        ------- ----- ------------
PREG2                               00000000    00000002 =           2. bytes (ABS,CON)

      Value  Global                              Global Defined In Module
      -----  --------------------------------   ------------------------
     00000000  p                                  pms150_ws2812

ASxxxx Linker V03.00 + NoICE + sdld,  page 12.
Hexadecimal  [32-Bits]

Area                                    Addr        Size        Decimal Bytes (Attributes)
--------------------------------        ----        ----        ------- ----- ------------
HEADER3                             00000000    00000010 =          16. bytes (ABS,CON)

      Value  Global                              Global Defined In Module
      -----  --------------------------------   ------------------------
ASxxxx Linker V03.00 + NoICE + sdld,  page 13.
Hexadecimal  [32-Bits]

Area                                    Addr        Size        Decimal Bytes (Attributes)
--------------------------------        ----        ----        ------- ----- ------------
CODE                                0000004A    0000048C =        1164. bytes (REL,CON)

      Value  Global                              Global Defined In Module
      -----  --------------------------------   ------------------------
     0000004A  __sdcc_external_startup            pms150_ws2812
     00000064  _BUTTON_init                       pms150_ws2812
     0000006E  _LED__SendZero_                    pms150_ws2812
     00000080  _LED__SendOne_                     pms150_ws2812
     00000094  _NEO_sendByte                      pms150_ws2812
     00000118  _NEO_writeColor                    pms150_ws2812
     0000012C  _IR_init                           pms150_ws2812
     00000144  _IR_read                           pms150_ws2812
     00000224  _interrupt                         pms150_ws2812
     00000256  _standby                           pms150_ws2812
     00000278  _changeColor                       pms150_ws2812
     0000029C  _switchColor                       pms150_ws2812
     000002DC  _fadeColor                         pms150_ws2812
     0000031E  _my_delay_ms                       pms150_ws2812
     00000360  _main                              pms150_ws2812
     00000490  __delay_loop_8                     delay
     00000496  __delay_loop_16                    delay
     000004A6  __delay_loop_32                    delay
     000004BE  __gptrget                          __gptrget

ASxxxx Linker V03.00 + NoICE + sdld,  page 14.
Hexadecimal  [32-Bits]

Area                                    Addr        Size        Decimal Bytes (Attributes)
--------------------------------        ----        ----        ------- ----- ------------
CONST                               000004D6    00000076 =         118. bytes (REL,CON)

      Value  Global                              Global Defined In Module
      -----  --------------------------------   ------------------------
     000004D6  _mode_delay                        pms150_ws2812
     000004DE  _mode                              pms150_ws2812
     000004F4  _rv                                pms150_ws2812
     000004FC  _gv                                pms150_ws2812
     00000504  _bv                                pms150_ws2812
     0000050C  _rsv                               pms150_ws2812
     0000051C  _gsv                               pms150_ws2812
     0000052C  _bsv                               pms150_ws2812
     0000053C  _rfv                               pms150_ws2812
     0000053E  _gfv                               pms150_ws2812
     00000540  _bfv                               pms150_ws2812

ASxxxx Linker V03.00 + NoICE + sdld,  page 15.

Files Linked                              [ module(s) ]

pms150_ws2812.rel                         [ pms150_ws2812 ]
delay.rel                                 [ delay ]


Libraries Linked                          [ object file ]

C:\PROGRA~1\SDCC\bin\..\lib\pdk13/pdk13.lib
                                          [ __gptrget.rel ]

ASxxxx Linker V03.00 + NoICE + sdld,  page 16.

User Base Address Definitions

HOME = 0x0022
DATA = 0x0002

