ASxxxx Linker V03.00 + NoICE + sdld,  page 1.
Hexadecimal  [32-Bits]

Area                                    Addr        Size        Decimal Bytes (Attributes)
--------------------------------        ----        ----        ------- ----- ------------
.  .ABS.                            00000000    00000000 =           0. bytes (ABS,CON)

      Value  Global                              Global Defined In Module
      -----  --------------------------------   ------------------------
     00000000  .__.ABS.                           __gptrget
     00000000  __flag                             pdk_24c
     00000000  l_CABS                          
     00000000  l_DABS                          
     00000000  l_HEADER                        
     00000000  l_PREG                          
     00000000  l_RSEG                          
     00000000  l__CODE                         
     00000000  s_CABS                          
     00000000  s_DABS                          
     00000000  s_HEADER                        
     00000000  s_HEADER1                       
     00000000  s_HEADER3                       
     00000000  s_PREG                          
     00000000  s_PREG2                         
     00000000  s_RSEG                          
     00000000  s_RSEG0                         
     00000000  s__CODE                         
     00000001  l_SSEG                          
     00000002  __sp                               pdk_24c
     00000002  l_GSFINAL                       
     00000002  l_HEADER1                       
     00000002  l_HOME                          
     00000002  l_PREG2                         
     00000002  s_DATA                          
     00000003  __clkmd                            pdk_24c
     00000003  l_OSEG                          
     00000004  __inten                            pdk_24c
     00000005  __intrq                            pdk_24c
     00000006  __t16m                             pdk_24c
     00000008  l_RSEG0                         
     0000000A  __eoscr                            pdk_24c
     0000000B  __ihrcr                            pdk_24c
     0000000C  __integs                           pdk_24c
     0000000D  __padier                           pdk_24c
     0000000E  __pbdier                           pdk_24c
     0000000E  l_CONST                         
     0000000F  __pcdier                           pdk_24c
     00000010  __pa                               pdk_24c
     00000010  l_HEADER3                       
     00000011  __pac                              pdk_24c
     00000012  __paph                             pdk_24c
     00000013  __pb                               pdk_24c
     00000014  __pbc                              pdk_24c
     00000015  __pbph                             pdk_24c
     00000016  __pc                               pdk_24c
     00000017  __pcc                              pdk_24c
     00000018  __pcph                             pdk_24c
     00000019  __pbpl                             pdk_24c
     0000001A  __pcpl                             pdk_24c
ASxxxx Linker V03.00 + NoICE + sdld,  page 2.
Hexadecimal  [32-Bits]

Area                                    Addr        Size        Decimal Bytes (Attributes)
--------------------------------        ----        ----        ------- ----- ------------
.  .ABS.                            00000000    00000000 =           0. bytes (ABS,CON)

      Value  Global                              Global Defined In Module
      -----  --------------------------------   ------------------------
     00000020  __adcc                             pdk_24c
     00000021  __adcm                             pdk_24c
     00000022  __adcr                             pdk_24c
     00000022  s_HOME                          
     00000024  __adcrgc                           pdk_24c
     00000024  s_GSINIT                        
     00000026  __misc                             pdk_24c
     00000027  __misc2                            pdk_24c
     00000028  __misclvr                          pdk_24c
     0000002B  __gpcc                             pdk_24c
     0000002C  __gpcs                             pdk_24c
     00000030  __tm2c                             pdk_24c
     00000031  __tm2ct                            pdk_24c
     00000032  __tm2s                             pdk_24c
     00000033  __tm2b                             pdk_24c
     00000034  __tm3c                             pdk_24c
     00000035  __tm3ct                            pdk_24c
     00000036  __tm3s                             pdk_24c
     00000037  __tm3b                             pdk_24c
     0000003E  l_GSINIT                        
     00000040  __pwmg0c                           pdk_24c
     00000041  __pwmgclk                          pdk_24c
     00000042  __pwmg0dth                         pdk_24c
     00000043  __pwmg0dtl                         pdk_24c
     00000044  __pwmgcubh                         pdk_24c
     00000045  __pwmgcubl                         pdk_24c
     00000046  __pwmg1c                           pdk_24c
     00000048  __pwmg1dth                         pdk_24c
     00000049  __pwmg1dtl                         pdk_24c
     0000004C  __pwmg2c                           pdk_24c
     0000004E  __pwmg2dth                         pdk_24c
     0000004F  __pwmg2dtl                         pdk_24c
     00000062  __ilrcr                            pdk_24c
     00000062  s_GSFINAL                       
     00000063  __bgtr                             pdk_24c
     00000064  s_CODE                          
     00000067  __rop                              pdk_24c
     000000C1  l_DATA                          
     000000C3  s_OSEG                          
     000000C6  s_SSEG                          
     000008B0  l_CODE                          
     00000914  s_CONST                         

ASxxxx Linker V03.00 + NoICE + sdld,  page 3.
Hexadecimal  [32-Bits]

Area                                    Addr        Size        Decimal Bytes (Attributes)
--------------------------------        ----        ----        ------- ----- ------------
DATA                                00000002    000000C1 =         193. bytes (REL,CON)

      Value  Global                              Global Defined In Module
      -----  --------------------------------   ------------------------
     00000002  _arr                               pfs173_24Cxx
     0000000C  _arr2                              pfs173_24Cxx
     00000036  _qin                               pdk_uart
     00000037  _start_bit                         pdk_uart
     00000038  _qout                              pdk_uart
     00000039  _flag_rx_off                       pdk_uart
     0000003A  _flag_rx_ready                     pdk_uart
     0000003B  _flag_tx_busy                      pdk_uart
     0000003C  _bits_left_in_tx                   pdk_uart
     0000003D  _internal_tx_buffer                pdk_uart
     0000003F  _UART_putC_PARM_1                  pdk_uart
     00000040  _UART_print_PARM_1                 pdk_uart
     00000044  _UART_printNum_PARM_1              pdk_uart
     0000004F  _rxBufferIndex                     pdk_i2c
     00000050  _rxBufferLength                    pdk_i2c
     00000051  _rxBuffer                          pdk_i2c
     00000061  _txBufferIndex                     pdk_i2c
     00000062  _txBufferLength                    pdk_i2c
     00000063  _txBuffer                          pdk_i2c
     00000073  _I2C_write_t_PARM_1                pdk_i2c
     00000075  _I2C_read_t_PARM_1                 pdk_i2c
     00000078  _I2C_beginTransmission_PARM_1      pdk_i2c
     00000079  _I2C_write_PARM_1                  pdk_i2c
     0000007A  _I2C_writeBuffer_PARM_1            pdk_i2c
     0000007C  _I2C_writeBuffer_PARM_2            pdk_i2c
     0000007F  _I2C_requestFrom_PARM_1            pdk_i2c
     00000080  _I2C_requestFrom_PARM_2            pdk_i2c
     00000085  __delay_loop_8_PARM_1              delay
     00000086  __delay_loop_16_PARM_1             delay
     00000088  __delay_loop_32_PARM_1             delay
     0000008C  _AT24C_write_PARM_1                pdk_24c
     0000008E  _AT24C_write_PARM_2                pdk_24c
     00000090  _AT24C_read_PARM_1                 pdk_24c
     00000095  _AT24C_writeBuf_PARM_1             pdk_24c
     00000097  _AT24C_writeBuf_PARM_2             pdk_24c
     00000099  _AT24C_writeBuf_PARM_3             pdk_24c
     0000009D  _AT24C_readBuf_PARM_1              pdk_24c
     0000009F  _AT24C_readBuf_PARM_2              pdk_24c
     000000A1  _AT24C_readBuf_PARM_3              pdk_24c
     000000A8  __modsint_PARM_1                   _modsint
     000000AA  __modsint_PARM_2                   _modsint
     000000B1  __moduint_PARM_1                   _moduint
     000000B3  __moduint_PARM_2                   _moduint
     000000B5  __divsint_PARM_1                   _divsint
     000000B7  __divsint_PARM_2                   _divsint
     000000BF  __divuint_PARM_1                   _divuint
     000000C1  __divuint_PARM_2                   _divuint

ASxxxx Linker V03.00 + NoICE + sdld,  page 4.
Hexadecimal  [32-Bits]

Area                                    Addr        Size        Decimal Bytes (Attributes)
--------------------------------        ----        ----        ------- ----- ------------
OSEG                                000000C3    00000003 =           3. bytes (REL,OVR)

      Value  Global                              Global Defined In Module
      -----  --------------------------------   ------------------------
ASxxxx Linker V03.00 + NoICE + sdld,  page 5.
Hexadecimal  [32-Bits]

Area                                    Addr        Size        Decimal Bytes (Attributes)
--------------------------------        ----        ----        ------- ----- ------------
RSEG0                               00000000    00000008 =           8. bytes (ABS,CON)

      Value  Global                              Global Defined In Module
      -----  --------------------------------   ------------------------
     00000006  __t16c                             pdk_24c

ASxxxx Linker V03.00 + NoICE + sdld,  page 6.
Hexadecimal  [32-Bits]

Area                                    Addr        Size        Decimal Bytes (Attributes)
--------------------------------        ----        ----        ------- ----- ------------
SSEG                                000000C6    00000001 =           1. bytes (REL,CON)

      Value  Global                              Global Defined In Module
      -----  --------------------------------   ------------------------
ASxxxx Linker V03.00 + NoICE + sdld,  page 7.
Hexadecimal  [32-Bits]

Area                                    Addr        Size        Decimal Bytes (Attributes)
--------------------------------        ----        ----        ------- ----- ------------
HOME                                00000022    00000002 =           2. bytes (REL,CON)

      Value  Global                              Global Defined In Module
      -----  --------------------------------   ------------------------
ASxxxx Linker V03.00 + NoICE + sdld,  page 8.
Hexadecimal  [32-Bits]

Area                                    Addr        Size        Decimal Bytes (Attributes)
--------------------------------        ----        ----        ------- ----- ------------
HEADER1                             00000000    00000002 =           2. bytes (ABS,CON)

      Value  Global                              Global Defined In Module
      -----  --------------------------------   ------------------------
ASxxxx Linker V03.00 + NoICE + sdld,  page 9.
Hexadecimal  [32-Bits]

Area                                    Addr        Size        Decimal Bytes (Attributes)
--------------------------------        ----        ----        ------- ----- ------------
GSINIT                              00000024    0000003E =          62. bytes (REL,CON)

      Value  Global                              Global Defined In Module
      -----  --------------------------------   ------------------------
ASxxxx Linker V03.00 + NoICE + sdld,  page 10.
Hexadecimal  [32-Bits]

Area                                    Addr        Size        Decimal Bytes (Attributes)
--------------------------------        ----        ----        ------- ----- ------------
GSFINAL                             00000062    00000002 =           2. bytes (REL,CON)

      Value  Global                              Global Defined In Module
      -----  --------------------------------   ------------------------
ASxxxx Linker V03.00 + NoICE + sdld,  page 11.
Hexadecimal  [32-Bits]

Area                                    Addr        Size        Decimal Bytes (Attributes)
--------------------------------        ----        ----        ------- ----- ------------
PREG2                               00000000    00000002 =           2. bytes (ABS,CON)

      Value  Global                              Global Defined In Module
      -----  --------------------------------   ------------------------
     00000000  p                                  pfs173_24Cxx

ASxxxx Linker V03.00 + NoICE + sdld,  page 12.
Hexadecimal  [32-Bits]

Area                                    Addr        Size        Decimal Bytes (Attributes)
--------------------------------        ----        ----        ------- ----- ------------
HEADER3                             00000000    00000010 =          16. bytes (ABS,CON)

      Value  Global                              Global Defined In Module
      -----  --------------------------------   ------------------------
ASxxxx Linker V03.00 + NoICE + sdld,  page 13.
Hexadecimal  [32-Bits]

Area                                    Addr        Size        Decimal Bytes (Attributes)
--------------------------------        ----        ----        ------- ----- ------------
CODE                                00000064    000008B0 =        2224. bytes (REL,CON)

      Value  Global                              Global Defined In Module
      -----  --------------------------------   ------------------------
     00000064  __sdcc_external_startup            pfs173_24Cxx
     0000007E  _main                              pfs173_24Cxx
     00000102  _interrupt                         pfs173_24Cxx
     00000128  _UART_IO_config                    pdk_uart
     00000148  _UART_begin                        pdk_uart
     0000015A  _UART_rx_on                        pdk_uart
     0000015E  _UART_rx_off                       pdk_uart
     00000164  _UART_getchar                      pdk_uart
     00000184  _UART_kbhit                        pdk_uart
     00000194  _UART_flush_input_buffer           pdk_uart
     0000019A  _UART_transmit_busy                pdk_uart
     000001AA  _UART_putC                         pdk_uart
     000001CC  _UART_print                        pdk_uart
     000001F8  _UART_printNum                     pdk_uart
     0000032C  _TIM2_interrupt                    pdk_uart
     000003BE  _PB5_interrupt                     pdk_uart
     000003CE  _I2C_Ack                           pdk_i2c
     000003EE  _I2C_NoAck                         pdk_i2c
     0000040E  _I2C_start                         pdk_i2c
     0000042A  _I2C_stop                          pdk_i2c
     00000446  _I2C_write_t                       pdk_i2c
     0000048A  _I2C_read_t                        pdk_i2c
     000004D0  _I2C_beginTransmission             pdk_i2c
     000004E0  _I2C_write                         pdk_i2c
     000004F2  _I2C_writeBuffer                   pdk_i2c
     00000512  _I2C_endTransmission               pdk_i2c
     00000530  _I2C_requestFrom                   pdk_i2c
     00000594  _I2C_read                          pdk_i2c
     000005B0  _I2C_available                     pdk_i2c
     000005B6  _I2C_begin                         pdk_i2c
     000005BC  __delay_loop_8                     delay
     000005C2  __delay_loop_16                    delay
     000005D2  __delay_loop_32                    delay
     000005EA  _AT24C_write                       pdk_24c
     0000063C  _AT24C_read                        pdk_24c
     00000672  _AT24C_erase                       pdk_24c
     000006A4  _AT24C_writeBuf                    pdk_24c
     00000700  _AT24C_readBuf                     pdk_24c
     0000076E  __modsint                          _modsint
     000007E0  __moduint                          _moduint
     0000083C  __divsint                          _divsint
     000008B6  __divuint                          _divuint
     000008FC  __gptrget                          __gptrget

ASxxxx Linker V03.00 + NoICE + sdld,  page 14.
Hexadecimal  [32-Bits]

Area                                    Addr        Size        Decimal Bytes (Attributes)
--------------------------------        ----        ----        ------- ----- ------------
CONST                               00000914    0000000E =          14. bytes (REL,CON)

      Value  Global                              Global Defined In Module
      -----  --------------------------------   ------------------------
ASxxxx Linker V03.00 + NoICE + sdld,  page 15.

Files Linked                              [ module(s) ]

pfs173_24Cxx.rel                          [ pfs173_24Cxx ]
pdk_uart.rel                              [ pdk_uart ]
pdk_i2c.rel                               [ pdk_i2c ]
delay.rel                                 [ delay ]
pdk_24c.rel                               [ pdk_24c ]


Libraries Linked                          [ object file ]

C:\PROGRA~1\SDCC\bin\..\lib\pdk15/pdk15.lib
                                          [ _modsint.rel ]
C:\PROGRA~1\SDCC\bin\..\lib\pdk15/pdk15.lib
                                          [ _moduint.rel ]
C:\PROGRA~1\SDCC\bin\..\lib\pdk15/pdk15.lib
                                          [ _divsint.rel ]
C:\PROGRA~1\SDCC\bin\..\lib\pdk15/pdk15.lib
                                          [ _divuint.rel ]
C:\PROGRA~1\SDCC\bin\..\lib\pdk15/pdk15.lib
                                          [ __gptrget.rel ]

ASxxxx Linker V03.00 + NoICE + sdld,  page 16.

User Base Address Definitions

HOME = 0x0022
DATA = 0x0002

