ASxxxx Linker V03.00 + NoICE + sdld,  page 1.
Hexadecimal  [32-Bits]

Area                                    Addr        Size        Decimal Bytes (Attributes)
--------------------------------        ----        ----        ------- ----- ------------
.  .ABS.                            00000000    00000000 =           0. bytes (ABS,CON)

      Value  Global                              Global Defined In Module
      -----  --------------------------------   ------------------------
     00000000  .__.ABS.                           __gptrget
     00000000  __flag                             pdk_i2c
     00000000  l_CABS                          
     00000000  l_DABS                          
     00000000  l_HEADER                        
     00000000  l_PREG                          
     00000000  l_RSEG                          
     00000000  l__CODE                         
     00000000  s_CABS                          
     00000000  s_DABS                          
     00000000  s_HEADER                        
     00000000  s_HEADER1                       
     00000000  s_HEADER3                       
     00000000  s_PREG                          
     00000000  s_PREG2                         
     00000000  s_RSEG                          
     00000000  s_RSEG0                         
     00000000  s__CODE                         
     00000001  l_SSEG                          
     00000002  __sp                               pdk_i2c
     00000002  l_GSFINAL                       
     00000002  l_HEADER1                       
     00000002  l_HOME                          
     00000002  l_PREG2                         
     00000002  s_DATA                          
     00000003  __clkmd                            pdk_i2c
     00000004  __inten                            pdk_i2c
     00000004  l_RSEG0                         
     00000005  __intrq                            pdk_i2c
     00000006  __t16m                             pdk_i2c
     00000009  l_OSEG                          
     0000000A  __eoscr                            pdk_i2c
     0000000B  __ihrcr                            pdk_i2c
     0000000C  __integs                           pdk_i2c
     0000000D  __padier                           pdk_i2c
     0000000E  __pbdier                           pdk_i2c
     0000000F  __pcdier                           pdk_i2c
     00000010  __pa                               pdk_i2c
     00000010  l_HEADER3                       
     00000011  __pac                              pdk_i2c
     00000012  __paph                             pdk_i2c
     00000013  __pb                               pdk_i2c
     00000014  __pbc                              pdk_i2c
     00000015  __pbph                             pdk_i2c
     00000016  __pc                               pdk_i2c
     00000017  __pcc                              pdk_i2c
     00000018  __pcph                             pdk_i2c
     00000019  __pbpl                             pdk_i2c
     0000001A  __pcpl                             pdk_i2c
     00000020  __adcc                             pdk_i2c
ASxxxx Linker V03.00 + NoICE + sdld,  page 2.
Hexadecimal  [32-Bits]

Area                                    Addr        Size        Decimal Bytes (Attributes)
--------------------------------        ----        ----        ------- ----- ------------
.  .ABS.                            00000000    00000000 =           0. bytes (ABS,CON)

      Value  Global                              Global Defined In Module
      -----  --------------------------------   ------------------------
     00000021  __adcm                             pdk_i2c
     00000022  __adcr                             pdk_i2c
     00000022  s_HOME                          
     00000024  __adcrgc                           pdk_i2c
     00000024  l_GSINIT                        
     00000024  s_GSINIT                        
     00000026  __misc                             pdk_i2c
     00000027  __misc2                            pdk_i2c
     00000028  __misclvr                          pdk_i2c
     0000002B  __gpcc                             pdk_i2c
     0000002C  __gpcs                             pdk_i2c
     00000030  __tm2c                             pdk_i2c
     00000031  __tm2ct                            pdk_i2c
     00000032  __tm2s                             pdk_i2c
     00000033  __tm2b                             pdk_i2c
     00000034  __tm3c                             pdk_i2c
     00000035  __tm3ct                            pdk_i2c
     00000036  __tm3s                             pdk_i2c
     00000037  __tm3b                             pdk_i2c
     00000040  __pwmg0c                           pdk_i2c
     00000041  __pwmgclk                          pdk_i2c
     00000042  __pwmg0dth                         pdk_i2c
     00000043  __pwmg0dtl                         pdk_i2c
     00000044  __pwmgcubh                         pdk_i2c
     00000045  __pwmgcubl                         pdk_i2c
     00000046  __pwmg1c                           pdk_i2c
     00000048  __pwmg1dth                         pdk_i2c
     00000048  s_GSFINAL                       
     00000049  __pwmg1dtl                         pdk_i2c
     0000004A  s_CODE                          
     0000004C  __pwmg2c                           pdk_i2c
     0000004E  __pwmg2dth                         pdk_i2c
     0000004F  __pwmg2dtl                         pdk_i2c
     0000005C  l_DATA                          
     0000005E  s_OSEG                          
     00000062  __ilrcr                            pdk_i2c
     00000063  __bgtr                             pdk_i2c
     00000067  __rop                              pdk_i2c
     00000067  s_SSEG                          
     00000076  l_CONST                         
     00000668  l_CODE                          
     000006B2  s_CONST                         

ASxxxx Linker V03.00 + NoICE + sdld,  page 3.
Hexadecimal  [32-Bits]

Area                                    Addr        Size        Decimal Bytes (Attributes)
--------------------------------        ----        ----        ------- ----- ------------
DATA                                00000002    0000005C =          92. bytes (REL,CON)

      Value  Global                              Global Defined In Module
      -----  --------------------------------   ------------------------
     00000002  _button_value                      pfs173_ws2812
     00000003  _button_flag                       pfs173_ws2812
     00000004  _button_press                      pfs173_ws2812
     00000005  _light_mode                        pfs173_ws2812
     00000006  _command                           pfs173_ws2812
     00000007  _mode_counter                      pfs173_ws2812
     00000008  _hue                               pfs173_ws2812
     00000009  _hue1                              pfs173_ws2812
     0000000A  _huef                              pfs173_ws2812
     0000000B  _lm                                pfs173_ws2812
     0000000C  _count_ms                          pfs173_ws2812
     0000000E  _count_ms1                         pfs173_ws2812
     00000010  _NEO_sendByte_PARM_1               pfs173_ws2812
     00000012  _NEO_writeColor_PARM_1             pfs173_ws2812
     00000013  _NEO_writeColor_PARM_2             pfs173_ws2812
     00000014  _NEO_writeColor_PARM_3             pfs173_ws2812
     00000015  _changeColor_PARM_1                pfs173_ws2812
     00000017  _changeColor_PARM_2                pfs173_ws2812
     00000019  _changeColor_PARM_3                pfs173_ws2812
     0000001E  _txdata                            pfs173_ws2812
     00000021  _rxBufferIndex                     pdk_i2c
     00000022  _rxBufferLength                    pdk_i2c
     00000023  _rxBuffer                          pdk_i2c
     00000033  _txBufferIndex                     pdk_i2c
     00000034  _txBufferLength                    pdk_i2c
     00000035  _txBuffer                          pdk_i2c
     00000045  _I2C_write_t_PARM_1                pdk_i2c
     00000047  _I2C_read_t_PARM_1                 pdk_i2c
     0000004A  _I2C_beginTransmission_PARM_1      pdk_i2c
     0000004B  _I2C_write_PARM_1                  pdk_i2c
     0000004C  _I2C_writeBuffer_PARM_1            pdk_i2c
     0000004E  _I2C_writeBuffer_PARM_2            pdk_i2c
     00000051  _I2C_requestFrom_PARM_1            pdk_i2c
     00000052  _I2C_requestFrom_PARM_2            pdk_i2c
     00000057  __delay_loop_8_PARM_1              delay
     00000058  __delay_loop_16_PARM_1             delay
     0000005A  __delay_loop_32_PARM_1             delay

ASxxxx Linker V03.00 + NoICE + sdld,  page 4.
Hexadecimal  [32-Bits]

Area                                    Addr        Size        Decimal Bytes (Attributes)
--------------------------------        ----        ----        ------- ----- ------------
OSEG                                0000005E    00000009 =           9. bytes (REL,OVR)

      Value  Global                              Global Defined In Module
      -----  --------------------------------   ------------------------
ASxxxx Linker V03.00 + NoICE + sdld,  page 5.
Hexadecimal  [32-Bits]

Area                                    Addr        Size        Decimal Bytes (Attributes)
--------------------------------        ----        ----        ------- ----- ------------
RSEG0                               00000000    00000004 =           4. bytes (ABS,CON)

      Value  Global                              Global Defined In Module
      -----  --------------------------------   ------------------------
     00000002  __t16c                             pdk_i2c

ASxxxx Linker V03.00 + NoICE + sdld,  page 6.
Hexadecimal  [32-Bits]

Area                                    Addr        Size        Decimal Bytes (Attributes)
--------------------------------        ----        ----        ------- ----- ------------
SSEG                                00000067    00000001 =           1. bytes (REL,CON)

      Value  Global                              Global Defined In Module
      -----  --------------------------------   ------------------------
ASxxxx Linker V03.00 + NoICE + sdld,  page 7.
Hexadecimal  [32-Bits]

Area                                    Addr        Size        Decimal Bytes (Attributes)
--------------------------------        ----        ----        ------- ----- ------------
HOME                                00000022    00000002 =           2. bytes (REL,CON)

      Value  Global                              Global Defined In Module
      -----  --------------------------------   ------------------------
ASxxxx Linker V03.00 + NoICE + sdld,  page 8.
Hexadecimal  [32-Bits]

Area                                    Addr        Size        Decimal Bytes (Attributes)
--------------------------------        ----        ----        ------- ----- ------------
HEADER1                             00000000    00000002 =           2. bytes (ABS,CON)

      Value  Global                              Global Defined In Module
      -----  --------------------------------   ------------------------
ASxxxx Linker V03.00 + NoICE + sdld,  page 9.
Hexadecimal  [32-Bits]

Area                                    Addr        Size        Decimal Bytes (Attributes)
--------------------------------        ----        ----        ------- ----- ------------
GSINIT                              00000024    00000024 =          36. bytes (REL,CON)

      Value  Global                              Global Defined In Module
      -----  --------------------------------   ------------------------
ASxxxx Linker V03.00 + NoICE + sdld,  page 10.
Hexadecimal  [32-Bits]

Area                                    Addr        Size        Decimal Bytes (Attributes)
--------------------------------        ----        ----        ------- ----- ------------
GSFINAL                             00000048    00000002 =           2. bytes (REL,CON)

      Value  Global                              Global Defined In Module
      -----  --------------------------------   ------------------------
ASxxxx Linker V03.00 + NoICE + sdld,  page 11.
Hexadecimal  [32-Bits]

Area                                    Addr        Size        Decimal Bytes (Attributes)
--------------------------------        ----        ----        ------- ----- ------------
PREG2                               00000000    00000002 =           2. bytes (ABS,CON)

      Value  Global                              Global Defined In Module
      -----  --------------------------------   ------------------------
     00000000  p                                  pfs173_ws2812

ASxxxx Linker V03.00 + NoICE + sdld,  page 12.
Hexadecimal  [32-Bits]

Area                                    Addr        Size        Decimal Bytes (Attributes)
--------------------------------        ----        ----        ------- ----- ------------
HEADER3                             00000000    00000010 =          16. bytes (ABS,CON)

      Value  Global                              Global Defined In Module
      -----  --------------------------------   ------------------------
ASxxxx Linker V03.00 + NoICE + sdld,  page 13.
Hexadecimal  [32-Bits]

Area                                    Addr        Size        Decimal Bytes (Attributes)
--------------------------------        ----        ----        ------- ----- ------------
CODE                                0000004A    00000668 =        1640. bytes (REL,CON)

      Value  Global                              Global Defined In Module
      -----  --------------------------------   ------------------------
     0000004A  __sdcc_external_startup            pfs173_ws2812
     00000064  _BUTTON_init                       pfs173_ws2812
     0000006E  _LED__SendZero_                    pfs173_ws2812
     00000080  _LED__SendOne_                     pfs173_ws2812
     00000094  _NEO_sendByte                      pfs173_ws2812
     00000108  _NEO_writeColor                    pfs173_ws2812
     0000011C  _IR_init                           pfs173_ws2812
     00000134  _IR_read                           pfs173_ws2812
     00000214  _interrupt                         pfs173_ws2812
     00000246  _standby                           pfs173_ws2812
     00000268  _changeColor                       pfs173_ws2812
     0000028A  _switchColor                       pfs173_ws2812
     000002CA  _fadeColor                         pfs173_ws2812
     0000030C  _my_delay_ms                       pfs173_ws2812
     0000034E  _main                              pfs173_ws2812
     00000478  _I2C_Ack                           pdk_i2c
     00000498  _I2C_NoAck                         pdk_i2c
     000004B8  _I2C_start                         pdk_i2c
     000004D4  _I2C_stop                          pdk_i2c
     000004F0  _I2C_write_t                       pdk_i2c
     00000534  _I2C_read_t                        pdk_i2c
     00000580  _I2C_beginTransmission             pdk_i2c
     00000590  _I2C_write                         pdk_i2c
     000005A2  _I2C_writeBuffer                   pdk_i2c
     000005C2  _I2C_endTransmission               pdk_i2c
     000005E0  _I2C_requestFrom                   pdk_i2c
     00000644  _I2C_read                          pdk_i2c
     00000660  _I2C_available                     pdk_i2c
     00000666  _I2C_begin                         pdk_i2c
     0000066C  __delay_loop_8                     delay
     00000672  __delay_loop_16                    delay
     00000682  __delay_loop_32                    delay
     0000069A  __gptrget                          __gptrget
ASxxxx Linker V03.00 + NoICE + sdld,  page 14.
Hexadecimal  [32-Bits]

Area                                    Addr        Size        Decimal Bytes (Attributes)
--------------------------------        ----        ----        ------- ----- ------------
CONST                               000006B2    00000076 =         118. bytes (REL,CON)

      Value  Global                              Global Defined In Module
      -----  --------------------------------   ------------------------
     000006B2  _mode_delay                        pfs173_ws2812
     000006BA  _mode                              pfs173_ws2812
     000006D0  _rv                                pfs173_ws2812
     000006D8  _gv                                pfs173_ws2812
     000006E0  _bv                                pfs173_ws2812
     000006E8  _rsv                               pfs173_ws2812
     000006F8  _gsv                               pfs173_ws2812
     00000708  _bsv                               pfs173_ws2812
     00000718  _rfv                               pfs173_ws2812
     0000071A  _gfv                               pfs173_ws2812
     0000071C  _bfv                               pfs173_ws2812

ASxxxx Linker V03.00 + NoICE + sdld,  page 15.

Files Linked                              [ module(s) ]

pfs173_ws2812.rel                         [ pfs173_ws2812 ]
pdk_i2c.rel                               [ pdk_i2c ]
delay.rel                                 [ delay ]


Libraries Linked                          [ object file ]

C:\PROGRA~1\SDCC\bin\..\lib\pdk15/pdk15.lib
                                          [ __gptrget.rel ]

ASxxxx Linker V03.00 + NoICE + sdld,  page 16.

User Base Address Definitions

HOME = 0x0022
DATA = 0x0002

