                                      1 ;--------------------------------------------------------
                                      2 ; File Created by SDCC : free open source ANSI-C Compiler
                                      3 ; Version 4.2.0 #13081 (MINGW64)
                                      4 ;--------------------------------------------------------
                                      5 	.module pdk_i2c
                                      6 	.optsdcc -mpdk15
                                      7 	
                                      8 
                                      9 ; default segment ordering in RAM for linker
                                     10 	.area DATA
                                     11 	.area OSEG (OVR,DATA)
                                     12 
                                     13 ;--------------------------------------------------------
                                     14 ; Public variables in this module
                                     15 ;--------------------------------------------------------
                                     16 	.globl __t16c
                                     17 	.globl __rop
                                     18 	.globl __bgtr
                                     19 	.globl __ilrcr
                                     20 	.globl __pwmg2dtl
                                     21 	.globl __pwmg2dth
                                     22 	.globl __pwmg2c
                                     23 	.globl __pwmg1dtl
                                     24 	.globl __pwmg1dth
                                     25 	.globl __pwmg1c
                                     26 	.globl __pwmgcubl
                                     27 	.globl __pwmgcubh
                                     28 	.globl __pwmg0dtl
                                     29 	.globl __pwmg0dth
                                     30 	.globl __pwmgclk
                                     31 	.globl __pwmg0c
                                     32 	.globl __tm3b
                                     33 	.globl __tm3s
                                     34 	.globl __tm3ct
                                     35 	.globl __tm3c
                                     36 	.globl __tm2b
                                     37 	.globl __tm2s
                                     38 	.globl __tm2ct
                                     39 	.globl __tm2c
                                     40 	.globl __gpcs
                                     41 	.globl __gpcc
                                     42 	.globl __misclvr
                                     43 	.globl __misc2
                                     44 	.globl __misc
                                     45 	.globl __adcrgc
                                     46 	.globl __adcr
                                     47 	.globl __adcm
                                     48 	.globl __adcc
                                     49 	.globl __pcpl
                                     50 	.globl __pbpl
                                     51 	.globl __pcph
                                     52 	.globl __pcc
                                     53 	.globl __pc
                                     54 	.globl __pbph
                                     55 	.globl __pbc
                                     56 	.globl __pb
                                     57 	.globl __paph
                                     58 	.globl __pac
                                     59 	.globl __pa
                                     60 	.globl __pcdier
                                     61 	.globl __pbdier
                                     62 	.globl __padier
                                     63 	.globl __integs
                                     64 	.globl __ihrcr
                                     65 	.globl __eoscr
                                     66 	.globl __t16m
                                     67 	.globl __intrq
                                     68 	.globl __inten
                                     69 	.globl __clkmd
                                     70 	.globl __sp
                                     71 	.globl __flag
                                     72 	.globl _DS1307_Set_PARM_6
                                     73 	.globl _DS1307_Set_PARM_5
                                     74 	.globl _DS1307_Set_PARM_4
                                     75 	.globl _DS1307_Set_PARM_3
                                     76 	.globl _DS1307_Set_PARM_2
                                     77 	.globl _DS1307_Set_PARM_1
                                     78 	.globl _DS1307_Read_PARM_1
                                     79 	.globl _DS1307_Write_PARM_2
                                     80 	.globl _DS1307_Write_PARM_1
                                     81 	.globl _I2C_write_PARM_1
                                     82 	.globl _I2C_start
                                     83 	.globl _I2C_stop
                                     84 	.globl _I2C_write
                                     85 	.globl _I2C_read
                                     86 	.globl _DS1307_Write
                                     87 	.globl _DS1307_Read
                                     88 	.globl _DS1307_Set
                                     89 ;--------------------------------------------------------
                                     90 ; special function registers
                                     91 ;--------------------------------------------------------
                                     92 	.area RSEG (ABS)
      000000                         93 	.org 0x0000
                           000000    94 __flag	=	0x0000
                           000002    95 __sp	=	0x0002
                           000003    96 __clkmd	=	0x0003
                           000004    97 __inten	=	0x0004
                           000005    98 __intrq	=	0x0005
                           000006    99 __t16m	=	0x0006
                           00000A   100 __eoscr	=	0x000a
                           00000B   101 __ihrcr	=	0x000b
                           00000C   102 __integs	=	0x000c
                           00000D   103 __padier	=	0x000d
                           00000E   104 __pbdier	=	0x000e
                           00000F   105 __pcdier	=	0x000f
                           000010   106 __pa	=	0x0010
                           000011   107 __pac	=	0x0011
                           000012   108 __paph	=	0x0012
                           000013   109 __pb	=	0x0013
                           000014   110 __pbc	=	0x0014
                           000015   111 __pbph	=	0x0015
                           000016   112 __pc	=	0x0016
                           000017   113 __pcc	=	0x0017
                           000018   114 __pcph	=	0x0018
                           000019   115 __pbpl	=	0x0019
                           00001A   116 __pcpl	=	0x001a
                           000020   117 __adcc	=	0x0020
                           000021   118 __adcm	=	0x0021
                           000022   119 __adcr	=	0x0022
                           000024   120 __adcrgc	=	0x0024
                           000026   121 __misc	=	0x0026
                           000027   122 __misc2	=	0x0027
                           000028   123 __misclvr	=	0x0028
                           00002B   124 __gpcc	=	0x002b
                           00002C   125 __gpcs	=	0x002c
                           000030   126 __tm2c	=	0x0030
                           000031   127 __tm2ct	=	0x0031
                           000032   128 __tm2s	=	0x0032
                           000033   129 __tm2b	=	0x0033
                           000034   130 __tm3c	=	0x0034
                           000035   131 __tm3ct	=	0x0035
                           000036   132 __tm3s	=	0x0036
                           000037   133 __tm3b	=	0x0037
                           000040   134 __pwmg0c	=	0x0040
                           000041   135 __pwmgclk	=	0x0041
                           000042   136 __pwmg0dth	=	0x0042
                           000043   137 __pwmg0dtl	=	0x0043
                           000044   138 __pwmgcubh	=	0x0044
                           000045   139 __pwmgcubl	=	0x0045
                           000046   140 __pwmg1c	=	0x0046
                           000048   141 __pwmg1dth	=	0x0048
                           000049   142 __pwmg1dtl	=	0x0049
                           00004C   143 __pwmg2c	=	0x004c
                           00004E   144 __pwmg2dth	=	0x004e
                           00004F   145 __pwmg2dtl	=	0x004f
                           000062   146 __ilrcr	=	0x0062
                           000063   147 __bgtr	=	0x0063
                           000067   148 __rop	=	0x0067
      000000                        149 __t16c::
      000000                        150 	.ds 2
                                    151 ;--------------------------------------------------------
                                    152 ; ram data
                                    153 ;--------------------------------------------------------
                                    154 	.area DATA
      000000                        155 _I2C_write_PARM_1:
      000000                        156 	.ds 1
      000001                        157 _DS1307_Write_PARM_1:
      000001                        158 	.ds 1
      000002                        159 _DS1307_Write_PARM_2:
      000002                        160 	.ds 1
      000003                        161 _DS1307_Write_sloc1_1_0:
      000003                        162 	.ds 2
      000005                        163 _DS1307_Write_sloc2_1_0:
      000005                        164 	.ds 1
      000006                        165 _DS1307_Write_sloc3_1_0:
      000006                        166 	.ds 1
      000007                        167 _DS1307_Read_PARM_1:
      000007                        168 	.ds 1
      000008                        169 _DS1307_Read_sloc4_1_0:
      000008                        170 	.ds 1
      000009                        171 _DS1307_Set_PARM_1:
      000009                        172 	.ds 1
      00000A                        173 _DS1307_Set_PARM_2:
      00000A                        174 	.ds 1
      00000B                        175 _DS1307_Set_PARM_3:
      00000B                        176 	.ds 1
      00000C                        177 _DS1307_Set_PARM_4:
      00000C                        178 	.ds 1
      00000D                        179 _DS1307_Set_PARM_5:
      00000D                        180 	.ds 1
      00000E                        181 _DS1307_Set_PARM_6:
      00000E                        182 	.ds 1
                                    183 ;--------------------------------------------------------
                                    184 ; overlayable items in ram
                                    185 ;--------------------------------------------------------
                                    186 	.area	OSEG (OVR,DATA)
      000000                        187 _I2C_read_sloc0_1_0:
      000000                        188 	.ds 1
                                    189 ;--------------------------------------------------------
                                    190 ; absolute external ram data
                                    191 ;--------------------------------------------------------
                                    192 	.area DABS (ABS)
                                    193 ;--------------------------------------------------------
                                    194 ; global & static initialisations
                                    195 ;--------------------------------------------------------
                                    196 	.area HOME
                                    197 	.area GSINIT
                                    198 	.area GSFINAL
                                    199 	.area GSINIT
                                    200 ;--------------------------------------------------------
                                    201 ; Home
                                    202 ;--------------------------------------------------------
                                    203 	.area HOME
                                    204 	.area HOME
                                    205 ;--------------------------------------------------------
                                    206 ; code
                                    207 ;--------------------------------------------------------
                                    208 	.area CODE
                                    209 ;	pdk_i2c.c: 11: void I2C_start()
                                    210 ;	-----------------------------------------
                                    211 ;	 function I2C_start
                                    212 ;	-----------------------------------------
      000000                        213 _I2C_start:
                                    214 ;	pdk_i2c.c: 13: SCL1;
      000000 93 3F                  215 	set1.io	__pb, #7
                                    216 ;	pdk_i2c.c: 14: SDA1;
      000002 13 3F                  217 	set1.io	__pb, #6
                                    218 ;	pdk_i2c.c: 15: SDA0;
      000004 13 3B                  219 	set0.io	__pb, #6
                                    220 ;	pdk_i2c.c: 16: SCL0;
      000006 93 3B                  221 	set0.io	__pb, #7
                                    222 ;	pdk_i2c.c: 17: }
      000008 7A 00                  223 	ret
                                    224 ;	pdk_i2c.c: 18: void I2C_stop()
                                    225 ;	-----------------------------------------
                                    226 ;	 function I2C_stop
                                    227 ;	-----------------------------------------
      00000A                        228 _I2C_stop:
                                    229 ;	pdk_i2c.c: 20: SCL1;
      00000A 93 3F                  230 	set1.io	__pb, #7
                                    231 ;	pdk_i2c.c: 21: SDA0;
      00000C 13 3B                  232 	set0.io	__pb, #6
                                    233 ;	pdk_i2c.c: 22: SDA1;
      00000E 13 3F                  234 	set1.io	__pb, #6
                                    235 ;	pdk_i2c.c: 23: SCL1;
      000010 93 3F                  236 	set1.io	__pb, #7
                                    237 ;	pdk_i2c.c: 24: }
      000012 7A 00                  238 	ret
                                    239 ;	pdk_i2c.c: 25: uint8_t I2C_write(uint8_t dat)
                                    240 ;	-----------------------------------------
                                    241 ;	 function I2C_write
                                    242 ;	-----------------------------------------
      000014                        243 _I2C_write:
                                    244 ;	pdk_i2c.c: 28: for (i = 0; i < 8; i++)
      000014r00r26                  245 	clear	p
      000016                        246 00105$:
                                    247 ;	pdk_i2c.c: 31: if (dat & 0x80)
      000016r00r1F                  248 	mov	a, _I2C_write_PARM_1+0
      000018 80 54                  249 	and	a, #0x80
      00001A 00 53                  250 	cneqsn	a, #0x00
      00001Cr22r60                  251 	goto	00102$
                                    252 ;	pdk_i2c.c: 32: SDA1;
      00001E 13 3F                  253 	set1.io	__pb, #6
      000020r24r60                  254 	goto	00103$
      000022                        255 00102$:
                                    256 ;	pdk_i2c.c: 34: SDA0;
      000022 13 3B                  257 	set0.io	__pb, #6
      000024                        258 00103$:
                                    259 ;	pdk_i2c.c: 35: SCL1;
      000024 93 3F                  260 	set1.io	__pb, #7
                                    261 ;	pdk_i2c.c: 36: SCL0;
      000026 93 3B                  262 	set0.io	__pb, #7
                                    263 ;	pdk_i2c.c: 37: dat <<= 1;
      000028r00r2B                  264 	sl	_I2C_write_PARM_1+0
                                    265 ;	pdk_i2c.c: 28: for (i = 0; i < 8; i++)
      00002Ar00r24                  266 	inc	p
      00002Cr00r1F                  267 	mov	a, p
      00002E 08 51                  268 	sub	a, #0x08
      000030 80 30                  269 	t0sn.io	f, c
      000032r16r60                  270 	goto	00105$
                                    271 ;	pdk_i2c.c: 39: SCL1;
      000034 93 3F                  272 	set1.io	__pb, #7
                                    273 ;	pdk_i2c.c: 40: SCL0;
      000036 93 3B                  274 	set0.io	__pb, #7
                                    275 ;	pdk_i2c.c: 41: return dat;
      000038r00r1F                  276 	mov	a, _I2C_write_PARM_1+0
                                    277 ;	pdk_i2c.c: 42: }
      00003A 7A 00                  278 	ret
                                    279 ;	pdk_i2c.c: 43: uint8_t I2C_read(void)
                                    280 ;	-----------------------------------------
                                    281 ;	 function I2C_read
                                    282 ;	-----------------------------------------
      00003C                        283 _I2C_read:
                                    284 ;	pdk_i2c.c: 45: uint8_t dat = 0x00;;
      00003Cr00r26                  285 	clear	p
                                    286 ;	pdk_i2c.c: 47: SDA1;
      00003E 13 3F                  287 	set1.io	__pb, #6
                                    288 ;	pdk_i2c.c: 48: setb(PBPH, SDA);
      000040 15 3F                  289 	set1.io	__pbph, #6
                                    290 ;	pdk_i2c.c: 49: setb(PBDIER, SDA);
      000042 0E 3F                  291 	set1.io	__pbdier, #6
                                    292 ;	pdk_i2c.c: 50: clrb(PBC, SDA);
      000044 14 3B                  293 	set0.io	__pbc, #6
                                    294 ;	pdk_i2c.c: 52: for (uint8_t i = 0; i < 8; i++) /* For loop read dataa 1 byte */
      000046r00r26                  295 	clear	_I2C_read_sloc0_1_0+0
      000048                        296 00105$:
      000048r00r1F                  297 	mov	a, _I2C_read_sloc0_1_0+0
      00004A 08 51                  298 	sub	a, #0x08
      00004C 80 34                  299 	t1sn.io	f, c
      00004Er6Cr60                  300 	goto	00103$
                                    301 ;	pdk_i2c.c: 54: SCL1;
      000050 93 3F                  302 	set1.io	__pb, #7
                                    303 ;	pdk_i2c.c: 56: dat = dat << 1;
      000052r00r2B                  304 	sl	p
                                    305 ;	pdk_i2c.c: 57: if (inbit(PB, SDA))
      000054 93 01                  306 	mov.io	a, __pb
      000056 40 54                  307 	and	a, #0x40
      000058 6E 00                  308 	swap	a
      00005A 0F 54                  309 	and	a, #0x0f
      00005C 6A 00                  310 	sr	a
      00005E 6A 00                  311 	sr	a
      000060 00 53                  312 	cneqsn	a, #0x00
      000062r66r60                  313 	goto	00102$
                                    314 ;	pdk_i2c.c: 58: dat = dat | 0x01; /* Keep biit daata in dat */
      000064r00r4C                  315 	set1	p, #0
      000066                        316 00102$:
                                    317 ;	pdk_i2c.c: 59: SCL0;                   /* Clear SCL */
      000066 93 3B                  318 	set0.io	__pb, #7
                                    319 ;	pdk_i2c.c: 52: for (uint8_t i = 0; i < 8; i++) /* For loop read dataa 1 byte */
      000068r00r24                  320 	inc	_I2C_read_sloc0_1_0+0
      00006Ar48r60                  321 	goto	00105$
      00006C                        322 00103$:
                                    323 ;	pdk_i2c.c: 61: setb(PBC, SDA);
      00006C 14 3F                  324 	set1.io	__pbc, #6
                                    325 ;	pdk_i2c.c: 62: return dat;
      00006Er00r1F                  326 	mov	a, p
                                    327 ;	pdk_i2c.c: 63: }
      000070 7A 00                  328 	ret
                                    329 ;	pdk_i2c.c: 66: void DS1307_Write(uint8_t addr, uint8_t dat)
                                    330 ;	-----------------------------------------
                                    331 ;	 function DS1307_Write
                                    332 ;	-----------------------------------------
      000072                        333 _DS1307_Write:
                                    334 ;	pdk_i2c.c: 68: dat = (((dat / 10) * 16) | (dat % 10)); /*for Led 7seg*/
      000072r02r1F                  335 	mov	a, _DS1307_Write_PARM_2+0
      000074r03r17                  336 	mov	_DS1307_Write_sloc1_1_0+0, a
      000076r04r26                  337 	clear	_DS1307_Write_sloc1_1_0+1
      000078r03r1F                  338 	mov	a, _DS1307_Write_sloc1_1_0+0
      00007Ar00r17                  339 	mov	__divsint_PARM_1+0, a
      00007Cr04r1F                  340 	mov	a, _DS1307_Write_sloc1_1_0+1
      00007Er01r17                  341 	mov	__divsint_PARM_1+1, a
      000080 0A 57                  342 	mov	a, #0x0a
      000082r00r17                  343 	mov	__divsint_PARM_2+0, a
      000084r01r26                  344 	clear	__divsint_PARM_2+1
      000086r00r70                  345 	call	__divsint
      000088r05r17                  346 	mov	_DS1307_Write_sloc2_1_0+0, a
      00008Ar05r2B                  347 	sl	_DS1307_Write_sloc2_1_0+0
      00008Cr05r2B                  348 	sl	_DS1307_Write_sloc2_1_0+0
      00008Er05r2B                  349 	sl	_DS1307_Write_sloc2_1_0+0
      000090r05r2B                  350 	sl	_DS1307_Write_sloc2_1_0+0
      000092r03r1F                  351 	mov	a, _DS1307_Write_sloc1_1_0+0
      000094r00r17                  352 	mov	__modsint_PARM_1+0, a
      000096r04r1F                  353 	mov	a, _DS1307_Write_sloc1_1_0+1
      000098r01r17                  354 	mov	__modsint_PARM_1+1, a
      00009A 0A 57                  355 	mov	a, #0x0a
      00009Cr00r17                  356 	mov	__modsint_PARM_2+0, a
      00009Er01r26                  357 	clear	__modsint_PARM_2+1
      0000A0r00r70                  358 	call	__modsint
      0000A2 72 00                  359 	push	af
      0000A4r05r1F                  360 	mov	a, _DS1307_Write_sloc2_1_0+0
      0000A6r06r17                  361 	mov	_DS1307_Write_sloc3_1_0+0, a
      0000A8 73 00                  362 	pop	af
      0000AAr06r1D                  363 	or	a, _DS1307_Write_sloc3_1_0+0
      0000ACr02r17                  364 	mov	_DS1307_Write_PARM_2+0, a
                                    365 ;	pdk_i2c.c: 69: I2C_start();                       /* time_start i2c bus */
      0000AEr00r70                  366 	call	_I2C_start
                                    367 ;	pdk_i2c.c: 70: I2C_write(0XD0);                        /* Connect to DS1307 */
      0000B0 D0 57                  368 	mov	a, #0xd0
      0000B2r00r17                  369 	mov	_I2C_write_PARM_1+0, a
      0000B4r14r70                  370 	call	_I2C_write
                                    371 ;	pdk_i2c.c: 71: I2C_write(addr);                        /* Requetime_5 RAM address on DS1307 */
      0000B6r01r1F                  372 	mov	a, _DS1307_Write_PARM_1+0
      0000B8r00r17                  373 	mov	_I2C_write_PARM_1+0, a
      0000BAr14r70                  374 	call	_I2C_write
                                    375 ;	pdk_i2c.c: 72: I2C_write(dat);
      0000BCr02r1F                  376 	mov	a, _DS1307_Write_PARM_2+0
      0000BEr00r17                  377 	mov	_I2C_write_PARM_1+0, a
      0000C0r14r70                  378 	call	_I2C_write
                                    379 ;	pdk_i2c.c: 73: I2C_stop();
      0000C2r0Ar60                  380 	goto	_I2C_stop
                                    381 ;	pdk_i2c.c: 74: }
      0000C4 7A 00                  382 	ret
                                    383 ;	pdk_i2c.c: 75: uint8_t DS1307_Read(uint8_t addr)
                                    384 ;	-----------------------------------------
                                    385 ;	 function DS1307_Read
                                    386 ;	-----------------------------------------
      0000C6                        387 _DS1307_Read:
                                    388 ;	pdk_i2c.c: 78: I2C_start(); /* time_start i2c bus */
      0000C6r00r70                  389 	call	_I2C_start
                                    390 ;	pdk_i2c.c: 79: I2C_write(0xD0);  /* Connect to DS1307 */
      0000C8 D0 57                  391 	mov	a, #0xd0
      0000CAr00r17                  392 	mov	_I2C_write_PARM_1+0, a
      0000CCr14r70                  393 	call	_I2C_write
                                    394 ;	pdk_i2c.c: 80: I2C_write(addr);  /* Requetime_5 RAM address on DS1307 */
      0000CEr07r1F                  395 	mov	a, _DS1307_Read_PARM_1+0
      0000D0r00r17                  396 	mov	_I2C_write_PARM_1+0, a
      0000D2r14r70                  397 	call	_I2C_write
                                    398 ;	pdk_i2c.c: 81: I2C_start(); /* time_start i2c bus */
      0000D4r00r70                  399 	call	_I2C_start
                                    400 ;	pdk_i2c.c: 82: I2C_write(0XD1);  /* Connect to DS1307 for Read */
      0000D6 D1 57                  401 	mov	a, #0xd1
      0000D8r00r17                  402 	mov	_I2C_write_PARM_1+0, a
      0000DAr14r70                  403 	call	_I2C_write
                                    404 ;	pdk_i2c.c: 83: ret = I2C_read(); /* Receive data */
      0000DCr3Cr70                  405 	call	_I2C_read
      0000DEr08r17                  406 	mov	_DS1307_Read_sloc4_1_0+0, a
                                    407 ;	pdk_i2c.c: 84: I2C_stop();
      0000E0r0Ar70                  408 	call	_I2C_stop
                                    409 ;	pdk_i2c.c: 85: ret = (((ret / 16) * 10) + (ret & 0x0f)); /*for Led 7seg*/
      0000E2r08r1F                  410 	mov	a, _DS1307_Read_sloc4_1_0+0
      0000E4r00r17                  411 	mov	__divsint_PARM_1+0, a
      0000E6r01r26                  412 	clear	__divsint_PARM_1+1
      0000E8 10 57                  413 	mov	a, #0x10
      0000EAr00r17                  414 	mov	__divsint_PARM_2+0, a
      0000ECr01r26                  415 	clear	__divsint_PARM_2+1
      0000EEr00r70                  416 	call	__divsint
      0000F0r00r17                  417 	mov	p, a
      0000F2 6B 00                  418 	sl	a
      0000F4 6B 00                  419 	sl	a
      0000F6r00r18                  420 	add	a, p
      0000F8 6B 00                  421 	sl	a
      0000FAr00r17                  422 	mov	p, a
      0000FCr08r1F                  423 	mov	a, _DS1307_Read_sloc4_1_0+0
      0000FE 0F 54                  424 	and	a, #0x0f
      000100r00r18                  425 	add	a, p
                                    426 ;	pdk_i2c.c: 86: return ret;
                                    427 ;	pdk_i2c.c: 87: }
      000102 7A 00                  428 	ret
                                    429 ;	pdk_i2c.c: 88: void DS1307_Set(uint8_t sec, uint8_t min, uint8_t hour, uint8_t day, uint8_t month, uint8_t year)
                                    430 ;	-----------------------------------------
                                    431 ;	 function DS1307_Set
                                    432 ;	-----------------------------------------
      000104                        433 _DS1307_Set:
                                    434 ;	pdk_i2c.c: 91: DS1307_Write(DS1307_SEC, sec);
      000104r01r26                  435 	clear	_DS1307_Write_PARM_1+0
      000106r09r1F                  436 	mov	a, _DS1307_Set_PARM_1+0
      000108r02r17                  437 	mov	_DS1307_Write_PARM_2+0, a
      00010Ar72r70                  438 	call	_DS1307_Write
                                    439 ;	pdk_i2c.c: 92: DS1307_Write(DS1307_MIN, min);
      00010C 01 57                  440 	mov	a, #0x01
      00010Er01r17                  441 	mov	_DS1307_Write_PARM_1+0, a
      000110r0Ar1F                  442 	mov	a, _DS1307_Set_PARM_2+0
      000112r02r17                  443 	mov	_DS1307_Write_PARM_2+0, a
      000114r72r70                  444 	call	_DS1307_Write
                                    445 ;	pdk_i2c.c: 93: DS1307_Write(DS1307_HOUR, hour);
      000116 02 57                  446 	mov	a, #0x02
      000118r01r17                  447 	mov	_DS1307_Write_PARM_1+0, a
      00011Ar0Br1F                  448 	mov	a, _DS1307_Set_PARM_3+0
      00011Cr02r17                  449 	mov	_DS1307_Write_PARM_2+0, a
      00011Er72r70                  450 	call	_DS1307_Write
                                    451 ;	pdk_i2c.c: 94: DS1307_Write(DS1307_DATE, day);
      000120 04 57                  452 	mov	a, #0x04
      000122r01r17                  453 	mov	_DS1307_Write_PARM_1+0, a
      000124r0Cr1F                  454 	mov	a, _DS1307_Set_PARM_4+0
      000126r02r17                  455 	mov	_DS1307_Write_PARM_2+0, a
      000128r72r70                  456 	call	_DS1307_Write
                                    457 ;	pdk_i2c.c: 95: DS1307_Write(DS1307_MONTH, month);
      00012A 05 57                  458 	mov	a, #0x05
      00012Cr01r17                  459 	mov	_DS1307_Write_PARM_1+0, a
      00012Er0Dr1F                  460 	mov	a, _DS1307_Set_PARM_5+0
      000130r02r17                  461 	mov	_DS1307_Write_PARM_2+0, a
      000132r72r70                  462 	call	_DS1307_Write
                                    463 ;	pdk_i2c.c: 96: DS1307_Write(DS1307_YEAR, year);
      000134 06 57                  464 	mov	a, #0x06
      000136r01r17                  465 	mov	_DS1307_Write_PARM_1+0, a
      000138r0Er1F                  466 	mov	a, _DS1307_Set_PARM_6+0
      00013Ar02r17                  467 	mov	_DS1307_Write_PARM_2+0, a
      00013Cr72r60                  468 	goto	_DS1307_Write
                                    469 ;	pdk_i2c.c: 97: }
      00013E 7A 00                  470 	ret
                                    471 	.area CODE
                                    472 	.area CONST
                                    473 	.area CABS (ABS)
