ASxxxx Linker V03.00 + NoICE + sdld,  page 1.
Hexadecimal  [32-Bits]

Area                                    Addr        Size        Decimal Bytes (Attributes)
--------------------------------        ----        ----        ------- ----- ------------
.  .ABS.                            00000000    00000000 =           0. bytes (ABS,CON)

      Value  Global                              Global Defined In Module
      -----  --------------------------------   ------------------------
     00000000  .__.ABS.                           __gptrget
     00000000  __flag                             pdk_i2c
     00000000  l_CABS                          
     00000000  l_DABS                          
     00000000  l_HEADER                        
     00000000  l_PREG                          
     00000000  l_RSEG                          
     00000000  l__CODE                         
     00000000  s_CABS                          
     00000000  s_DABS                          
     00000000  s_HEADER                        
     00000000  s_HEADER1                       
     00000000  s_HEADER3                       
     00000000  s_PREG                          
     00000000  s_PREG2                         
     00000000  s_RSEG                          
     00000000  s_RSEG0                         
     00000000  s__CODE                         
     00000001  l_SSEG                          
     00000002  __sp                               pdk_i2c
     00000002  l_GSFINAL                       
     00000002  l_HEADER1                       
     00000002  l_HOME                          
     00000002  l_PREG2                         
     00000002  s_DATA                          
     00000003  __clkmd                            pdk_i2c
     00000003  l_OSEG                          
     00000004  __inten                            pdk_i2c
     00000005  __intrq                            pdk_i2c
     00000006  __t16m                             pdk_i2c
     00000006  l_RSEG0                         
     0000000A  __eoscr                            pdk_i2c
     0000000B  __ihrcr                            pdk_i2c
     0000000C  __integs                           pdk_i2c
     0000000D  __padier                           pdk_i2c
     0000000E  __pbdier                           pdk_i2c
     0000000F  __pcdier                           pdk_i2c
     00000010  __pa                               pdk_i2c
     00000010  l_HEADER3                       
     00000011  __pac                              pdk_i2c
     00000012  __paph                             pdk_i2c
     00000012  l_CONST                         
     00000013  __pb                               pdk_i2c
     00000014  __pbc                              pdk_i2c
     00000015  __pbph                             pdk_i2c
     00000016  __pc                               pdk_i2c
     00000017  __pcc                              pdk_i2c
     00000018  __pcph                             pdk_i2c
     00000019  __pbpl                             pdk_i2c
     0000001A  __pcpl                             pdk_i2c
ASxxxx Linker V03.00 + NoICE + sdld,  page 2.
Hexadecimal  [32-Bits]

Area                                    Addr        Size        Decimal Bytes (Attributes)
--------------------------------        ----        ----        ------- ----- ------------
.  .ABS.                            00000000    00000000 =           0. bytes (ABS,CON)

      Value  Global                              Global Defined In Module
      -----  --------------------------------   ------------------------
     00000020  __adcc                             pdk_i2c
     00000021  __adcm                             pdk_i2c
     00000022  __adcr                             pdk_i2c
     00000022  l_GSINIT                        
     00000022  s_HOME                          
     00000024  __adcrgc                           pdk_i2c
     00000024  s_GSINIT                        
     00000026  __misc                             pdk_i2c
     00000027  __misc2                            pdk_i2c
     00000028  __misclvr                          pdk_i2c
     0000002B  __gpcc                             pdk_i2c
     0000002C  __gpcs                             pdk_i2c
     00000030  __tm2c                             pdk_i2c
     00000031  __tm2ct                            pdk_i2c
     00000032  __tm2s                             pdk_i2c
     00000033  __tm2b                             pdk_i2c
     00000034  __tm3c                             pdk_i2c
     00000035  __tm3ct                            pdk_i2c
     00000036  __tm3s                             pdk_i2c
     00000037  __tm3b                             pdk_i2c
     00000040  __pwmg0c                           pdk_i2c
     00000041  __pwmgclk                          pdk_i2c
     00000042  __pwmg0dth                         pdk_i2c
     00000043  __pwmg0dtl                         pdk_i2c
     00000044  __pwmgcubh                         pdk_i2c
     00000045  __pwmgcubl                         pdk_i2c
     00000046  __pwmg1c                           pdk_i2c
     00000046  s_GSFINAL                       
     00000048  __pwmg1dth                         pdk_i2c
     00000048  s_CODE                          
     00000049  __pwmg1dtl                         pdk_i2c
     0000004C  __pwmg2c                           pdk_i2c
     0000004E  __pwmg2dth                         pdk_i2c
     0000004F  __pwmg2dtl                         pdk_i2c
     00000062  __ilrcr                            pdk_i2c
     00000063  __bgtr                             pdk_i2c
     00000067  __rop                              pdk_i2c
     00000082  l_DATA                          
     00000084  s_OSEG                          
     00000087  s_SSEG                          
     000006C8  l_CODE                          
     00000710  s_CONST                         

ASxxxx Linker V03.00 + NoICE + sdld,  page 3.
Hexadecimal  [32-Bits]

Area                                    Addr        Size        Decimal Bytes (Attributes)
--------------------------------        ----        ----        ------- ----- ------------
DATA                                00000002    00000082 =         130. bytes (REL,CON)

      Value  Global                              Global Defined In Module
      -----  --------------------------------   ------------------------
     00000002  _u                                 pfs173_i2c
     00000016  _i                                 pfs173_i2c
     00000018  _aaa                               pfs173_i2c
     0000003A  _qin                               pdk_uart
     0000003B  _start_bit                         pdk_uart
     0000003C  _qout                              pdk_uart
     0000003D  _flag_rx_off                       pdk_uart
     0000003E  _flag_rx_ready                     pdk_uart
     0000003F  _flag_tx_busy                      pdk_uart
     00000040  _bits_left_in_tx                   pdk_uart
     00000041  _internal_tx_buffer                pdk_uart
     00000043  _UART_putC_PARM_1                  pdk_uart
     00000044  _UART_print_PARM_1                 pdk_uart
     00000048  _UART_printNum_PARM_1              pdk_uart
     00000053  _I2C_write_PARM_1                  pdk_i2c
     00000054  _DS1307_Write_PARM_1               pdk_i2c
     00000055  _DS1307_Write_PARM_2               pdk_i2c
     0000005A  _DS1307_Read_PARM_1                pdk_i2c
     0000005C  _DS1307_Set_PARM_1                 pdk_i2c
     0000005D  _DS1307_Set_PARM_2                 pdk_i2c
     0000005E  _DS1307_Set_PARM_3                 pdk_i2c
     0000005F  _DS1307_Set_PARM_4                 pdk_i2c
     00000060  _DS1307_Set_PARM_5                 pdk_i2c
     00000061  _DS1307_Set_PARM_6                 pdk_i2c
     00000062  __delay_loop_8_PARM_1              delay
     00000063  __delay_loop_16_PARM_1             delay
     00000065  __delay_loop_32_PARM_1             delay
     00000069  __modsint_PARM_1                   _modsint
     0000006B  __modsint_PARM_2                   _modsint
     00000072  __moduint_PARM_1                   _moduint
     00000074  __moduint_PARM_2                   _moduint
     00000076  __divsint_PARM_1                   _divsint
     00000078  __divsint_PARM_2                   _divsint
     00000080  __divuint_PARM_1                   _divuint
     00000082  __divuint_PARM_2                   _divuint

ASxxxx Linker V03.00 + NoICE + sdld,  page 4.
Hexadecimal  [32-Bits]

Area                                    Addr        Size        Decimal Bytes (Attributes)
--------------------------------        ----        ----        ------- ----- ------------
OSEG                                00000084    00000003 =           3. bytes (REL,OVR)

      Value  Global                              Global Defined In Module
      -----  --------------------------------   ------------------------
ASxxxx Linker V03.00 + NoICE + sdld,  page 5.
Hexadecimal  [32-Bits]

Area                                    Addr        Size        Decimal Bytes (Attributes)
--------------------------------        ----        ----        ------- ----- ------------
RSEG0                               00000000    00000006 =           6. bytes (ABS,CON)

      Value  Global                              Global Defined In Module
      -----  --------------------------------   ------------------------
     00000004  __t16c                             pdk_i2c

ASxxxx Linker V03.00 + NoICE + sdld,  page 6.
Hexadecimal  [32-Bits]

Area                                    Addr        Size        Decimal Bytes (Attributes)
--------------------------------        ----        ----        ------- ----- ------------
SSEG                                00000087    00000001 =           1. bytes (REL,CON)

      Value  Global                              Global Defined In Module
      -----  --------------------------------   ------------------------
ASxxxx Linker V03.00 + NoICE + sdld,  page 7.
Hexadecimal  [32-Bits]

Area                                    Addr        Size        Decimal Bytes (Attributes)
--------------------------------        ----        ----        ------- ----- ------------
HOME                                00000022    00000002 =           2. bytes (REL,CON)

      Value  Global                              Global Defined In Module
      -----  --------------------------------   ------------------------
ASxxxx Linker V03.00 + NoICE + sdld,  page 8.
Hexadecimal  [32-Bits]

Area                                    Addr        Size        Decimal Bytes (Attributes)
--------------------------------        ----        ----        ------- ----- ------------
HEADER1                             00000000    00000002 =           2. bytes (ABS,CON)

      Value  Global                              Global Defined In Module
      -----  --------------------------------   ------------------------
ASxxxx Linker V03.00 + NoICE + sdld,  page 9.
Hexadecimal  [32-Bits]

Area                                    Addr        Size        Decimal Bytes (Attributes)
--------------------------------        ----        ----        ------- ----- ------------
GSINIT                              00000024    00000022 =          34. bytes (REL,CON)

      Value  Global                              Global Defined In Module
      -----  --------------------------------   ------------------------
ASxxxx Linker V03.00 + NoICE + sdld,  page 10.
Hexadecimal  [32-Bits]

Area                                    Addr        Size        Decimal Bytes (Attributes)
--------------------------------        ----        ----        ------- ----- ------------
GSFINAL                             00000046    00000002 =           2. bytes (REL,CON)

      Value  Global                              Global Defined In Module
      -----  --------------------------------   ------------------------
ASxxxx Linker V03.00 + NoICE + sdld,  page 11.
Hexadecimal  [32-Bits]

Area                                    Addr        Size        Decimal Bytes (Attributes)
--------------------------------        ----        ----        ------- ----- ------------
PREG2                               00000000    00000002 =           2. bytes (ABS,CON)

      Value  Global                              Global Defined In Module
      -----  --------------------------------   ------------------------
     00000000  p                                  pfs173_i2c

ASxxxx Linker V03.00 + NoICE + sdld,  page 12.
Hexadecimal  [32-Bits]

Area                                    Addr        Size        Decimal Bytes (Attributes)
--------------------------------        ----        ----        ------- ----- ------------
HEADER3                             00000000    00000010 =          16. bytes (ABS,CON)

      Value  Global                              Global Defined In Module
      -----  --------------------------------   ------------------------
ASxxxx Linker V03.00 + NoICE + sdld,  page 13.
Hexadecimal  [32-Bits]

Area                                    Addr        Size        Decimal Bytes (Attributes)
--------------------------------        ----        ----        ------- ----- ------------
CODE                                00000048    000006C8 =        1736. bytes (REL,CON)

      Value  Global                              Global Defined In Module
      -----  --------------------------------   ------------------------
     00000048  _display2                          pfs173_i2c
     000000CC  __sdcc_external_startup            pfs173_i2c
     000000E6  _main                              pfs173_i2c
     00000130  _interrupt                         pfs173_i2c
     00000156  _UART_IO_config                    pdk_uart
     00000176  _UART_begin                        pdk_uart
     00000188  _UART_rx_on                        pdk_uart
     0000018C  _UART_rx_off                       pdk_uart
     00000192  _UART_getchar                      pdk_uart
     000001B2  _UART_kbhit                        pdk_uart
     000001C2  _UART_flush_input_buffer           pdk_uart
     000001C8  _UART_transmit_busy                pdk_uart
     000001D8  _UART_putC                         pdk_uart
     000001FA  _UART_print                        pdk_uart
     00000226  _UART_printNum                     pdk_uart
     0000035A  _TIM2_interrupt                    pdk_uart
     000003EC  _PB5_interrupt                     pdk_uart
     000003FC  _I2C_start                         pdk_i2c
     00000406  _I2C_stop                          pdk_i2c
     00000410  _I2C_write                         pdk_i2c
     00000438  _I2C_read                          pdk_i2c
     0000046E  _DS1307_Write                      pdk_i2c
     000004C2  _DS1307_Read                       pdk_i2c
     00000500  _DS1307_Set                        pdk_i2c
     0000053C  __delay_loop_8                     delay
     00000542  __delay_loop_16                    delay
     00000552  __delay_loop_32                    delay
     0000056A  __modsint                          _modsint
     000005DC  __moduint                          _moduint
     00000638  __divsint                          _divsint
     000006B2  __divuint                          _divuint
     000006F8  __gptrget                          __gptrget

ASxxxx Linker V03.00 + NoICE + sdld,  page 14.
Hexadecimal  [32-Bits]

Area                                    Addr        Size        Decimal Bytes (Attributes)
--------------------------------        ----        ----        ------- ----- ------------
CONST                               00000710    00000012 =          18. bytes (REL,CON)

      Value  Global                              Global Defined In Module
      -----  --------------------------------   ------------------------
ASxxxx Linker V03.00 + NoICE + sdld,  page 15.

Files Linked                              [ module(s) ]

pfs173_i2c.rel                            [ pfs173_i2c ]
pdk_uart.rel                              [ pdk_uart ]
pdk_i2c.rel                               [ pdk_i2c ]
delay.rel                                 [ delay ]


Libraries Linked                          [ object file ]

C:\PROGRA~1\SDCC\bin\..\lib\pdk15/pdk15.lib
                                          [ _modsint.rel ]
C:\PROGRA~1\SDCC\bin\..\lib\pdk15/pdk15.lib
                                          [ _moduint.rel ]
C:\PROGRA~1\SDCC\bin\..\lib\pdk15/pdk15.lib
                                          [ _divsint.rel ]
C:\PROGRA~1\SDCC\bin\..\lib\pdk15/pdk15.lib
                                          [ _divuint.rel ]
C:\PROGRA~1\SDCC\bin\..\lib\pdk15/pdk15.lib
                                          [ __gptrget.rel ]

ASxxxx Linker V03.00 + NoICE + sdld,  page 16.

User Base Address Definitions

HOME = 0x0022
DATA = 0x0002

