                                      1 ;--------------------------------------------------------
                                      2 ; File Created by SDCC : free open source ANSI-C Compiler
                                      3 ; Version 4.2.0 #13081 (MINGW64)
                                      4 ;--------------------------------------------------------
                                      5 	.module pdk_uart
                                      6 	.optsdcc -mpdk15
                                      7 	
                                      8 
                                      9 ; default segment ordering in RAM for linker
                                     10 	.area DATA
                                     11 	.area OSEG (OVR,DATA)
                                     12 
                                     13 ;--------------------------------------------------------
                                     14 ; Public variables in this module
                                     15 ;--------------------------------------------------------
                                     16 	.globl _UART_rx_off
                                     17 	.globl __t16c
                                     18 	.globl __rop
                                     19 	.globl __bgtr
                                     20 	.globl __ilrcr
                                     21 	.globl __pwmg2dtl
                                     22 	.globl __pwmg2dth
                                     23 	.globl __pwmg2c
                                     24 	.globl __pwmg1dtl
                                     25 	.globl __pwmg1dth
                                     26 	.globl __pwmg1c
                                     27 	.globl __pwmgcubl
                                     28 	.globl __pwmgcubh
                                     29 	.globl __pwmg0dtl
                                     30 	.globl __pwmg0dth
                                     31 	.globl __pwmgclk
                                     32 	.globl __pwmg0c
                                     33 	.globl __tm3b
                                     34 	.globl __tm3s
                                     35 	.globl __tm3ct
                                     36 	.globl __tm3c
                                     37 	.globl __tm2b
                                     38 	.globl __tm2s
                                     39 	.globl __tm2ct
                                     40 	.globl __tm2c
                                     41 	.globl __gpcs
                                     42 	.globl __gpcc
                                     43 	.globl __misclvr
                                     44 	.globl __misc2
                                     45 	.globl __misc
                                     46 	.globl __adcrgc
                                     47 	.globl __adcr
                                     48 	.globl __adcm
                                     49 	.globl __adcc
                                     50 	.globl __pcpl
                                     51 	.globl __pbpl
                                     52 	.globl __pcph
                                     53 	.globl __pcc
                                     54 	.globl __pc
                                     55 	.globl __pbph
                                     56 	.globl __pbc
                                     57 	.globl __pb
                                     58 	.globl __paph
                                     59 	.globl __pac
                                     60 	.globl __pa
                                     61 	.globl __pcdier
                                     62 	.globl __pbdier
                                     63 	.globl __padier
                                     64 	.globl __integs
                                     65 	.globl __ihrcr
                                     66 	.globl __eoscr
                                     67 	.globl __t16m
                                     68 	.globl __intrq
                                     69 	.globl __inten
                                     70 	.globl __clkmd
                                     71 	.globl __sp
                                     72 	.globl __flag
                                     73 	.globl _UART_print_PARM_1
                                     74 	.globl _UART_putC_PARM_1
                                     75 	.globl _internal_tx_buffer
                                     76 	.globl _bits_left_in_tx
                                     77 	.globl _flag_tx_busy
                                     78 	.globl _flag_rx_ready
                                     79 	.globl _flag_rx_off
                                     80 	.globl _qout
                                     81 	.globl _start_bit
                                     82 	.globl _qin
                                     83 	.globl _UART_IO_config
                                     84 	.globl _UART_begin
                                     85 	.globl _UART_rx_on
                                     86 	.globl _UART_getchar
                                     87 	.globl _UART_kbhit
                                     88 	.globl _UART_flush_input_buffer
                                     89 	.globl _UART_transmit_busy
                                     90 	.globl _UART_putC
                                     91 	.globl _UART_print
                                     92 	.globl _TIM2_interrupt
                                     93 	.globl _PB5_interrupt
                                     94 ;--------------------------------------------------------
                                     95 ; special function registers
                                     96 ;--------------------------------------------------------
                                     97 	.area RSEG (ABS)
      000000                         98 	.org 0x0000
                           000000    99 __flag	=	0x0000
                           000002   100 __sp	=	0x0002
                           000003   101 __clkmd	=	0x0003
                           000004   102 __inten	=	0x0004
                           000005   103 __intrq	=	0x0005
                           000006   104 __t16m	=	0x0006
                           00000A   105 __eoscr	=	0x000a
                           00000B   106 __ihrcr	=	0x000b
                           00000C   107 __integs	=	0x000c
                           00000D   108 __padier	=	0x000d
                           00000E   109 __pbdier	=	0x000e
                           00000F   110 __pcdier	=	0x000f
                           000010   111 __pa	=	0x0010
                           000011   112 __pac	=	0x0011
                           000012   113 __paph	=	0x0012
                           000013   114 __pb	=	0x0013
                           000014   115 __pbc	=	0x0014
                           000015   116 __pbph	=	0x0015
                           000016   117 __pc	=	0x0016
                           000017   118 __pcc	=	0x0017
                           000018   119 __pcph	=	0x0018
                           000019   120 __pbpl	=	0x0019
                           00001A   121 __pcpl	=	0x001a
                           000020   122 __adcc	=	0x0020
                           000021   123 __adcm	=	0x0021
                           000022   124 __adcr	=	0x0022
                           000024   125 __adcrgc	=	0x0024
                           000026   126 __misc	=	0x0026
                           000027   127 __misc2	=	0x0027
                           000028   128 __misclvr	=	0x0028
                           00002B   129 __gpcc	=	0x002b
                           00002C   130 __gpcs	=	0x002c
                           000030   131 __tm2c	=	0x0030
                           000031   132 __tm2ct	=	0x0031
                           000032   133 __tm2s	=	0x0032
                           000033   134 __tm2b	=	0x0033
                           000034   135 __tm3c	=	0x0034
                           000035   136 __tm3ct	=	0x0035
                           000036   137 __tm3s	=	0x0036
                           000037   138 __tm3b	=	0x0037
                           000040   139 __pwmg0c	=	0x0040
                           000041   140 __pwmgclk	=	0x0041
                           000042   141 __pwmg0dth	=	0x0042
                           000043   142 __pwmg0dtl	=	0x0043
                           000044   143 __pwmgcubh	=	0x0044
                           000045   144 __pwmgcubl	=	0x0045
                           000046   145 __pwmg1c	=	0x0046
                           000048   146 __pwmg1dth	=	0x0048
                           000049   147 __pwmg1dtl	=	0x0049
                           00004C   148 __pwmg2c	=	0x004c
                           00004E   149 __pwmg2dth	=	0x004e
                           00004F   150 __pwmg2dtl	=	0x004f
                           000062   151 __ilrcr	=	0x0062
                           000063   152 __bgtr	=	0x0063
                           000067   153 __rop	=	0x0067
      000000                        154 __t16c::
      000000                        155 	.ds 2
                                    156 ;--------------------------------------------------------
                                    157 ; ram data
                                    158 ;--------------------------------------------------------
                                    159 	.area DATA
      000000                        160 _inbuf:
      000000                        161 	.ds 32
      000020                        162 _qin::
      000020                        163 	.ds 1
      000021                        164 _start_bit::
      000021                        165 	.ds 1
      000022                        166 _qout::
      000022                        167 	.ds 1
      000023                        168 _flag_rx_off::
      000023                        169 	.ds 1
      000024                        170 _flag_rx_ready::
      000024                        171 	.ds 1
      000025                        172 _flag_tx_busy::
      000025                        173 	.ds 1
      000026                        174 _bits_left_in_tx::
      000026                        175 	.ds 1
      000027                        176 _internal_tx_buffer::
      000027                        177 	.ds 2
      000029                        178 _UART_putC_PARM_1:
      000029                        179 	.ds 1
      00002A                        180 _UART_print_PARM_1:
      00002A                        181 	.ds 2
      00002C                        182 _UART_print_sloc0_1_0:
      00002C                        183 	.ds 2
      00002E                        184 _TIM2_interrupt_flag_rx_waiting_for_stop_bit_65536_52:
      00002E                        185 	.ds 1
      00002F                        186 _TIM2_interrupt_rx_mask_65536_52:
      00002F                        187 	.ds 1
      000030                        188 _TIM2_interrupt_bits_left_in_rx_65536_52:
      000030                        189 	.ds 1
      000031                        190 _TIM2_interrupt_internal_rx_buffer_65536_52:
      000031                        191 	.ds 1
                                    192 ;--------------------------------------------------------
                                    193 ; overlayable items in ram
                                    194 ;--------------------------------------------------------
                                    195 ;--------------------------------------------------------
                                    196 ; absolute external ram data
                                    197 ;--------------------------------------------------------
                                    198 	.area DABS (ABS)
                                    199 ;--------------------------------------------------------
                                    200 ; global & static initialisations
                                    201 ;--------------------------------------------------------
                                    202 	.area HOME
                                    203 	.area GSINIT
                                    204 	.area GSFINAL
                                    205 	.area GSINIT
                                    206 ;	pdk_uart.c: 141: static uint8_t flag_rx_waiting_for_stop_bit = SU_FALSE;
      000000r2Er26                  207 	clear	_TIM2_interrupt_flag_rx_waiting_for_stop_bit_65536_52+0
                                    208 ;	pdk_uart.c: 26: volatile uint8_t qin, start_bit = 1;
      000002 01 57                  209 	mov	a, #0x01
      000004r21r17                  210 	mov	_start_bit+0, a
                                    211 ;--------------------------------------------------------
                                    212 ; Home
                                    213 ;--------------------------------------------------------
                                    214 	.area HOME
                                    215 	.area HOME
                                    216 ;--------------------------------------------------------
                                    217 ; code
                                    218 ;--------------------------------------------------------
                                    219 	.area CODE
                                    220 ;	pdk_uart.c: 35: void UART_IO_config(void)
                                    221 ;	-----------------------------------------
                                    222 ;	 function UART_IO_config
                                    223 ;	-----------------------------------------
      000000                        224 _UART_IO_config:
                                    225 ;	pdk_uart.c: 37: ROP = ROP_INT_SRC_PB5;
      000000 02 57                  226 	mov	a, #0x02
      000002 67 01                  227 	mov.io	__rop, a
                                    228 ;	pdk_uart.c: 40: setb(UART_PxC, UART_TX);
      000004 94 3F                  229 	set1.io	__pbc, #7
                                    230 ;	pdk_uart.c: 42: setb(UART_PxDIER, UART_RX);
      000006 8E 3E                  231 	set1.io	__pbdier, #5
                                    232 ;	pdk_uart.c: 43: setb(UART_PxPH, UART_RX);
      000008 95 3E                  233 	set1.io	__pbph, #5
                                    234 ;	pdk_uart.c: 44: }
      00000A 7A 00                  235 	ret
                                    236 ;	pdk_uart.c: 46: static void TIM2_Config(void)
                                    237 ;	-----------------------------------------
                                    238 ;	 function TIM2_Config
                                    239 ;	-----------------------------------------
      00000C                        240 _TIM2_Config:
                                    241 ;	pdk_uart.c: 49: TM2C = TM2C_CLK_IHRC;						  // Use IHRC -> 16 Mhz
      00000C 20 57                  242 	mov	a, #0x20
      00000E 30 01                  243 	mov.io	__tm2c, a
                                    244 ;	pdk_uart.c: 50: TM2S = TM2S_PRESCALE_NONE | TM2S_SCALE_DIV16; // No prescale, scale 2 ~> 8MHz
      000010 0F 57                  245 	mov	a, #0x0f
      000012 32 01                  246 	mov.io	__tm2s, a
                                    247 ;	pdk_uart.c: 51: TM2B = 103;									  // Divide by 69 ~> 115942 Hz (apx. 115200)
      000014 67 57                  248 	mov	a, #0x67
      000016 33 01                  249 	mov.io	__tm2b, a
                                    250 ;	pdk_uart.c: 56: }
      000018 7A 00                  251 	ret
                                    252 ;	pdk_uart.c: 58: void UART_begin(void)
                                    253 ;	-----------------------------------------
                                    254 ;	 function UART_begin
                                    255 ;	-----------------------------------------
      00001A                        256 _UART_begin:
                                    257 ;	pdk_uart.c: 60: flag_tx_busy = SU_FALSE;
      00001Ar25r26                  258 	clear	_flag_tx_busy+0
                                    259 ;	pdk_uart.c: 61: flag_rx_ready = SU_FALSE;
      00001Cr24r26                  260 	clear	_flag_rx_ready+0
                                    261 ;	pdk_uart.c: 62: flag_rx_off = SU_TRUE;
      00001E 01 57                  262 	mov	a, #0x01
      000020r23r17                  263 	mov	_flag_rx_off+0, a
                                    264 ;	pdk_uart.c: 63: setb(UART_Px, UART_TX); /* mt: set to high to avoid garbage on init */
      000022 93 3F                  265 	set1.io	__pb, #7
                                    266 ;	pdk_uart.c: 65: TIM2_Config();
      000024r0Cr70                  267 	call	_TIM2_Config
                                    268 ;	pdk_uart.c: 66: UART_rx_on();
      000026r2Cr60                  269 	goto	_UART_rx_on
                                    270 ;	pdk_uart.c: 67: }
      000028 7A 00                  271 	ret
                                    272 ;	pdk_uart.c: 69: static void idle(void)
                                    273 ;	-----------------------------------------
                                    274 ;	 function idle
                                    275 ;	-----------------------------------------
      00002A                        276 _idle:
                                    277 ;	pdk_uart.c: 74: }
      00002A 7A 00                  278 	ret
                                    279 ;	pdk_uart.c: 76: void UART_rx_on(void)
                                    280 ;	-----------------------------------------
                                    281 ;	 function UART_rx_on
                                    282 ;	-----------------------------------------
      00002C                        283 _UART_rx_on:
                                    284 ;	pdk_uart.c: 78: flag_rx_off = SU_FALSE;
      00002Cr23r26                  285 	clear	_flag_rx_off+0
                                    286 ;	pdk_uart.c: 79: }
      00002E 7A 00                  287 	ret
                                    288 ;	pdk_uart.c: 81: void UART_rx_off(void)
                                    289 ;	-----------------------------------------
                                    290 ;	 function UART_rx_off
                                    291 ;	-----------------------------------------
      000030                        292 _UART_rx_off:
                                    293 ;	pdk_uart.c: 83: flag_rx_off = SU_TRUE;
      000030 01 57                  294 	mov	a, #0x01
      000032r23r17                  295 	mov	_flag_rx_off+0, a
                                    296 ;	pdk_uart.c: 84: }
      000034 7A 00                  297 	ret
                                    298 ;	pdk_uart.c: 86: char UART_getchar(void)
                                    299 ;	-----------------------------------------
                                    300 ;	 function UART_getchar
                                    301 ;	-----------------------------------------
      000036                        302 _UART_getchar:
                                    303 ;	pdk_uart.c: 89: while (qout == qin)
      000036                        304 00101$:
      000036r22r1F                  305 	mov	a, _qout+0
      000038r20r2F                  306 	cneqsn	a, _qin+0
      00003Ar36r60                  307 	goto	00101$
      00003C                        308 00120$:
                                    309 ;	pdk_uart.c: 93: ch = inbuf[qout];
      00003Cr00r57                  310 	mov	a, #(_inbuf + 0)
      00003Er22r18                  311 	add	a, _qout+0
      000040r00r17                  312 	mov	p, a
      000042r01r07                  313 	idxm	a, p
      000044r00r17                  314 	mov	p, a
                                    315 ;	pdk_uart.c: 94: if (++qout >= UART_IN_BUF_SIZE)
      000046r22r24                  316 	inc	_qout+0
      000048r22r1F                  317 	mov	a, _qout+0
      00004A 20 51                  318 	sub	a, #0x20
      00004C 80 30                  319 	t0sn.io	f, c
      00004Er52r60                  320 	goto	00105$
                                    321 ;	pdk_uart.c: 96: qout = 0;
      000050r22r26                  322 	clear	_qout+0
      000052                        323 00105$:
                                    324 ;	pdk_uart.c: 99: return (ch);
      000052r00r1F                  325 	mov	a, p
                                    326 ;	pdk_uart.c: 100: }
      000054 7A 00                  327 	ret
                                    328 ;	pdk_uart.c: 102: uint8_t UART_kbhit(void)
                                    329 ;	-----------------------------------------
                                    330 ;	 function UART_kbhit
                                    331 ;	-----------------------------------------
      000056                        332 _UART_kbhit:
                                    333 ;	pdk_uart.c: 104: return (qin != qout); // 0 neu giong 1 neu khac
      000056r20r1F                  334 	mov	a, _qin+0
      000058r22r2E                  335 	ceqsn	a, _qout+0
      00005Ar60r60                  336 	goto	00103$
      00005C 01 57                  337 	mov	a, #0x01
      00005Er62r60                  338 	goto	00104$
      000060                        339 00103$:
      000060 00 57                  340 	mov	a, #0x00
      000062                        341 00104$:
      000062 01 56                  342 	xor	a, #0x01
                                    343 ;	pdk_uart.c: 105: }
      000064 7A 00                  344 	ret
                                    345 ;	pdk_uart.c: 107: void UART_flush_input_buffer(void)
                                    346 ;	-----------------------------------------
                                    347 ;	 function UART_flush_input_buffer
                                    348 ;	-----------------------------------------
      000066                        349 _UART_flush_input_buffer:
                                    350 ;	pdk_uart.c: 109: qin = 0;
      000066r20r26                  351 	clear	_qin+0
                                    352 ;	pdk_uart.c: 110: qout = 0;
      000068r22r26                  353 	clear	_qout+0
                                    354 ;	pdk_uart.c: 111: }
      00006A 7A 00                  355 	ret
                                    356 ;	pdk_uart.c: 113: uint8_t UART_transmit_busy(void)
                                    357 ;	-----------------------------------------
                                    358 ;	 function UART_transmit_busy
                                    359 ;	-----------------------------------------
      00006C                        360 _UART_transmit_busy:
                                    361 ;	pdk_uart.c: 115: return (flag_tx_busy == SU_TRUE) ? 1 : 0;
      00006Cr25r1F                  362 	mov	a, _flag_tx_busy+0
      00006E 01 52                  363 	ceqsn	a, #0x01
      000070r78r60                  364 	goto	00103$
      000072 01 57                  365 	mov	a, #0x01
      000074r00r26                  366 	clear	p
      000076r7Ar60                  367 	goto	00104$
      000078                        368 00103$:
      000078 00 57                  369 	mov	a, #0x00
      00007A                        370 00104$:
                                    371 ;	pdk_uart.c: 116: }
      00007A 7A 00                  372 	ret
                                    373 ;	pdk_uart.c: 118: void UART_putC(const char ch)
                                    374 ;	-----------------------------------------
                                    375 ;	 function UART_putC
                                    376 ;	-----------------------------------------
      00007C                        377 _UART_putC:
                                    378 ;	pdk_uart.c: 120: while (flag_tx_busy == SU_TRUE)
      00007C                        379 00101$:
      00007Cr25r1F                  380 	mov	a, _flag_tx_busy+0
      00007E 01 53                  381 	cneqsn	a, #0x01
      000080r7Cr60                  382 	goto	00101$
      000082                        383 00114$:
                                    384 ;	pdk_uart.c: 126: bits_left_in_tx = TX_NUM_OF_BITS;
      000082 0A 57                  385 	mov	a, #0x0a
      000084r26r17                  386 	mov	_bits_left_in_tx+0, a
                                    387 ;	pdk_uart.c: 127: TIMER_ON;
      000086 04 3F                  388 	set1.io	__inten, #6
                                    389 ;	pdk_uart.c: 128: internal_tx_buffer = (ch << 1) | 0x200;
      000088r00r26                  390 	clear	p
      00008Ar29r1F                  391 	mov	a, _UART_putC_PARM_1+0
      00008C 6B 00                  392 	sl	a
      00008Er00r2D                  393 	slc	p
      000090r80r4C                  394 	set1	p, #1
      000092r27r17                  395 	mov	_internal_tx_buffer+0, a
      000094r00r1F                  396 	mov	a, p
      000096r28r17                  397 	mov	_internal_tx_buffer+1, a
                                    398 ;	pdk_uart.c: 129: flag_tx_busy = SU_TRUE;
      000098 01 57                  399 	mov	a, #0x01
      00009Ar25r17                  400 	mov	_flag_tx_busy+0, a
                                    401 ;	pdk_uart.c: 130: }
      00009C 7A 00                  402 	ret
                                    403 ;	pdk_uart.c: 132: void UART_print(char *str)
                                    404 ;	-----------------------------------------
                                    405 ;	 function UART_print
                                    406 ;	-----------------------------------------
      00009E                        407 _UART_print:
                                    408 ;	pdk_uart.c: 135: while (str[i] != '\0')
      00009Er2Cr26                  409 	clear	_UART_print_sloc0_1_0+0
      0000A0r2Dr26                  410 	clear	_UART_print_sloc0_1_0+1
      0000A2                        411 00101$:
      0000A2r2Ar1F                  412 	mov	a, _UART_print_PARM_1+0
      0000A4r2Cr18                  413 	add	a, _UART_print_sloc0_1_0+0
      0000A6r00r17                  414 	mov	p, a
      0000A8r2Br1F                  415 	mov	a, _UART_print_PARM_1+1
      0000AAr2Dr1A                  416 	addc	a, _UART_print_sloc0_1_0+1
      0000ACr00r70                  417 	call	__gptrget
      0000AE 00 53                  418 	cneqsn	a, #0x00
      0000B0rC8r60                  419 	goto	00104$
                                    420 ;	pdk_uart.c: 136: UART_putC(str[i++]);
      0000B2r2Ar1F                  421 	mov	a, _UART_print_PARM_1+0
      0000B4r2Cr18                  422 	add	a, _UART_print_sloc0_1_0+0
      0000B6r00r17                  423 	mov	p, a
      0000B8r2Br1F                  424 	mov	a, _UART_print_PARM_1+1
      0000BAr2Dr1A                  425 	addc	a, _UART_print_sloc0_1_0+1
      0000BCr2Cr24                  426 	inc	_UART_print_sloc0_1_0+0
      0000BEr2Dr20                  427 	addc	_UART_print_sloc0_1_0+1
      0000C0r00r70                  428 	call	__gptrget
      0000C2r29r17                  429 	mov	_UART_putC_PARM_1+0, a
      0000C4r7Cr70                  430 	call	_UART_putC
      0000C6rA2r60                  431 	goto	00101$
      0000C8                        432 00104$:
                                    433 ;	pdk_uart.c: 137: }
      0000C8 7A 00                  434 	ret
                                    435 ;	pdk_uart.c: 139: void TIM2_interrupt(void)
                                    436 ;	-----------------------------------------
                                    437 ;	 function TIM2_interrupt
                                    438 ;	-----------------------------------------
      0000CA                        439 _TIM2_interrupt:
                                    440 ;	pdk_uart.c: 148: if (flag_tx_busy == SU_TRUE)
      0000CAr25r1F                  441 	mov	a, _flag_tx_busy+0
      0000CC 01 52                  442 	ceqsn	a, #0x01
      0000CErF6r60                  443 	goto	00107$
                                    444 ;	pdk_uart.c: 150: if (internal_tx_buffer & 0x01)
      0000D0r28r1F                  445 	mov	a, _internal_tx_buffer+1
      0000D2r00r17                  446 	mov	p, a
      0000D4r27r1F                  447 	mov	a, _internal_tx_buffer+0
      0000D6 01 54                  448 	and	a, #0x01
      0000D8 00 53                  449 	cneqsn	a, #0x00
      0000DArE0r60                  450 	goto	00102$
                                    451 ;	pdk_uart.c: 152: setb(UART_Px, UART_TX);
      0000DC 93 3F                  452 	set1.io	__pb, #7
      0000DErE2r60                  453 	goto	00103$
      0000E0                        454 00102$:
                                    455 ;	pdk_uart.c: 156: clrb(UART_Px, UART_TX);
      0000E0 93 3B                  456 	set0.io	__pb, #7
      0000E2                        457 00103$:
                                    458 ;	pdk_uart.c: 158: internal_tx_buffer >>= 1;
      0000E2r28r2A                  459 	sr	_internal_tx_buffer+1
      0000E4r27r2C                  460 	src	_internal_tx_buffer+0
                                    461 ;	pdk_uart.c: 159: if (--bits_left_in_tx == 0)
      0000E6r26r1F                  462 	mov	a, _bits_left_in_tx+0
      0000E8 01 51                  463 	sub	a, #0x01
      0000EAr26r17                  464 	mov	_bits_left_in_tx+0, a
      0000EC 00 52                  465 	ceqsn	a, #0x00
      0000EErF6r60                  466 	goto	00107$
                                    467 ;	pdk_uart.c: 161: flag_tx_busy = SU_FALSE;
      0000F0r25r26                  468 	clear	_flag_tx_busy+0
                                    469 ;	pdk_uart.c: 162: TIMER_OFF;
      0000F2 04 3B                  470 	set0.io	__inten, #6
                                    471 ;	pdk_uart.c: 163: EXTERNAL_ON;
      0000F4 04 3C                  472 	set1.io	__inten, #0
      0000F6                        473 00107$:
                                    474 ;	pdk_uart.c: 168: if (flag_rx_off == SU_FALSE)
      0000F6r23r1F                  475 	mov	a, _flag_rx_off+0
      0000F8 00 52                  476 	ceqsn	a, #0x00
      0000FAr5Ar61                  477 	goto	00124$
                                    478 ;	pdk_uart.c: 170: if (flag_rx_waiting_for_stop_bit)
      0000FCr2Er1F                  479 	mov	a, _TIM2_interrupt_flag_rx_waiting_for_stop_bit_65536_52+0
      0000FE 00 53                  480 	cneqsn	a, #0x00
      000100r28r61                  481 	goto	00120$
                                    482 ;	pdk_uart.c: 172: start_bit = 1;
      000102 01 57                  483 	mov	a, #0x01
      000104r21r17                  484 	mov	_start_bit+0, a
                                    485 ;	pdk_uart.c: 173: EXTERNAL_ON;
      000106 04 3C                  486 	set1.io	__inten, #0
                                    487 ;	pdk_uart.c: 174: flag_rx_waiting_for_stop_bit = SU_FALSE;
      000108r2Er26                  488 	clear	_TIM2_interrupt_flag_rx_waiting_for_stop_bit_65536_52+0
                                    489 ;	pdk_uart.c: 175: flag_rx_ready = SU_FALSE;
      00010Ar24r26                  490 	clear	_flag_rx_ready+0
                                    491 ;	pdk_uart.c: 176: inbuf[qin] = internal_rx_buffer;
      00010Cr00r57                  492 	mov	a, #(_inbuf + 0)
      00010Er20r18                  493 	add	a, _qin+0
      000110r00r17                  494 	mov	p, a
      000112r31r1F                  495 	mov	a, _TIM2_interrupt_internal_rx_buffer_65536_52+0
      000114r00r07                  496 	idxm	p, a
                                    497 ;	pdk_uart.c: 177: if (++qin >= UART_IN_BUF_SIZE)
      000116r20r1F                  498 	mov	a, _qin+0
      000118 01 50                  499 	add	a, #0x01
      00011Ar20r17                  500 	mov	_qin+0, a
      00011C 20 52                  501 	ceqsn	a, #0x20
      00011E 00 00                  502 	nop
      000120 80 30                  503 	t0sn.io	f, c
      000122r5Ar61                  504 	goto	00124$
                                    505 ;	pdk_uart.c: 179: qin = 0; // overflow - reset inbuf-index
      000124r20r26                  506 	clear	_qin+0
      000126r5Ar61                  507 	goto	00124$
      000128                        508 00120$:
                                    509 ;	pdk_uart.c: 184: if (flag_rx_ready == SU_FALSE)
      000128r24r1F                  510 	mov	a, _flag_rx_ready+0
      00012A 00 52                  511 	ceqsn	a, #0x00
      00012Cr44r61                  512 	goto	00117$
                                    513 ;	pdk_uart.c: 186: if (start_bit == 0)
      00012Er21r1F                  514 	mov	a, _start_bit+0
      000130 00 52                  515 	ceqsn	a, #0x00
      000132r5Ar61                  516 	goto	00124$
                                    517 ;	pdk_uart.c: 188: flag_rx_ready = SU_TRUE;
      000134 01 57                  518 	mov	a, #0x01
      000136r24r17                  519 	mov	_flag_rx_ready+0, a
                                    520 ;	pdk_uart.c: 189: internal_rx_buffer = 0;
      000138r31r26                  521 	clear	_TIM2_interrupt_internal_rx_buffer_65536_52+0
                                    522 ;	pdk_uart.c: 190: bits_left_in_rx = RX_NUM_OF_BITS;
      00013A 08 57                  523 	mov	a, #0x08
      00013Cr30r17                  524 	mov	_TIM2_interrupt_bits_left_in_rx_65536_52+0, a
                                    525 ;	pdk_uart.c: 191: rx_mask = 1;
      00013E 01 57                  526 	mov	a, #0x01
      000140r2Fr17                  527 	mov	_TIM2_interrupt_rx_mask_65536_52+0, a
      000142r5Ar61                  528 	goto	00124$
      000144                        529 00117$:
                                    530 ;	pdk_uart.c: 197: if (UART_Px & (0x20))
      000144 93 01                  531 	mov.io	a, __pb
      000146 20 54                  532 	and	a, #0x20
      000148 00 53                  533 	cneqsn	a, #0x00
      00014Ar50r61                  534 	goto	00113$
                                    535 ;	pdk_uart.c: 199: internal_rx_buffer |= rx_mask;
      00014Cr2Fr1F                  536 	mov	a, _TIM2_interrupt_rx_mask_65536_52+0
      00014Er31r15                  537 	or	_TIM2_interrupt_internal_rx_buffer_65536_52+0, a
      000150                        538 00113$:
                                    539 ;	pdk_uart.c: 201: rx_mask <<= 1;
      000150r2Fr2B                  540 	sl	_TIM2_interrupt_rx_mask_65536_52+0
                                    541 ;	pdk_uart.c: 202: if (--bits_left_in_rx == 0)
      000152r30r23                  542 	dzsn	_TIM2_interrupt_bits_left_in_rx_65536_52+0
      000154r5Ar61                  543 	goto	00124$
                                    544 ;	pdk_uart.c: 204: flag_rx_waiting_for_stop_bit = SU_TRUE;
      000156 01 57                  545 	mov	a, #0x01
      000158r2Er17                  546 	mov	_TIM2_interrupt_flag_rx_waiting_for_stop_bit_65536_52+0, a
      00015A                        547 00124$:
                                    548 ;	pdk_uart.c: 209: }
      00015A 7A 00                  549 	ret
                                    550 ;	pdk_uart.c: 212: void PB5_interrupt(void)
                                    551 ;	-----------------------------------------
                                    552 ;	 function PB5_interrupt
                                    553 ;	-----------------------------------------
      00015C                        554 _PB5_interrupt:
                                    555 ;	pdk_uart.c: 214: TM2CT = 9;
      00015C 09 57                  556 	mov	a, #0x09
      00015E 31 01                  557 	mov.io	__tm2ct, a
                                    558 ;	pdk_uart.c: 215: TIMER_OFF;
      000160 04 3B                  559 	set0.io	__inten, #6
                                    560 ;	pdk_uart.c: 216: EXTERNAL_OFF;
      000162 04 38                  561 	set0.io	__inten, #0
                                    562 ;	pdk_uart.c: 217: start_bit = 0;
      000164r21r26                  563 	clear	_start_bit+0
                                    564 ;	pdk_uart.c: 219: INTRQ &= ~INTRQ_TM2;
      000166 05 3B                  565 	set0.io	__intrq, #6
                                    566 ;	pdk_uart.c: 220: TIMER_ON;
      000168 04 3F                  567 	set1.io	__inten, #6
                                    568 ;	pdk_uart.c: 221: }
      00016A 7A 00                  569 	ret
                                    570 	.area CODE
                                    571 	.area CONST
                                    572 	.area CABS (ABS)
