ASxxxx Linker V03.00 + NoICE + sdld,  page 1.
Hexadecimal  [32-Bits]

Area                                    Addr        Size        Decimal Bytes (Attributes)
--------------------------------        ----        ----        ------- ----- ------------
.  .ABS.                            00000000    00000000 =           0. bytes (ABS,CON)

      Value  Global                              Global Defined In Module
      -----  --------------------------------   ------------------------
     00000000  .__.ABS.                           __gptrget
     00000000  __flag                             pdk_uart
     00000000  l_CABS                          
     00000000  l_DABS                          
     00000000  l_HEADER                        
     00000000  l_OSEG                          
     00000000  l_PREG                          
     00000000  l_RSEG                          
     00000000  l__CODE                         
     00000000  s_CABS                          
     00000000  s_DABS                          
     00000000  s_HEADER                        
     00000000  s_HEADER1                       
     00000000  s_HEADER3                       
     00000000  s_PREG                          
     00000000  s_PREG2                         
     00000000  s_RSEG                          
     00000000  s_RSEG0                         
     00000000  s__CODE                         
     00000001  l_SSEG                          
     00000002  __sp                               pdk_uart
     00000002  l_GSFINAL                       
     00000002  l_HEADER1                       
     00000002  l_HOME                          
     00000002  l_PREG2                         
     00000002  s_DATA                          
     00000003  __clkmd                            pdk_uart
     00000004  __inten                            pdk_uart
     00000004  l_RSEG0                         
     00000005  __intrq                            pdk_uart
     00000006  __t16m                             pdk_uart
     0000000A  __eoscr                            pdk_uart
     0000000A  l_CONST                         
     0000000B  __ihrcr                            pdk_uart
     0000000C  __integs                           pdk_uart
     0000000D  __padier                           pdk_uart
     0000000E  __pbdier                           pdk_uart
     0000000F  __pcdier                           pdk_uart
     00000010  __pa                               pdk_uart
     00000010  l_HEADER3                       
     00000011  __pac                              pdk_uart
     00000012  __paph                             pdk_uart
     00000013  __pb                               pdk_uart
     00000014  __pbc                              pdk_uart
     00000015  __pbph                             pdk_uart
     00000016  __pc                               pdk_uart
     00000017  __pcc                              pdk_uart
     00000018  __pcph                             pdk_uart
     00000019  __pbpl                             pdk_uart
     0000001A  __pcpl                             pdk_uart
ASxxxx Linker V03.00 + NoICE + sdld,  page 2.
Hexadecimal  [32-Bits]

Area                                    Addr        Size        Decimal Bytes (Attributes)
--------------------------------        ----        ----        ------- ----- ------------
.  .ABS.                            00000000    00000000 =           0. bytes (ABS,CON)

      Value  Global                              Global Defined In Module
      -----  --------------------------------   ------------------------
     00000020  __adcc                             pdk_uart
     00000021  __adcm                             pdk_uart
     00000022  __adcr                             pdk_uart
     00000022  l_GSINIT                        
     00000022  s_HOME                          
     00000024  __adcrgc                           pdk_uart
     00000024  s_GSINIT                        
     00000026  __misc                             pdk_uart
     00000027  __misc2                            pdk_uart
     00000028  __misclvr                          pdk_uart
     0000002B  __gpcc                             pdk_uart
     0000002C  __gpcs                             pdk_uart
     00000030  __tm2c                             pdk_uart
     00000031  __tm2ct                            pdk_uart
     00000032  __tm2s                             pdk_uart
     00000033  __tm2b                             pdk_uart
     00000034  __tm3c                             pdk_uart
     00000035  __tm3ct                            pdk_uart
     00000036  __tm3s                             pdk_uart
     00000037  __tm3b                             pdk_uart
     00000040  __pwmg0c                           pdk_uart
     00000041  __pwmgclk                          pdk_uart
     00000042  __pwmg0dth                         pdk_uart
     00000043  __pwmg0dtl                         pdk_uart
     00000044  __pwmgcubh                         pdk_uart
     00000045  __pwmgcubl                         pdk_uart
     00000046  __pwmg1c                           pdk_uart
     00000046  s_GSFINAL                       
     00000048  __pwmg1dth                         pdk_uart
     00000048  s_CODE                          
     00000049  __pwmg1dtl                         pdk_uart
     0000004C  __pwmg2c                           pdk_uart
     0000004E  __pwmg2dth                         pdk_uart
     0000004F  __pwmg2dtl                         pdk_uart
     00000050  l_DATA                          
     00000052  s_OSEG                          
     00000052  s_SSEG                          
     00000062  __ilrcr                            pdk_uart
     00000063  __bgtr                             pdk_uart
     00000067  __rop                              pdk_uart
     00000210  l_CODE                          
     00000258  s_CONST                         

ASxxxx Linker V03.00 + NoICE + sdld,  page 3.
Hexadecimal  [32-Bits]

Area                                    Addr        Size        Decimal Bytes (Attributes)
--------------------------------        ----        ----        ------- ----- ------------
DATA                                00000002    00000050 =          80. bytes (REL,CON)

      Value  Global                              Global Defined In Module
      -----  --------------------------------   ------------------------
     00000002  _x                                 pfs173_uart
     00000003  _u                                 pfs173_uart
     00000017  _i                                 pfs173_uart
     00000039  _qin                               pdk_uart
     0000003A  _start_bit                         pdk_uart
     0000003B  _qout                              pdk_uart
     0000003C  _flag_rx_off                       pdk_uart
     0000003D  _flag_rx_ready                     pdk_uart
     0000003E  _flag_tx_busy                      pdk_uart
     0000003F  _bits_left_in_tx                   pdk_uart
     00000040  _internal_tx_buffer                pdk_uart
     00000042  _UART_putC_PARM_1                  pdk_uart
     00000043  _UART_print_PARM_1                 pdk_uart
     0000004B  __delay_loop_8_PARM_1              delay
     0000004C  __delay_loop_16_PARM_1             delay
     0000004E  __delay_loop_32_PARM_1             delay

ASxxxx Linker V03.00 + NoICE + sdld,  page 4.
Hexadecimal  [32-Bits]

Area                                    Addr        Size        Decimal Bytes (Attributes)
--------------------------------        ----        ----        ------- ----- ------------
RSEG0                               00000000    00000004 =           4. bytes (ABS,CON)

      Value  Global                              Global Defined In Module
      -----  --------------------------------   ------------------------
     00000002  __t16c                             pdk_uart

ASxxxx Linker V03.00 + NoICE + sdld,  page 5.
Hexadecimal  [32-Bits]

Area                                    Addr        Size        Decimal Bytes (Attributes)
--------------------------------        ----        ----        ------- ----- ------------
SSEG                                00000052    00000001 =           1. bytes (REL,CON)

      Value  Global                              Global Defined In Module
      -----  --------------------------------   ------------------------
ASxxxx Linker V03.00 + NoICE + sdld,  page 6.
Hexadecimal  [32-Bits]

Area                                    Addr        Size        Decimal Bytes (Attributes)
--------------------------------        ----        ----        ------- ----- ------------
HOME                                00000022    00000002 =           2. bytes (REL,CON)

      Value  Global                              Global Defined In Module
      -----  --------------------------------   ------------------------
ASxxxx Linker V03.00 + NoICE + sdld,  page 7.
Hexadecimal  [32-Bits]

Area                                    Addr        Size        Decimal Bytes (Attributes)
--------------------------------        ----        ----        ------- ----- ------------
HEADER1                             00000000    00000002 =           2. bytes (ABS,CON)

      Value  Global                              Global Defined In Module
      -----  --------------------------------   ------------------------
ASxxxx Linker V03.00 + NoICE + sdld,  page 8.
Hexadecimal  [32-Bits]

Area                                    Addr        Size        Decimal Bytes (Attributes)
--------------------------------        ----        ----        ------- ----- ------------
GSINIT                              00000024    00000022 =          34. bytes (REL,CON)

      Value  Global                              Global Defined In Module
      -----  --------------------------------   ------------------------
ASxxxx Linker V03.00 + NoICE + sdld,  page 9.
Hexadecimal  [32-Bits]

Area                                    Addr        Size        Decimal Bytes (Attributes)
--------------------------------        ----        ----        ------- ----- ------------
GSFINAL                             00000046    00000002 =           2. bytes (REL,CON)

      Value  Global                              Global Defined In Module
      -----  --------------------------------   ------------------------
ASxxxx Linker V03.00 + NoICE + sdld,  page 10.
Hexadecimal  [32-Bits]

Area                                    Addr        Size        Decimal Bytes (Attributes)
--------------------------------        ----        ----        ------- ----- ------------
PREG2                               00000000    00000002 =           2. bytes (ABS,CON)

      Value  Global                              Global Defined In Module
      -----  --------------------------------   ------------------------
     00000000  p                                  pfs173_uart

ASxxxx Linker V03.00 + NoICE + sdld,  page 11.
Hexadecimal  [32-Bits]

Area                                    Addr        Size        Decimal Bytes (Attributes)
--------------------------------        ----        ----        ------- ----- ------------
HEADER3                             00000000    00000010 =          16. bytes (ABS,CON)

      Value  Global                              Global Defined In Module
      -----  --------------------------------   ------------------------
ASxxxx Linker V03.00 + NoICE + sdld,  page 12.
Hexadecimal  [32-Bits]

Area                                    Addr        Size        Decimal Bytes (Attributes)
--------------------------------        ----        ----        ------- ----- ------------
CODE                                00000048    00000210 =         528. bytes (REL,CON)

      Value  Global                              Global Defined In Module
      -----  --------------------------------   ------------------------
     00000048  __sdcc_external_startup            pfs173_uart
     00000062  _main                              pfs173_uart
     00000080  _interrupt                         pfs173_uart
     000000A6  _UART_IO_config                    pdk_uart
     000000C0  _UART_begin                        pdk_uart
     000000D2  _UART_rx_on                        pdk_uart
     000000D6  _UART_rx_off                       pdk_uart
     000000DC  _UART_getchar                      pdk_uart
     000000FC  _UART_kbhit                        pdk_uart
     0000010C  _UART_flush_input_buffer           pdk_uart
     00000112  _UART_transmit_busy                pdk_uart
     00000122  _UART_putC                         pdk_uart
     00000144  _UART_print                        pdk_uart
     00000170  _TIM2_interrupt                    pdk_uart
     00000202  _PB5_interrupt                     pdk_uart
     00000212  __delay_loop_8                     delay
     00000218  __delay_loop_16                    delay
     00000228  __delay_loop_32                    delay
     00000240  __gptrget                          __gptrget

ASxxxx Linker V03.00 + NoICE + sdld,  page 13.
Hexadecimal  [32-Bits]

Area                                    Addr        Size        Decimal Bytes (Attributes)
--------------------------------        ----        ----        ------- ----- ------------
CONST                               00000258    0000000A =          10. bytes (REL,CON)

      Value  Global                              Global Defined In Module
      -----  --------------------------------   ------------------------
ASxxxx Linker V03.00 + NoICE + sdld,  page 14.

Files Linked                              [ module(s) ]

pfs173_uart.rel                           [ pfs173_uart ]
pdk_uart.rel                              [ pdk_uart ]
delay.rel                                 [ delay ]


Libraries Linked                          [ object file ]

C:\PROGRA~1\SDCC\bin\..\lib\pdk15/pdk15.lib
                                          [ __gptrget.rel ]

ASxxxx Linker V03.00 + NoICE + sdld,  page 15.

User Base Address Definitions

HOME = 0x0022
DATA = 0x0002

