ASxxxx Linker V03.00 + NoICE + sdld,  page 1.
Hexadecimal  [32-Bits]

Area                                    Addr        Size        Decimal Bytes (Attributes)
--------------------------------        ----        ----        ------- ----- ------------
.  .ABS.                            00000000    00000000 =           0. bytes (ABS,CON)

      Value  Global                              Global Defined In Module
      -----  --------------------------------   ------------------------
     00000000  .__.ABS.                           pfs173_TamNuoc
     00000000  __flag                             pfs173_TamNuoc
     00000000  l_CABS                          
     00000000  l_CONST                         
     00000000  l_DABS                          
     00000000  l_HEADER                        
     00000000  l_OSEG                          
     00000000  l_PREG                          
     00000000  l_RSEG                          
     00000000  l__CODE                         
     00000000  s_CABS                          
     00000000  s_DABS                          
     00000000  s_HEADER                        
     00000000  s_HEADER1                       
     00000000  s_HEADER3                       
     00000000  s_PREG                          
     00000000  s_PREG2                         
     00000000  s_RSEG                          
     00000000  s_RSEG0                         
     00000000  s__CODE                         
     00000001  l_SSEG                          
     00000002  __sp                               pfs173_TamNuoc
     00000002  l_GSFINAL                       
     00000002  l_HEADER1                       
     00000002  l_HOME                          
     00000002  l_PREG2                         
     00000002  l_RSEG0                         
     00000002  s_DATA                          
     00000003  __clkmd                            pfs173_TamNuoc
     00000004  __inten                            pfs173_TamNuoc
     00000005  __intrq                            pfs173_TamNuoc
     00000006  __t16m                             pfs173_TamNuoc
     0000000A  __eoscr                            pfs173_TamNuoc
     0000000B  __ihrcr                            pfs173_TamNuoc
     0000000C  __integs                           pfs173_TamNuoc
     0000000D  __padier                           pfs173_TamNuoc
     0000000E  __pbdier                           pfs173_TamNuoc
     0000000F  __pcdier                           pfs173_TamNuoc
     00000010  __pa                               pfs173_TamNuoc
     00000010  l_HEADER3                       
     00000011  __pac                              pfs173_TamNuoc
     00000011  l_DATA                          
     00000012  __paph                             pfs173_TamNuoc
     00000013  __pb                               pfs173_TamNuoc
     00000013  s_OSEG                          
     00000013  s_SSEG                          
     00000014  __pbc                              pfs173_TamNuoc
     00000015  __pbph                             pfs173_TamNuoc
     00000016  __pc                               pfs173_TamNuoc
     00000017  __pcc                              pfs173_TamNuoc
ASxxxx Linker V03.00 + NoICE + sdld,  page 2.
Hexadecimal  [32-Bits]

Area                                    Addr        Size        Decimal Bytes (Attributes)
--------------------------------        ----        ----        ------- ----- ------------
.  .ABS.                            00000000    00000000 =           0. bytes (ABS,CON)

      Value  Global                              Global Defined In Module
      -----  --------------------------------   ------------------------
     00000018  __pcph                             pfs173_TamNuoc
     00000019  __pbpl                             pfs173_TamNuoc
     0000001A  __pcpl                             pfs173_TamNuoc
     00000020  __adcc                             pfs173_TamNuoc
     00000021  __adcm                             pfs173_TamNuoc
     00000022  __adcr                             pfs173_TamNuoc
     00000022  s_HOME                          
     00000024  __adcrgc                           pfs173_TamNuoc
     00000024  s_GSINIT                        
     00000026  __misc                             pfs173_TamNuoc
     00000027  __misc2                            pfs173_TamNuoc
     00000028  __misclvr                          pfs173_TamNuoc
     00000028  l_GSINIT                        
     0000002B  __gpcc                             pfs173_TamNuoc
     0000002C  __gpcs                             pfs173_TamNuoc
     00000030  __tm2c                             pfs173_TamNuoc
     00000031  __tm2ct                            pfs173_TamNuoc
     00000032  __tm2s                             pfs173_TamNuoc
     00000033  __tm2b                             pfs173_TamNuoc
     00000034  __tm3c                             pfs173_TamNuoc
     00000035  __tm3ct                            pfs173_TamNuoc
     00000036  __tm3s                             pfs173_TamNuoc
     00000037  __tm3b                             pfs173_TamNuoc
     00000040  __pwmg0c                           pfs173_TamNuoc
     00000041  __pwmgclk                          pfs173_TamNuoc
     00000042  __pwmg0dth                         pfs173_TamNuoc
     00000043  __pwmg0dtl                         pfs173_TamNuoc
     00000044  __pwmgcubh                         pfs173_TamNuoc
     00000045  __pwmgcubl                         pfs173_TamNuoc
     00000046  __pwmg1c                           pfs173_TamNuoc
     00000048  __pwmg1dth                         pfs173_TamNuoc
     00000049  __pwmg1dtl                         pfs173_TamNuoc
     0000004C  __pwmg2c                           pfs173_TamNuoc
     0000004C  s_GSFINAL                       
     0000004E  __pwmg2dth                         pfs173_TamNuoc
     0000004E  s_CODE                          
     0000004F  __pwmg2dtl                         pfs173_TamNuoc
     00000062  __ilrcr                            pfs173_TamNuoc
     00000063  __bgtr                             pfs173_TamNuoc
     00000067  __rop                              pfs173_TamNuoc
     0000021C  l_CODE                          
     0000026A  s_CONST                         

ASxxxx Linker V03.00 + NoICE + sdld,  page 3.
Hexadecimal  [32-Bits]

Area                                    Addr        Size        Decimal Bytes (Attributes)
--------------------------------        ----        ----        ------- ----- ------------
DATA                                00000002    00000011 =          17. bytes (REL,CON)

      Value  Global                              Global Defined In Module
      -----  --------------------------------   ------------------------
     00000002  __delay_loop_8_PARM_1              pfs173_TamNuoc
     00000003  __delay_loop_16_PARM_1             pfs173_TamNuoc
     00000005  __delay_loop_32_PARM_1             pfs173_TamNuoc
     00000009  _timer_cnt                         pfs173_TamNuoc
     0000000A  _motor_val                         pfs173_TamNuoc
     0000000B  _mode                              pfs173_TamNuoc
     0000000C  _mode3                             pfs173_TamNuoc
     0000000E  _on_flag                           pfs173_TamNuoc
     0000000F  _adc_val                           pfs173_TamNuoc
     00000010  _i                                 pfs173_TamNuoc

ASxxxx Linker V03.00 + NoICE + sdld,  page 4.
Hexadecimal  [32-Bits]

Area                                    Addr        Size        Decimal Bytes (Attributes)
--------------------------------        ----        ----        ------- ----- ------------
RSEG0                               00000000    00000002 =           2. bytes (ABS,CON)

      Value  Global                              Global Defined In Module
      -----  --------------------------------   ------------------------
     00000000  __t16c                             pfs173_TamNuoc

ASxxxx Linker V03.00 + NoICE + sdld,  page 5.
Hexadecimal  [32-Bits]

Area                                    Addr        Size        Decimal Bytes (Attributes)
--------------------------------        ----        ----        ------- ----- ------------
SSEG                                00000013    00000001 =           1. bytes (REL,CON)

      Value  Global                              Global Defined In Module
      -----  --------------------------------   ------------------------
ASxxxx Linker V03.00 + NoICE + sdld,  page 6.
Hexadecimal  [32-Bits]

Area                                    Addr        Size        Decimal Bytes (Attributes)
--------------------------------        ----        ----        ------- ----- ------------
HOME                                00000022    00000002 =           2. bytes (REL,CON)

      Value  Global                              Global Defined In Module
      -----  --------------------------------   ------------------------
ASxxxx Linker V03.00 + NoICE + sdld,  page 7.
Hexadecimal  [32-Bits]

Area                                    Addr        Size        Decimal Bytes (Attributes)
--------------------------------        ----        ----        ------- ----- ------------
HEADER1                             00000000    00000002 =           2. bytes (ABS,CON)

      Value  Global                              Global Defined In Module
      -----  --------------------------------   ------------------------
ASxxxx Linker V03.00 + NoICE + sdld,  page 8.
Hexadecimal  [32-Bits]

Area                                    Addr        Size        Decimal Bytes (Attributes)
--------------------------------        ----        ----        ------- ----- ------------
GSINIT                              00000024    00000028 =          40. bytes (REL,CON)

      Value  Global                              Global Defined In Module
      -----  --------------------------------   ------------------------
ASxxxx Linker V03.00 + NoICE + sdld,  page 9.
Hexadecimal  [32-Bits]

Area                                    Addr        Size        Decimal Bytes (Attributes)
--------------------------------        ----        ----        ------- ----- ------------
GSFINAL                             0000004C    00000002 =           2. bytes (REL,CON)

      Value  Global                              Global Defined In Module
      -----  --------------------------------   ------------------------
ASxxxx Linker V03.00 + NoICE + sdld,  page 10.
Hexadecimal  [32-Bits]

Area                                    Addr        Size        Decimal Bytes (Attributes)
--------------------------------        ----        ----        ------- ----- ------------
PREG2                               00000000    00000002 =           2. bytes (ABS,CON)

      Value  Global                              Global Defined In Module
      -----  --------------------------------   ------------------------
     00000000  p                                  pfs173_TamNuoc

ASxxxx Linker V03.00 + NoICE + sdld,  page 11.
Hexadecimal  [32-Bits]

Area                                    Addr        Size        Decimal Bytes (Attributes)
--------------------------------        ----        ----        ------- ----- ------------
HEADER3                             00000000    00000010 =          16. bytes (ABS,CON)

      Value  Global                              Global Defined In Module
      -----  --------------------------------   ------------------------
ASxxxx Linker V03.00 + NoICE + sdld,  page 12.
Hexadecimal  [32-Bits]

Area                                    Addr        Size        Decimal Bytes (Attributes)
--------------------------------        ----        ----        ------- ----- ------------
CODE                                0000004E    0000021C =         540. bytes (REL,CON)

      Value  Global                              Global Defined In Module
      -----  --------------------------------   ------------------------
     0000004E  __delay_loop_8                     pfs173_TamNuoc
     00000054  __delay_loop_16                    pfs173_TamNuoc
     00000064  __delay_loop_32                    pfs173_TamNuoc
     0000007C  __sdcc_external_startup            pfs173_TamNuoc
     00000096  _GPIO_begin                        pfs173_TamNuoc
     000000C8  _ADC_read                          pfs173_TamNuoc
     000000D6  _TIM3_begin                        pfs173_TamNuoc
     000000E6  _main                              pfs173_TamNuoc
     000001F2  _interrupt                         pfs173_TamNuoc
ASxxxx Linker V03.00 + NoICE + sdld,  page 13.

Files Linked                              [ module(s) ]

pfs173_TamNuoc.rel                        [ pfs173_TamNuoc ]

ASxxxx Linker V03.00 + NoICE + sdld,  page 14.

User Base Address Definitions

HOME = 0x0022
DATA = 0x0002

