ASxxxx Linker V03.00 + NoICE + sdld,  page 1.
Hexadecimal  [32-Bits]

Area                                    Addr        Size        Decimal Bytes (Attributes)
--------------------------------        ----        ----        ------- ----- ------------
.  .ABS.                            00000000    00000000 =           0. bytes (ABS,CON)

      Value  Global                              Global Defined In Module
      -----  --------------------------------   ------------------------
     00000000  .__.ABS.                           __gptrget
     00000000  __flag                             pdk_24c
     00000000  l_CABS                          
     00000000  l_DABS                          
     00000000  l_HEADER                        
     00000000  l_PREG                          
     00000000  l_RSEG                          
     00000000  l__CODE                         
     00000000  s_CABS                          
     00000000  s_DABS                          
     00000000  s_HEADER                        
     00000000  s_HEADER1                       
     00000000  s_HEADER3                       
     00000000  s_PREG                          
     00000000  s_PREG2                         
     00000000  s_RSEG                          
     00000000  s_RSEG0                         
     00000000  s__CODE                         
     00000001  l_SSEG                          
     00000002  __sp                               pdk_24c
     00000002  l_GSFINAL                       
     00000002  l_HEADER1                       
     00000002  l_HOME                          
     00000002  l_PREG2                         
     00000002  s_DATA                          
     00000003  __clkmd                            pdk_24c
     00000003  l_OSEG                          
     00000004  __inten                            pdk_24c
     00000005  __intrq                            pdk_24c
     00000006  __t16m                             pdk_24c
     00000008  l_RSEG0                         
     0000000A  __eoscr                            pdk_24c
     0000000B  __ihrcr                            pdk_24c
     0000000C  __integs                           pdk_24c
     0000000D  __padier                           pdk_24c
     0000000E  __pbdier                           pdk_24c
     0000000E  l_CONST                         
     0000000F  __pcdier                           pdk_24c
     00000010  __pa                               pdk_24c
     00000010  l_HEADER3                       
     00000011  __pac                              pdk_24c
     00000012  __paph                             pdk_24c
     00000013  __pb                               pdk_24c
     00000014  __pbc                              pdk_24c
     00000015  __pbph                             pdk_24c
     00000016  __pc                               pdk_24c
     00000017  __pcc                              pdk_24c
     00000018  __pcph                             pdk_24c
     00000019  __pbpl                             pdk_24c
     0000001A  __pcpl                             pdk_24c
ASxxxx Linker V03.00 + NoICE + sdld,  page 2.
Hexadecimal  [32-Bits]

Area                                    Addr        Size        Decimal Bytes (Attributes)
--------------------------------        ----        ----        ------- ----- ------------
.  .ABS.                            00000000    00000000 =           0. bytes (ABS,CON)

      Value  Global                              Global Defined In Module
      -----  --------------------------------   ------------------------
     00000020  __adcc                             pdk_24c
     00000021  __adcm                             pdk_24c
     00000022  __adcr                             pdk_24c
     00000022  s_HOME                          
     00000024  __adcrgc                           pdk_24c
     00000024  s_GSINIT                        
     00000026  __misc                             pdk_24c
     00000027  __misc2                            pdk_24c
     00000028  __misclvr                          pdk_24c
     0000002B  __gpcc                             pdk_24c
     0000002C  __gpcs                             pdk_24c
     00000030  __tm2c                             pdk_24c
     00000031  __tm2ct                            pdk_24c
     00000032  __tm2s                             pdk_24c
     00000033  __tm2b                             pdk_24c
     00000034  __tm3c                             pdk_24c
     00000035  __tm3ct                            pdk_24c
     00000036  __tm3s                             pdk_24c
     00000037  __tm3b                             pdk_24c
     00000040  __pwmg0c                           pdk_24c
     00000041  __pwmgclk                          pdk_24c
     00000042  __pwmg0dth                         pdk_24c
     00000042  l_GSINIT                        
     00000043  __pwmg0dtl                         pdk_24c
     00000044  __pwmgcubh                         pdk_24c
     00000045  __pwmgcubl                         pdk_24c
     00000046  __pwmg1c                           pdk_24c
     00000048  __pwmg1dth                         pdk_24c
     00000049  __pwmg1dtl                         pdk_24c
     0000004C  __pwmg2c                           pdk_24c
     0000004E  __pwmg2dth                         pdk_24c
     0000004F  __pwmg2dtl                         pdk_24c
     00000062  __ilrcr                            pdk_24c
     00000063  __bgtr                             pdk_24c
     00000066  s_GSFINAL                       
     00000067  __rop                              pdk_24c
     00000068  s_CODE                          
     000000DE  l_DATA                          
     000000E0  s_OSEG                          
     000000E3  s_SSEG                          
     000008E2  l_CODE                          
     0000094A  s_CONST                         

ASxxxx Linker V03.00 + NoICE + sdld,  page 3.
Hexadecimal  [32-Bits]

Area                                    Addr        Size        Decimal Bytes (Attributes)
--------------------------------        ----        ----        ------- ----- ------------
DATA                                00000002    000000DE =         222. bytes (REL,CON)

      Value  Global                              Global Defined In Module
      -----  --------------------------------   ------------------------
     00000002  _arr                               pfs173_T_LED
     0000000C  _arr2                              pfs173_T_LED
     00000016  _u                                 pfs173_T_LED
     0000002A  _i                                 pfs173_T_LED
     0000004C  _qin                               pdk_uart
     0000004D  _start_bit                         pdk_uart
     0000004E  _qout                              pdk_uart
     0000004F  _flag_rx_off                       pdk_uart
     00000050  _flag_rx_ready                     pdk_uart
     00000051  _flag_tx_busy                      pdk_uart
     00000052  _bits_left_in_tx                   pdk_uart
     00000053  _internal_tx_buffer                pdk_uart
     00000055  _UART_putC_PARM_1                  pdk_uart
     00000056  _UART_print_PARM_1                 pdk_uart
     0000005A  _UART_printNum_PARM_1              pdk_uart
     00000065  _rxBufferIndex                     pdk_i2c
     00000066  _rxBufferLength                    pdk_i2c
     00000067  _rxBuffer                          pdk_i2c
     00000077  _txBufferIndex                     pdk_i2c
     00000078  _txBufferLength                    pdk_i2c
     00000079  _txBuffer                          pdk_i2c
     00000089  _I2C_write_t_PARM_1                pdk_i2c
     0000008B  _I2C_read_t_PARM_1                 pdk_i2c
     0000008E  _I2C_beginTransmission_PARM_1      pdk_i2c
     0000008F  _I2C_write_PARM_1                  pdk_i2c
     00000090  _I2C_writeBuf_PARM_1               pdk_i2c
     00000092  _I2C_writeBuf_PARM_2               pdk_i2c
     00000095  _I2C_requestFrom_PARM_1            pdk_i2c
     00000096  _I2C_requestFrom_PARM_2            pdk_i2c
     0000009B  __delay_loop_8_PARM_1              delay
     0000009C  __delay_loop_16_PARM_1             delay
     0000009E  __delay_loop_32_PARM_1             delay
     000000A2  _AT24C_write_PARM_1                pdk_24c
     000000A4  _AT24C_write_PARM_2                pdk_24c
     000000A6  _AT24C_read_PARM_1                 pdk_24c
     000000AB  _AT24C_writeBuf_PARM_1             pdk_24c
     000000AD  _AT24C_writeBuf_PARM_2             pdk_24c
     000000AF  _AT24C_writeBuf_PARM_3             pdk_24c
     000000B3  _AT24C_writeBuf2_PARM_1            pdk_24c
     000000B5  _AT24C_writeBuf2_PARM_2            pdk_24c
     000000B7  _AT24C_writeBuf2_PARM_3            pdk_24c
     000000BA  _AT24C_readBuf_PARM_1              pdk_24c
     000000BC  _AT24C_readBuf_PARM_2              pdk_24c
     000000BE  _AT24C_readBuf_PARM_3              pdk_24c
     000000C5  __modsint_PARM_1                   _modsint
     000000C7  __modsint_PARM_2                   _modsint
     000000CE  __moduint_PARM_1                   _moduint
     000000D0  __moduint_PARM_2                   _moduint
     000000D2  __divsint_PARM_1                   _divsint
     000000D4  __divsint_PARM_2                   _divsint
ASxxxx Linker V03.00 + NoICE + sdld,  page 4.
Hexadecimal  [32-Bits]

Area                                    Addr        Size        Decimal Bytes (Attributes)
--------------------------------        ----        ----        ------- ----- ------------
DATA                                00000002    000000DE =         222. bytes (REL,CON)

      Value  Global                              Global Defined In Module
      -----  --------------------------------   ------------------------
     000000DC  __divuint_PARM_1                   _divuint
     000000DE  __divuint_PARM_2                   _divuint

ASxxxx Linker V03.00 + NoICE + sdld,  page 5.
Hexadecimal  [32-Bits]

Area                                    Addr        Size        Decimal Bytes (Attributes)
--------------------------------        ----        ----        ------- ----- ------------
OSEG                                000000E0    00000003 =           3. bytes (REL,OVR)

      Value  Global                              Global Defined In Module
      -----  --------------------------------   ------------------------
ASxxxx Linker V03.00 + NoICE + sdld,  page 6.
Hexadecimal  [32-Bits]

Area                                    Addr        Size        Decimal Bytes (Attributes)
--------------------------------        ----        ----        ------- ----- ------------
RSEG0                               00000000    00000008 =           8. bytes (ABS,CON)

      Value  Global                              Global Defined In Module
      -----  --------------------------------   ------------------------
     00000006  __t16c                             pdk_24c

ASxxxx Linker V03.00 + NoICE + sdld,  page 7.
Hexadecimal  [32-Bits]

Area                                    Addr        Size        Decimal Bytes (Attributes)
--------------------------------        ----        ----        ------- ----- ------------
SSEG                                000000E3    00000001 =           1. bytes (REL,CON)

      Value  Global                              Global Defined In Module
      -----  --------------------------------   ------------------------
ASxxxx Linker V03.00 + NoICE + sdld,  page 8.
Hexadecimal  [32-Bits]

Area                                    Addr        Size        Decimal Bytes (Attributes)
--------------------------------        ----        ----        ------- ----- ------------
HOME                                00000022    00000002 =           2. bytes (REL,CON)

      Value  Global                              Global Defined In Module
      -----  --------------------------------   ------------------------
ASxxxx Linker V03.00 + NoICE + sdld,  page 9.
Hexadecimal  [32-Bits]

Area                                    Addr        Size        Decimal Bytes (Attributes)
--------------------------------        ----        ----        ------- ----- ------------
HEADER1                             00000000    00000002 =           2. bytes (ABS,CON)

      Value  Global                              Global Defined In Module
      -----  --------------------------------   ------------------------
ASxxxx Linker V03.00 + NoICE + sdld,  page 10.
Hexadecimal  [32-Bits]

Area                                    Addr        Size        Decimal Bytes (Attributes)
--------------------------------        ----        ----        ------- ----- ------------
GSINIT                              00000024    00000042 =          66. bytes (REL,CON)

      Value  Global                              Global Defined In Module
      -----  --------------------------------   ------------------------
ASxxxx Linker V03.00 + NoICE + sdld,  page 11.
Hexadecimal  [32-Bits]

Area                                    Addr        Size        Decimal Bytes (Attributes)
--------------------------------        ----        ----        ------- ----- ------------
GSFINAL                             00000066    00000002 =           2. bytes (REL,CON)

      Value  Global                              Global Defined In Module
      -----  --------------------------------   ------------------------
ASxxxx Linker V03.00 + NoICE + sdld,  page 12.
Hexadecimal  [32-Bits]

Area                                    Addr        Size        Decimal Bytes (Attributes)
--------------------------------        ----        ----        ------- ----- ------------
PREG2                               00000000    00000002 =           2. bytes (ABS,CON)

      Value  Global                              Global Defined In Module
      -----  --------------------------------   ------------------------
     00000000  p                                  pfs173_T_LED

ASxxxx Linker V03.00 + NoICE + sdld,  page 13.
Hexadecimal  [32-Bits]

Area                                    Addr        Size        Decimal Bytes (Attributes)
--------------------------------        ----        ----        ------- ----- ------------
HEADER3                             00000000    00000010 =          16. bytes (ABS,CON)

      Value  Global                              Global Defined In Module
      -----  --------------------------------   ------------------------
ASxxxx Linker V03.00 + NoICE + sdld,  page 14.
Hexadecimal  [32-Bits]

Area                                    Addr        Size        Decimal Bytes (Attributes)
--------------------------------        ----        ----        ------- ----- ------------
CODE                                00000068    000008E2 =        2274. bytes (REL,CON)

      Value  Global                              Global Defined In Module
      -----  --------------------------------   ------------------------
     00000068  __sdcc_external_startup            pfs173_T_LED
     00000082  _main                              pfs173_T_LED
     000000DC  _interrupt                         pfs173_T_LED
     00000102  _UART_IO_config                    pdk_uart
     00000122  _UART_begin                        pdk_uart
     00000134  _UART_rx_on                        pdk_uart
     00000138  _UART_rx_off                       pdk_uart
     0000013E  _UART_getchar                      pdk_uart
     0000015E  _UART_kbhit                        pdk_uart
     0000016E  _UART_flush_input_buffer           pdk_uart
     00000174  _UART_transmit_busy                pdk_uart
     00000184  _UART_putC                         pdk_uart
     000001A6  _UART_print                        pdk_uart
     000001D2  _UART_printNum                     pdk_uart
     00000306  _TIM2_interrupt                    pdk_uart
     0000039C  _PA4_interrupt                     pdk_uart
     000003AC  _I2C_Ack                           pdk_i2c
     000003CC  _I2C_NoAck                         pdk_i2c
     000003EC  _I2C_start                         pdk_i2c
     00000408  _I2C_stop                          pdk_i2c
     00000424  _I2C_write_t                       pdk_i2c
     00000468  _I2C_read_t                        pdk_i2c
     000004AE  _I2C_beginTransmission             pdk_i2c
     000004BE  _I2C_write                         pdk_i2c
     000004D0  _I2C_writeBuf                      pdk_i2c
     000004F0  _I2C_endTransmission               pdk_i2c
     0000050E  _I2C_requestFrom                   pdk_i2c
     00000572  _I2C_read                          pdk_i2c
     0000058E  _I2C_available                     pdk_i2c
     00000594  _I2C_begin                         pdk_i2c
     0000059A  __delay_loop_8                     delay
     000005A0  __delay_loop_16                    delay
     000005B0  __delay_loop_32                    delay
     000005C8  _AT24C_write                       pdk_24c
     0000061A  _AT24C_read                        pdk_24c
     00000650  _AT24C_erase                       pdk_24c
     00000682  _AT24C_writeBuf                    pdk_24c
     000006DE  _AT24C_writeBuf2                   pdk_24c
     00000736  _AT24C_readBuf                     pdk_24c
     000007A4  __modsint                          _modsint
     00000816  __moduint                          _moduint
     00000872  __divsint                          _divsint
     000008EC  __divuint                          _divuint
     00000932  __gptrget                          __gptrget

ASxxxx Linker V03.00 + NoICE + sdld,  page 15.
Hexadecimal  [32-Bits]

Area                                    Addr        Size        Decimal Bytes (Attributes)
--------------------------------        ----        ----        ------- ----- ------------
CONST                               0000094A    0000000E =          14. bytes (REL,CON)

      Value  Global                              Global Defined In Module
      -----  --------------------------------   ------------------------
ASxxxx Linker V03.00 + NoICE + sdld,  page 16.

Files Linked                              [ module(s) ]

pfs173_T_LED.rel                          [ pfs173_T_LED ]
pdk_uart.rel                              [ pdk_uart ]
pdk_i2c.rel                               [ pdk_i2c ]
delay.rel                                 [ delay ]
pdk_24c.rel                               [ pdk_24c ]


Libraries Linked                          [ object file ]

C:\PROGRA~1\SDCC\bin\..\lib\pdk15/pdk15.lib
                                          [ _modsint.rel ]
C:\PROGRA~1\SDCC\bin\..\lib\pdk15/pdk15.lib
                                          [ _moduint.rel ]
C:\PROGRA~1\SDCC\bin\..\lib\pdk15/pdk15.lib
                                          [ _divsint.rel ]
C:\PROGRA~1\SDCC\bin\..\lib\pdk15/pdk15.lib
                                          [ _divuint.rel ]
C:\PROGRA~1\SDCC\bin\..\lib\pdk15/pdk15.lib
                                          [ __gptrget.rel ]

ASxxxx Linker V03.00 + NoICE + sdld,  page 17.

User Base Address Definitions

HOME = 0x0022
DATA = 0x0002

